self-check ok (nfock=4, use_bs=False, worst FD rel err 0.00e+00)
per-iter log: data/results/h4_hybrid_L11_nobs_r0070_iters.jsonl
live snapshot: data/results/h4_hybrid_L11_nobs_r0070_live.json

=== build H4 JWT Hamiltonian at R=0.70 Å ===
=== r=0.70 Å   FCI(pyscf)=-2.1069969151  eig=-2.1069969151  paper_fci=-2.10699692  paper_SNAP_D20=-2.1069969178094183 ===
-- r=0.70  (ECD+SNAP)^11 + ECD   npar=470 --
    iter=1 E=0.5417061625 nfev=4 t=9.3s remaining=1999
    iter=2 E=0.4838878676 nfev=5 t=11.5s remaining=1998
    iter=3 E=0.3819445043 nfev=6 t=13.6s remaining=1997
    iter=4 E=0.2291028650 nfev=7 t=15.6s remaining=1996
    iter=5 E=0.2005325879 nfev=8 t=17.7s remaining=1995
    iter=6 E=0.1545999940 nfev=9 t=19.9s remaining=1994
    iter=7 E=0.0712211217 nfev=10 t=22.1s remaining=1993
    iter=8 E=-0.0601666901 nfev=11 t=24.3s remaining=1992
    iter=9 E=-0.1313242588 nfev=13 t=28.7s remaining=1991
    iter=10 E=-0.2076054024 nfev=14 t=31.2s remaining=1990
    iter=11 E=-0.2982897322 nfev=15 t=33.3s remaining=1989
    iter=12 E=-0.3177137353 nfev=16 t=35.5s remaining=1988
    iter=13 E=-0.3485578718 nfev=17 t=37.7s remaining=1987
    iter=14 E=-0.3992193823 nfev=18 t=39.9s remaining=1986
    iter=15 E=-0.4768647891 nfev=19 t=41.9s remaining=1985
    iter=16 E=-0.5753414893 nfev=20 t=44.0s remaining=1984
    iter=17 E=-0.6642720413 nfev=21 t=46.2s remaining=1983
    iter=18 E=-0.7014618159 nfev=22 t=48.2s remaining=1982
    iter=19 E=-0.7544620688 nfev=23 t=50.3s remaining=1981
    iter=20 E=-0.8090944484 nfev=24 t=52.3s remaining=1980
    iter=21 E=-0.8530571463 nfev=25 t=54.4s remaining=1979
    iter=22 E=-0.8982150677 nfev=26 t=56.5s remaining=1978
    iter=23 E=-0.9388992142 nfev=27 t=58.6s remaining=1977
    iter=24 E=-0.9852670494 nfev=28 t=60.6s remaining=1976
    iter=25 E=-1.0408410531 nfev=29 t=62.7s remaining=1975
    iter=26 E=-1.1067191968 nfev=30 t=64.7s remaining=1974
    iter=27 E=-1.1627664703 nfev=31 t=66.8s remaining=1973
    iter=28 E=-1.2075539955 nfev=32 t=68.9s remaining=1972
    iter=29 E=-1.2364426505 nfev=33 t=71.0s remaining=1971
    iter=30 E=-1.2837361510 nfev=34 t=73.1s remaining=1970
    iter=31 E=-1.3320296803 nfev=35 t=75.2s remaining=1969
    iter=32 E=-1.3868181528 nfev=36 t=77.2s remaining=1968
    iter=33 E=-1.4259914638 nfev=37 t=79.2s remaining=1967
    iter=34 E=-1.4622646326 nfev=38 t=81.3s remaining=1966
    iter=35 E=-1.4956351972 nfev=39 t=83.4s remaining=1965
    iter=36 E=-1.5374901714 nfev=40 t=85.4s remaining=1964
    iter=37 E=-1.5782398962 nfev=41 t=87.4s remaining=1963
    iter=38 E=-1.6248266763 nfev=42 t=89.5s remaining=1962
    iter=39 E=-1.6677824254 nfev=43 t=91.6s remaining=1961
    iter=40 E=-1.6922146712 nfev=44 t=93.7s remaining=1960
    iter=41 E=-1.7261870305 nfev=45 t=95.8s remaining=1959
    iter=42 E=-1.7647478322 nfev=46 t=97.8s remaining=1958
    iter=43 E=-1.7882646326 nfev=47 t=100.0s remaining=1957
    iter=44 E=-1.8225449075 nfev=48 t=102.1s remaining=1956
    iter=45 E=-1.8365072019 nfev=49 t=104.3s remaining=1955
    iter=46 E=-1.8565397611 nfev=50 t=106.4s remaining=1954
    iter=47 E=-1.8808615323 nfev=51 t=108.6s remaining=1953
    iter=48 E=-1.9039727748 nfev=52 t=110.7s remaining=1952
    iter=49 E=-1.9121817008 nfev=53 t=112.7s remaining=1951
    iter=50 E=-1.9245512397 nfev=54 t=114.8s remaining=1950
    iter=51 E=-1.9395943513 nfev=55 t=117.1s remaining=1949
    iter=52 E=-1.9563972146 nfev=56 t=119.5s remaining=1948
    iter=53 E=-1.9651260722 nfev=57 t=121.9s remaining=1947
    iter=54 E=-1.9755343609 nfev=58 t=124.3s remaining=1946
    iter=55 E=-1.9865606511 nfev=59 t=126.5s remaining=1945
    iter=56 E=-1.9988967037 nfev=60 t=128.5s remaining=1944
    iter=57 E=-2.0112395957 nfev=61 t=130.7s remaining=1943
    iter=58 E=-2.0132788166 nfev=62 t=132.8s remaining=1942
    iter=59 E=-2.0169565669 nfev=63 t=134.9s remaining=1941
    iter=60 E=-2.0231031910 nfev=64 t=137.0s remaining=1940
    iter=61 E=-2.0325064198 nfev=65 t=139.0s remaining=1939
    iter=62 E=-2.0386813295 nfev=66 t=141.1s remaining=1938
    iter=63 E=-2.0451136139 nfev=67 t=143.3s remaining=1937
    iter=64 E=-2.0493166812 nfev=68 t=145.5s remaining=1936
    iter=65 E=-2.0537934689 nfev=69 t=147.5s remaining=1935
    iter=66 E=-2.0573257639 nfev=70 t=149.7s remaining=1934
    iter=67 E=-2.0617364808 nfev=71 t=152.0s remaining=1933
    iter=68 E=-2.0652332526 nfev=72 t=154.2s remaining=1932
    iter=69 E=-2.0692672729 nfev=73 t=156.4s remaining=1931
    iter=70 E=-2.0705434952 nfev=74 t=158.4s remaining=1930
    iter=71 E=-2.0726174299 nfev=75 t=160.7s remaining=1929
    iter=72 E=-2.0754351759 nfev=76 t=163.0s remaining=1928
    iter=73 E=-2.0785793794 nfev=77 t=165.6s remaining=1927
    iter=74 E=-2.0801804875 nfev=79 t=170.1s remaining=1926
    iter=75 E=-2.0820805050 nfev=80 t=172.1s remaining=1925
    iter=76 E=-2.0841657234 nfev=81 t=174.3s remaining=1924
    iter=77 E=-2.0865244061 nfev=82 t=176.4s remaining=1923
    iter=78 E=-2.0876509908 nfev=84 t=180.5s remaining=1922
    iter=79 E=-2.0879935640 nfev=85 t=182.5s remaining=1921
    iter=80 E=-2.0885523433 nfev=86 t=184.5s remaining=1920
    iter=81 E=-2.0893270970 nfev=87 t=186.6s remaining=1919
    iter=82 E=-2.0898169094 nfev=88 t=188.7s remaining=1918
    iter=83 E=-2.0902679249 nfev=89 t=190.7s remaining=1917
    iter=84 E=-2.0905828023 nfev=90 t=193.1s remaining=1916
    iter=85 E=-2.0909590806 nfev=91 t=195.4s remaining=1915
    iter=86 E=-2.0913272606 nfev=92 t=197.6s remaining=1914
    iter=87 E=-2.0916885144 nfev=93 t=199.8s remaining=1913
    iter=88 E=-2.0919308589 nfev=94 t=202.2s remaining=1912
    iter=89 E=-2.0922916445 nfev=95 t=204.5s remaining=1911
    iter=90 E=-2.0926975536 nfev=96 t=206.8s remaining=1910
    iter=91 E=-2.0928776029 nfev=97 t=208.9s remaining=1909
    iter=92 E=-2.0931460635 nfev=98 t=211.2s remaining=1908
    iter=93 E=-2.0934413666 nfev=99 t=213.9s remaining=1907
    iter=94 E=-2.0936231371 nfev=100 t=216.5s remaining=1906
    iter=95 E=-2.0938794163 nfev=101 t=219.1s remaining=1905
    iter=96 E=-2.0942008881 nfev=102 t=221.7s remaining=1904
    iter=97 E=-2.0943981623 nfev=103 t=224.3s remaining=1903
    iter=98 E=-2.0945326811 nfev=104 t=226.9s remaining=1902
    iter=99 E=-2.0946715997 nfev=105 t=229.6s remaining=1901
    iter=100 E=-2.0948096406 nfev=106 t=232.2s remaining=1900
    iter=101 E=-2.0949852444 nfev=107 t=234.8s remaining=1899
    iter=102 E=-2.0952039108 nfev=108 t=237.4s remaining=1898
    iter=103 E=-2.0954093844 nfev=109 t=240.0s remaining=1897
    iter=104 E=-2.0956031411 nfev=110 t=242.7s remaining=1896
    iter=105 E=-2.0957603282 nfev=111 t=245.3s remaining=1895
    iter=106 E=-2.0959223429 nfev=112 t=247.9s remaining=1894
    iter=107 E=-2.0961131642 nfev=113 t=250.5s remaining=1893
    iter=108 E=-2.0963029836 nfev=114 t=253.1s remaining=1892
    iter=109 E=-2.0964825429 nfev=115 t=255.7s remaining=1891
    iter=110 E=-2.0965516546 nfev=116 t=258.4s remaining=1890
    iter=111 E=-2.0966667209 nfev=117 t=261.0s remaining=1889
    iter=112 E=-2.0968397400 nfev=118 t=263.6s remaining=1888
    iter=113 E=-2.0969859067 nfev=119 t=266.2s remaining=1887
    iter=114 E=-2.0971122395 nfev=120 t=268.7s remaining=1886
    iter=115 E=-2.0972367407 nfev=121 t=271.0s remaining=1885
    iter=116 E=-2.0973677230 nfev=122 t=273.3s remaining=1884
    iter=117 E=-2.0974387412 nfev=123 t=275.6s remaining=1883
    iter=118 E=-2.0975400467 nfev=124 t=277.8s remaining=1882
    iter=119 E=-2.0976774664 nfev=125 t=279.9s remaining=1881
    iter=120 E=-2.0977990613 nfev=126 t=282.2s remaining=1880
    iter=121 E=-2.0979134791 nfev=127 t=284.3s remaining=1879
    iter=122 E=-2.0980475298 nfev=128 t=286.5s remaining=1878
    iter=123 E=-2.0981938745 nfev=129 t=288.6s remaining=1877
    iter=124 E=-2.0982972101 nfev=130 t=290.8s remaining=1876
    iter=125 E=-2.0984205587 nfev=131 t=293.0s remaining=1875
    iter=126 E=-2.0985492367 nfev=132 t=295.1s remaining=1874
    iter=127 E=-2.0986857215 nfev=133 t=297.2s remaining=1873
    iter=128 E=-2.0988124928 nfev=134 t=299.3s remaining=1872
    iter=129 E=-2.0989519622 nfev=135 t=301.4s remaining=1871
    iter=130 E=-2.0991136479 nfev=136 t=303.6s remaining=1870
    iter=131 E=-2.0992767092 nfev=137 t=305.8s remaining=1869
    iter=132 E=-2.0994025125 nfev=138 t=307.9s remaining=1868
    iter=133 E=-2.0995500358 nfev=139 t=310.0s remaining=1867
    iter=134 E=-2.0997465348 nfev=140 t=312.1s remaining=1866
    iter=135 E=-2.0999322934 nfev=141 t=314.2s remaining=1865
    iter=136 E=-2.1000755689 nfev=142 t=316.3s remaining=1864
    iter=137 E=-2.1002253524 nfev=143 t=318.4s remaining=1863
    iter=138 E=-2.1004066759 nfev=144 t=320.5s remaining=1862
    iter=139 E=-2.1005474263 nfev=145 t=322.6s remaining=1861
    iter=140 E=-2.1006484057 nfev=146 t=324.8s remaining=1860
    iter=141 E=-2.1007331984 nfev=147 t=326.9s remaining=1859
    iter=142 E=-2.1008054551 nfev=148 t=329.0s remaining=1858
    iter=143 E=-2.1008994702 nfev=149 t=331.1s remaining=1857
    iter=144 E=-2.1010092046 nfev=150 t=333.2s remaining=1856
    iter=145 E=-2.1010923794 nfev=151 t=335.3s remaining=1855
    iter=146 E=-2.1011533171 nfev=152 t=337.4s remaining=1854
    iter=147 E=-2.1012179728 nfev=153 t=339.5s remaining=1853
    iter=148 E=-2.1012748554 nfev=154 t=341.6s remaining=1852
    iter=149 E=-2.1013370821 nfev=155 t=343.7s remaining=1851
    iter=150 E=-2.1014006499 nfev=156 t=345.8s remaining=1850
    iter=151 E=-2.1014571968 nfev=157 t=348.0s remaining=1849
    iter=152 E=-2.1015144579 nfev=158 t=350.1s remaining=1848
    iter=153 E=-2.1015881683 nfev=159 t=352.2s remaining=1847
    iter=154 E=-2.1016719725 nfev=160 t=354.3s remaining=1846
    iter=155 E=-2.1017402418 nfev=161 t=356.4s remaining=1845
    iter=156 E=-2.1018110098 nfev=162 t=358.5s remaining=1844
    iter=157 E=-2.1019022790 nfev=163 t=360.7s remaining=1843
    iter=158 E=-2.1019923195 nfev=164 t=362.8s remaining=1842
    iter=159 E=-2.1020985294 nfev=165 t=364.9s remaining=1841
    iter=160 E=-2.1021896004 nfev=166 t=367.0s remaining=1840
    iter=161 E=-2.1022641311 nfev=167 t=369.2s remaining=1839
    iter=162 E=-2.1023247178 nfev=168 t=371.3s remaining=1838
    iter=163 E=-2.1023869193 nfev=169 t=373.4s remaining=1837
    iter=164 E=-2.1024734189 nfev=170 t=375.5s remaining=1836
    iter=165 E=-2.1025563381 nfev=171 t=377.6s remaining=1835
    iter=166 E=-2.1026243922 nfev=172 t=379.7s remaining=1834
    iter=167 E=-2.1026848305 nfev=173 t=381.9s remaining=1833
    iter=168 E=-2.1027405529 nfev=174 t=384.0s remaining=1832
    iter=169 E=-2.1027812222 nfev=175 t=386.1s remaining=1831
    iter=170 E=-2.1028364143 nfev=176 t=388.2s remaining=1830
    iter=171 E=-2.1028956719 nfev=177 t=390.3s remaining=1829
    iter=172 E=-2.1029469463 nfev=178 t=392.4s remaining=1828
    iter=173 E=-2.1029943804 nfev=179 t=394.6s remaining=1827
    iter=174 E=-2.1030354848 nfev=180 t=396.9s remaining=1826
    iter=175 E=-2.1030789190 nfev=181 t=399.0s remaining=1825
    iter=176 E=-2.1031215984 nfev=182 t=401.1s remaining=1824
    iter=177 E=-2.1031750600 nfev=183 t=403.3s remaining=1823
    iter=178 E=-2.1032203467 nfev=184 t=405.4s remaining=1822
    iter=179 E=-2.1032621357 nfev=185 t=407.5s remaining=1821
    iter=180 E=-2.1032967363 nfev=186 t=409.6s remaining=1820
    iter=181 E=-2.1033279861 nfev=187 t=411.8s remaining=1819
    iter=182 E=-2.1033627673 nfev=188 t=413.9s remaining=1818
    iter=183 E=-2.1034004121 nfev=189 t=416.0s remaining=1817
    iter=184 E=-2.1034311925 nfev=190 t=418.1s remaining=1816
    iter=185 E=-2.1034567456 nfev=191 t=420.3s remaining=1815
    iter=186 E=-2.1034875097 nfev=192 t=422.4s remaining=1814
    iter=187 E=-2.1035229752 nfev=193 t=424.5s remaining=1813
    iter=188 E=-2.1035604337 nfev=194 t=426.6s remaining=1812
    iter=189 E=-2.1035962337 nfev=195 t=428.7s remaining=1811
    iter=190 E=-2.1036376008 nfev=196 t=430.8s remaining=1810
    iter=191 E=-2.1036798960 nfev=197 t=432.9s remaining=1809
    iter=192 E=-2.1037181020 nfev=198 t=435.1s remaining=1808
    iter=193 E=-2.1037493942 nfev=199 t=437.2s remaining=1807
    iter=194 E=-2.1037784400 nfev=200 t=439.3s remaining=1806
    iter=195 E=-2.1038079225 nfev=201 t=441.4s remaining=1805
    iter=196 E=-2.1038354981 nfev=202 t=443.6s remaining=1804
    iter=197 E=-2.1038680871 nfev=203 t=445.7s remaining=1803
    iter=198 E=-2.1039069155 nfev=204 t=447.8s remaining=1802
    iter=199 E=-2.1039507966 nfev=205 t=449.9s remaining=1801
    iter=200 E=-2.1040011127 nfev=206 t=452.1s remaining=1800
    iter=201 E=-2.1040415614 nfev=207 t=454.2s remaining=1799
    iter=202 E=-2.1040711712 nfev=208 t=456.3s remaining=1798
    iter=203 E=-2.1041004400 nfev=209 t=458.4s remaining=1797
    iter=204 E=-2.1041343778 nfev=210 t=460.6s remaining=1796
    iter=205 E=-2.1041666215 nfev=211 t=462.7s remaining=1795
    iter=206 E=-2.1041990522 nfev=212 t=464.8s remaining=1794
    iter=207 E=-2.1042319610 nfev=213 t=466.9s remaining=1793
    iter=208 E=-2.1042758179 nfev=214 t=469.0s remaining=1792
    iter=209 E=-2.1043069985 nfev=215 t=471.2s remaining=1791
    iter=210 E=-2.1043418270 nfev=216 t=473.3s remaining=1790
    iter=211 E=-2.1043814265 nfev=217 t=475.4s remaining=1789
    iter=212 E=-2.1044175439 nfev=218 t=477.5s remaining=1788
    iter=213 E=-2.1044558972 nfev=219 t=479.7s remaining=1787
    iter=214 E=-2.1044984856 nfev=220 t=481.8s remaining=1786
    iter=215 E=-2.1045384542 nfev=221 t=483.9s remaining=1785
    iter=216 E=-2.1045714771 nfev=222 t=486.0s remaining=1784
    iter=217 E=-2.1046019355 nfev=223 t=488.1s remaining=1783
    iter=218 E=-2.1046280478 nfev=224 t=490.3s remaining=1782
    iter=219 E=-2.1046547443 nfev=225 t=492.4s remaining=1781
    iter=220 E=-2.1046860969 nfev=226 t=494.5s remaining=1780
    iter=221 E=-2.1047145428 nfev=227 t=496.7s remaining=1779
    iter=222 E=-2.1047406629 nfev=228 t=498.8s remaining=1778
    iter=223 E=-2.1047687402 nfev=229 t=500.9s remaining=1777
    iter=224 E=-2.1048008686 nfev=230 t=503.0s remaining=1776
    iter=225 E=-2.1048306185 nfev=231 t=505.2s remaining=1775
    iter=226 E=-2.1048604599 nfev=232 t=507.4s remaining=1774
    iter=227 E=-2.1048866568 nfev=233 t=509.6s remaining=1773
    iter=228 E=-2.1049070751 nfev=234 t=511.8s remaining=1772
    iter=229 E=-2.1049304260 nfev=235 t=514.2s remaining=1771
    iter=230 E=-2.1049603055 nfev=236 t=516.5s remaining=1770
    iter=231 E=-2.1049957249 nfev=237 t=518.9s remaining=1769
    iter=232 E=-2.1050171107 nfev=238 t=521.4s remaining=1768
    iter=233 E=-2.1050359845 nfev=239 t=523.9s remaining=1767
    iter=234 E=-2.1050564991 nfev=240 t=526.5s remaining=1766
    iter=235 E=-2.1050782473 nfev=241 t=528.8s remaining=1765
    iter=236 E=-2.1051018972 nfev=242 t=531.1s remaining=1764
    iter=237 E=-2.1051309213 nfev=243 t=533.2s remaining=1763
    iter=238 E=-2.1051638160 nfev=244 t=535.3s remaining=1762
    iter=239 E=-2.1051930529 nfev=245 t=537.7s remaining=1761
    iter=240 E=-2.1052156022 nfev=246 t=539.9s remaining=1760
    iter=241 E=-2.1052353802 nfev=247 t=542.1s remaining=1759
    iter=242 E=-2.1052536908 nfev=248 t=544.3s remaining=1758
    iter=243 E=-2.1052700572 nfev=249 t=546.5s remaining=1757
    iter=244 E=-2.1052847865 nfev=250 t=548.7s remaining=1756
    iter=245 E=-2.1053006690 nfev=251 t=551.0s remaining=1755
    iter=246 E=-2.1053165940 nfev=252 t=553.3s remaining=1754
    iter=247 E=-2.1053344533 nfev=253 t=555.6s remaining=1753
    iter=248 E=-2.1053537920 nfev=254 t=557.8s remaining=1752
    iter=249 E=-2.1053745880 nfev=255 t=560.1s remaining=1751
    iter=250 E=-2.1053942398 nfev=256 t=562.4s remaining=1750
    iter=251 E=-2.1054140737 nfev=257 t=564.6s remaining=1749
    iter=252 E=-2.1054346181 nfev=258 t=566.9s remaining=1748
    iter=253 E=-2.1054515839 nfev=259 t=569.1s remaining=1747
    iter=254 E=-2.1054703978 nfev=260 t=571.2s remaining=1746
    iter=255 E=-2.1054906305 nfev=261 t=573.5s remaining=1745
    iter=256 E=-2.1055050649 nfev=262 t=575.9s remaining=1744
    iter=257 E=-2.1055256604 nfev=263 t=578.2s remaining=1743
    iter=258 E=-2.1055506218 nfev=264 t=580.3s remaining=1742
    iter=259 E=-2.1055662993 nfev=265 t=582.4s remaining=1741
    iter=260 E=-2.1055810090 nfev=266 t=584.5s remaining=1740
    iter=261 E=-2.1055963912 nfev=267 t=586.7s remaining=1739
    iter=262 E=-2.1056095022 nfev=268 t=588.8s remaining=1738
    iter=263 E=-2.1056243853 nfev=269 t=591.0s remaining=1737
    iter=264 E=-2.1056434451 nfev=270 t=593.4s remaining=1736
    iter=265 E=-2.1056620659 nfev=271 t=595.5s remaining=1735
    iter=266 E=-2.1056752442 nfev=272 t=597.6s remaining=1734
    iter=267 E=-2.1056896816 nfev=273 t=599.7s remaining=1733
    iter=268 E=-2.1057078494 nfev=274 t=601.7s remaining=1732
    iter=269 E=-2.1057271917 nfev=275 t=603.7s remaining=1731
    iter=270 E=-2.1057467531 nfev=276 t=605.8s remaining=1730
    iter=271 E=-2.1057608020 nfev=277 t=607.9s remaining=1729
    iter=272 E=-2.1057711776 nfev=278 t=610.1s remaining=1728
    iter=273 E=-2.1057804677 nfev=279 t=612.3s remaining=1727
    iter=274 E=-2.1057916066 nfev=280 t=614.5s remaining=1726
    iter=275 E=-2.1058058402 nfev=281 t=616.7s remaining=1725
    iter=276 E=-2.1058199379 nfev=282 t=619.4s remaining=1724
    iter=277 E=-2.1058329280 nfev=283 t=622.0s remaining=1723
    iter=278 E=-2.1058461477 nfev=284 t=624.4s remaining=1722
    iter=279 E=-2.1058580424 nfev=285 t=626.8s remaining=1721
    iter=280 E=-2.1058691302 nfev=286 t=628.9s remaining=1720
    iter=281 E=-2.1058800270 nfev=287 t=631.2s remaining=1719
    iter=282 E=-2.1058902740 nfev=288 t=633.5s remaining=1718
    iter=283 E=-2.1059001401 nfev=289 t=635.7s remaining=1717
    iter=284 E=-2.1059099001 nfev=290 t=637.9s remaining=1716
    iter=285 E=-2.1059225989 nfev=291 t=640.2s remaining=1715
    iter=286 E=-2.1059372000 nfev=292 t=642.4s remaining=1714
    iter=287 E=-2.1059489617 nfev=293 t=644.8s remaining=1713
    iter=288 E=-2.1059625923 nfev=294 t=647.0s remaining=1712
    iter=289 E=-2.1059782378 nfev=295 t=649.4s remaining=1711
    iter=290 E=-2.1059929287 nfev=296 t=651.9s remaining=1710
    iter=291 E=-2.1060030816 nfev=297 t=654.3s remaining=1709
    iter=292 E=-2.1060117310 nfev=298 t=656.5s remaining=1708
    iter=293 E=-2.1060216381 nfev=299 t=659.1s remaining=1707
    iter=294 E=-2.1060300510 nfev=300 t=661.2s remaining=1706
    iter=295 E=-2.1060374160 nfev=301 t=663.4s remaining=1705
    iter=296 E=-2.1060443761 nfev=302 t=665.5s remaining=1704
    iter=297 E=-2.1060520166 nfev=303 t=667.7s remaining=1703
    iter=298 E=-2.1060632830 nfev=304 t=669.9s remaining=1702
    iter=299 E=-2.1060787794 nfev=305 t=672.2s remaining=1701
    iter=300 E=-2.1060912212 nfev=306 t=674.4s remaining=1700
    iter=301 E=-2.1061005213 nfev=307 t=676.6s remaining=1699
    iter=302 E=-2.1061098084 nfev=308 t=678.9s remaining=1698
    iter=303 E=-2.1061188294 nfev=309 t=681.1s remaining=1697
    iter=304 E=-2.1061272811 nfev=310 t=683.4s remaining=1696
    iter=305 E=-2.1061369355 nfev=311 t=685.6s remaining=1695
    iter=306 E=-2.1061472455 nfev=312 t=687.9s remaining=1694
    iter=307 E=-2.1061560174 nfev=313 t=690.1s remaining=1693
    iter=308 E=-2.1061636062 nfev=314 t=692.3s remaining=1692
    iter=309 E=-2.1061722893 nfev=315 t=694.3s remaining=1691
    iter=310 E=-2.1061825368 nfev=316 t=696.4s remaining=1690
    iter=311 E=-2.1061955257 nfev=317 t=698.5s remaining=1689
    iter=312 E=-2.1062065606 nfev=318 t=700.6s remaining=1688
    iter=313 E=-2.1062147820 nfev=319 t=702.7s remaining=1687
    iter=314 E=-2.1062212773 nfev=320 t=704.8s remaining=1686
    iter=315 E=-2.1062279129 nfev=321 t=706.9s remaining=1685
    iter=316 E=-2.1062344169 nfev=322 t=708.9s remaining=1684
    iter=317 E=-2.1062406590 nfev=323 t=711.0s remaining=1683
    iter=318 E=-2.1062465677 nfev=324 t=713.1s remaining=1682
    iter=319 E=-2.1062527347 nfev=325 t=715.2s remaining=1681
    iter=320 E=-2.1062593334 nfev=326 t=717.2s remaining=1680
    iter=321 E=-2.1062648163 nfev=327 t=719.3s remaining=1679
    iter=322 E=-2.1062712898 nfev=328 t=721.4s remaining=1678
    iter=323 E=-2.1062777999 nfev=329 t=723.5s remaining=1677
    iter=324 E=-2.1062828682 nfev=330 t=725.6s remaining=1676
    iter=325 E=-2.1062876694 nfev=331 t=727.6s remaining=1675
    iter=326 E=-2.1062923581 nfev=332 t=729.7s remaining=1674
    iter=327 E=-2.1062966851 nfev=333 t=731.8s remaining=1673
    iter=328 E=-2.1063012090 nfev=334 t=733.9s remaining=1672
    iter=329 E=-2.1063054155 nfev=335 t=736.1s remaining=1671
    iter=330 E=-2.1063090571 nfev=336 t=738.4s remaining=1670
    iter=331 E=-2.1063138732 nfev=337 t=740.5s remaining=1669
    iter=332 E=-2.1063201419 nfev=338 t=742.7s remaining=1668
    iter=333 E=-2.1063266593 nfev=339 t=744.8s remaining=1667
    iter=334 E=-2.1063339309 nfev=340 t=747.0s remaining=1666
    iter=335 E=-2.1063409025 nfev=341 t=749.2s remaining=1665
    iter=336 E=-2.1063460936 nfev=342 t=751.3s remaining=1664
    iter=337 E=-2.1063508173 nfev=343 t=753.5s remaining=1663
    iter=338 E=-2.1063563550 nfev=344 t=755.6s remaining=1662
    iter=339 E=-2.1063633676 nfev=345 t=757.8s remaining=1661
    iter=340 E=-2.1063696404 nfev=346 t=760.1s remaining=1660
    iter=341 E=-2.1063746658 nfev=347 t=762.5s remaining=1659
    iter=342 E=-2.1063786579 nfev=348 t=764.7s remaining=1658
    iter=343 E=-2.1063824896 nfev=349 t=767.1s remaining=1657
    iter=344 E=-2.1063866551 nfev=350 t=769.6s remaining=1656
    iter=345 E=-2.1063917457 nfev=351 t=771.7s remaining=1655
    iter=346 E=-2.1063961860 nfev=352 t=773.7s remaining=1654
    iter=347 E=-2.1063998435 nfev=353 t=776.0s remaining=1653
    iter=348 E=-2.1064027656 nfev=354 t=778.1s remaining=1652
    iter=349 E=-2.1064050472 nfev=355 t=780.2s remaining=1651
    iter=350 E=-2.1064068705 nfev=356 t=782.3s remaining=1650
    iter=351 E=-2.1064095031 nfev=357 t=784.6s remaining=1649
    iter=352 E=-2.1064133046 nfev=358 t=786.6s remaining=1648
    iter=353 E=-2.1064177798 nfev=359 t=788.6s remaining=1647
    iter=354 E=-2.1064215737 nfev=360 t=790.8s remaining=1646
    iter=355 E=-2.1064247892 nfev=361 t=792.9s remaining=1645
    iter=356 E=-2.1064278694 nfev=362 t=795.1s remaining=1644
    iter=357 E=-2.1064316040 nfev=363 t=797.4s remaining=1643
    iter=358 E=-2.1064358523 nfev=364 t=799.6s remaining=1642
    iter=359 E=-2.1064399907 nfev=365 t=801.8s remaining=1641
    iter=360 E=-2.1064434170 nfev=366 t=804.0s remaining=1640
    iter=361 E=-2.1064465114 nfev=367 t=806.1s remaining=1639
    iter=362 E=-2.1064499464 nfev=368 t=808.3s remaining=1638
    iter=363 E=-2.1064538496 nfev=369 t=810.5s remaining=1637
    iter=364 E=-2.1064577204 nfev=370 t=812.7s remaining=1636
    iter=365 E=-2.1064609282 nfev=371 t=814.9s remaining=1635
    iter=366 E=-2.1064636069 nfev=372 t=817.0s remaining=1634
    iter=367 E=-2.1064661521 nfev=373 t=819.1s remaining=1633
    iter=368 E=-2.1064687557 nfev=374 t=821.3s remaining=1632
    iter=369 E=-2.1064715632 nfev=375 t=823.4s remaining=1631
    iter=370 E=-2.1064745342 nfev=376 t=825.4s remaining=1630
    iter=371 E=-2.1064774907 nfev=377 t=827.5s remaining=1629
    iter=372 E=-2.1064802052 nfev=378 t=829.5s remaining=1628
    iter=373 E=-2.1064827436 nfev=379 t=831.6s remaining=1627
    iter=374 E=-2.1064853173 nfev=380 t=833.9s remaining=1626
    iter=375 E=-2.1064878152 nfev=381 t=836.0s remaining=1625
    iter=376 E=-2.1064896381 nfev=382 t=838.2s remaining=1624
    iter=377 E=-2.1064914595 nfev=383 t=840.2s remaining=1623
    iter=378 E=-2.1064933605 nfev=384 t=842.4s remaining=1622
    iter=379 E=-2.1064955882 nfev=385 t=844.6s remaining=1621
    iter=380 E=-2.1064983903 nfev=386 t=847.1s remaining=1620
    iter=381 E=-2.1065013220 nfev=387 t=849.2s remaining=1619
    iter=382 E=-2.1065041434 nfev=388 t=851.6s remaining=1618
    iter=383 E=-2.1065064971 nfev=389 t=853.8s remaining=1617
    iter=384 E=-2.1065082936 nfev=390 t=855.9s remaining=1616
    iter=385 E=-2.1065098708 nfev=391 t=858.1s remaining=1615
    iter=386 E=-2.1065114418 nfev=392 t=860.4s remaining=1614
    iter=387 E=-2.1065132763 nfev=393 t=862.6s remaining=1613
    iter=388 E=-2.1065154019 nfev=394 t=864.7s remaining=1612
    iter=389 E=-2.1065176956 nfev=395 t=867.0s remaining=1611
    iter=390 E=-2.1065201099 nfev=396 t=869.2s remaining=1610
    iter=391 E=-2.1065226045 nfev=397 t=871.4s remaining=1609
    iter=392 E=-2.1065250164 nfev=398 t=873.7s remaining=1608
    iter=393 E=-2.1065273188 nfev=399 t=875.8s remaining=1607
    iter=394 E=-2.1065296436 nfev=400 t=878.0s remaining=1606
    iter=395 E=-2.1065319769 nfev=401 t=880.4s remaining=1605
    iter=396 E=-2.1065339442 nfev=402 t=882.8s remaining=1604
    iter=397 E=-2.1065357913 nfev=403 t=885.0s remaining=1603
    iter=398 E=-2.1065376609 nfev=404 t=887.4s remaining=1602
    iter=399 E=-2.1065400292 nfev=405 t=889.6s remaining=1601
    iter=400 E=-2.1065429354 nfev=406 t=891.9s remaining=1600
    iter=401 E=-2.1065452361 nfev=407 t=894.1s remaining=1599
    iter=402 E=-2.1065474957 nfev=408 t=896.5s remaining=1598
    iter=403 E=-2.1065500291 nfev=409 t=898.8s remaining=1597
    iter=404 E=-2.1065530233 nfev=410 t=900.8s remaining=1596
    iter=405 E=-2.1065561167 nfev=411 t=902.9s remaining=1595
    iter=406 E=-2.1065587914 nfev=412 t=905.0s remaining=1594
    iter=407 E=-2.1065607571 nfev=413 t=907.3s remaining=1593
    iter=408 E=-2.1065619725 nfev=414 t=909.4s remaining=1592
    iter=409 E=-2.1065631011 nfev=415 t=911.6s remaining=1591
    iter=410 E=-2.1065645459 nfev=416 t=913.8s remaining=1590
    iter=411 E=-2.1065665285 nfev=417 t=916.1s remaining=1589
    iter=412 E=-2.1065692665 nfev=418 t=918.3s remaining=1588
    iter=413 E=-2.1065720597 nfev=419 t=920.6s remaining=1587
    iter=414 E=-2.1065744563 nfev=420 t=922.9s remaining=1586
    iter=415 E=-2.1065765183 nfev=421 t=925.2s remaining=1585
    iter=416 E=-2.1065783004 nfev=422 t=927.5s remaining=1584
    iter=417 E=-2.1065800182 nfev=423 t=929.7s remaining=1583
    iter=418 E=-2.1065818250 nfev=424 t=931.9s remaining=1582
    iter=419 E=-2.1065836653 nfev=425 t=934.1s remaining=1581
    iter=420 E=-2.1065857309 nfev=426 t=936.7s remaining=1580
    iter=421 E=-2.1065877748 nfev=427 t=939.1s remaining=1579
    iter=422 E=-2.1065896290 nfev=428 t=941.2s remaining=1578
    iter=423 E=-2.1065915827 nfev=429 t=943.4s remaining=1577
    iter=424 E=-2.1065935336 nfev=430 t=945.5s remaining=1576
    iter=425 E=-2.1065954076 nfev=431 t=947.6s remaining=1575
    iter=426 E=-2.1065971660 nfev=432 t=949.7s remaining=1574
    iter=427 E=-2.1065990311 nfev=433 t=951.9s remaining=1573
    iter=428 E=-2.1066011742 nfev=434 t=954.1s remaining=1572
    iter=429 E=-2.1066035634 nfev=435 t=956.2s remaining=1571
    iter=430 E=-2.1066056272 nfev=436 t=958.7s remaining=1570
    iter=431 E=-2.1066072021 nfev=437 t=961.1s remaining=1569
    iter=432 E=-2.1066085757 nfev=438 t=963.3s remaining=1568
    iter=433 E=-2.1066102208 nfev=439 t=965.3s remaining=1567
    iter=434 E=-2.1066122870 nfev=440 t=967.4s remaining=1566
    iter=435 E=-2.1066144726 nfev=441 t=969.5s remaining=1565
    iter=436 E=-2.1066166898 nfev=442 t=971.6s remaining=1564
    iter=437 E=-2.1066184472 nfev=443 t=973.8s remaining=1563
    iter=438 E=-2.1066198809 nfev=444 t=976.1s remaining=1562
    iter=439 E=-2.1066213040 nfev=445 t=978.4s remaining=1561
    iter=440 E=-2.1066228827 nfev=446 t=980.6s remaining=1560
    iter=441 E=-2.1066248200 nfev=447 t=982.7s remaining=1559
    iter=442 E=-2.1066271594 nfev=448 t=985.0s remaining=1558
    iter=443 E=-2.1066288236 nfev=449 t=987.3s remaining=1557
    iter=444 E=-2.1066302534 nfev=450 t=989.5s remaining=1556
    iter=445 E=-2.1066314843 nfev=451 t=991.7s remaining=1555
    iter=446 E=-2.1066325383 nfev=452 t=994.1s remaining=1554
    iter=447 E=-2.1066336148 nfev=453 t=996.5s remaining=1553
    iter=448 E=-2.1066349999 nfev=454 t=998.6s remaining=1552
    iter=449 E=-2.1066368409 nfev=455 t=1000.8s remaining=1551
    iter=450 E=-2.1066386688 nfev=456 t=1003.1s remaining=1550
    iter=451 E=-2.1066402364 nfev=457 t=1005.3s remaining=1549
    iter=452 E=-2.1066421092 nfev=458 t=1007.5s remaining=1548
    iter=453 E=-2.1066437770 nfev=459 t=1009.5s remaining=1547
    iter=454 E=-2.1066455242 nfev=460 t=1011.7s remaining=1546
    iter=455 E=-2.1066474701 nfev=461 t=1013.9s remaining=1545
    iter=456 E=-2.1066490585 nfev=462 t=1016.3s remaining=1544
    iter=457 E=-2.1066501301 nfev=463 t=1019.0s remaining=1543
    iter=458 E=-2.1066509052 nfev=464 t=1021.4s remaining=1542
    iter=459 E=-2.1066518549 nfev=465 t=1023.7s remaining=1541
    iter=460 E=-2.1066531032 nfev=466 t=1026.1s remaining=1540
    iter=461 E=-2.1066545008 nfev=467 t=1028.4s remaining=1539
    iter=462 E=-2.1066560008 nfev=468 t=1030.6s remaining=1538
    iter=463 E=-2.1066576620 nfev=469 t=1032.7s remaining=1537
    iter=464 E=-2.1066590091 nfev=470 t=1034.9s remaining=1536
    iter=465 E=-2.1066603261 nfev=471 t=1037.0s remaining=1535
    iter=466 E=-2.1066615557 nfev=472 t=1039.2s remaining=1534
    iter=467 E=-2.1066626472 nfev=473 t=1041.5s remaining=1533
    iter=468 E=-2.1066637196 nfev=474 t=1044.1s remaining=1532
    iter=469 E=-2.1066649881 nfev=475 t=1046.3s remaining=1531
    iter=470 E=-2.1066663894 nfev=476 t=1048.6s remaining=1530
    iter=471 E=-2.1066675544 nfev=477 t=1050.6s remaining=1529
    iter=472 E=-2.1066686627 nfev=478 t=1053.0s remaining=1528
    iter=473 E=-2.1066697081 nfev=479 t=1055.2s remaining=1527
    iter=474 E=-2.1066706018 nfev=480 t=1057.4s remaining=1526
    iter=475 E=-2.1066715495 nfev=481 t=1059.7s remaining=1525
    iter=476 E=-2.1066725719 nfev=482 t=1061.8s remaining=1524
    iter=477 E=-2.1066734652 nfev=483 t=1063.9s remaining=1523
    iter=478 E=-2.1066743732 nfev=484 t=1066.0s remaining=1522
    iter=479 E=-2.1066754195 nfev=485 t=1068.0s remaining=1521
    iter=480 E=-2.1066765936 nfev=486 t=1070.1s remaining=1520
    iter=481 E=-2.1066777442 nfev=487 t=1072.4s remaining=1519
    iter=482 E=-2.1066788901 nfev=488 t=1074.6s remaining=1518
    iter=483 E=-2.1066801928 nfev=489 t=1076.7s remaining=1517
    iter=484 E=-2.1066815949 nfev=490 t=1078.9s remaining=1516
    iter=485 E=-2.1066828794 nfev=491 t=1081.1s remaining=1515
    iter=486 E=-2.1066840260 nfev=492 t=1083.1s remaining=1514
    iter=487 E=-2.1066850365 nfev=493 t=1085.1s remaining=1513
    iter=488 E=-2.1066860803 nfev=494 t=1087.1s remaining=1512
    iter=489 E=-2.1066871473 nfev=495 t=1089.2s remaining=1511
    iter=490 E=-2.1066880756 nfev=496 t=1091.3s remaining=1510
    iter=491 E=-2.1066888096 nfev=497 t=1093.6s remaining=1509
    iter=492 E=-2.1066895049 nfev=498 t=1095.7s remaining=1508
    iter=493 E=-2.1066902498 nfev=499 t=1097.7s remaining=1507
    iter=494 E=-2.1066912813 nfev=500 t=1099.9s remaining=1506
    iter=495 E=-2.1066927646 nfev=501 t=1102.0s remaining=1505
    iter=496 E=-2.1066943429 nfev=502 t=1104.1s remaining=1504
    iter=497 E=-2.1066955460 nfev=503 t=1106.2s remaining=1503
    iter=498 E=-2.1066964035 nfev=504 t=1108.1s remaining=1502
    iter=499 E=-2.1066969771 nfev=505 t=1110.1s remaining=1501
    iter=500 E=-2.1066975317 nfev=506 t=1112.2s remaining=1500
    iter=501 E=-2.1066982630 nfev=507 t=1114.4s remaining=1499
    iter=502 E=-2.1066992223 nfev=508 t=1116.5s remaining=1498
    iter=503 E=-2.1067002668 nfev=509 t=1118.7s remaining=1497
    iter=504 E=-2.1067012342 nfev=510 t=1120.8s remaining=1496
    iter=505 E=-2.1067020006 nfev=511 t=1122.8s remaining=1495
    iter=506 E=-2.1067025812 nfev=512 t=1124.9s remaining=1494
    iter=507 E=-2.1067033300 nfev=513 t=1126.9s remaining=1493
    iter=508 E=-2.1067043893 nfev=514 t=1129.1s remaining=1492
    iter=509 E=-2.1067057833 nfev=515 t=1131.1s remaining=1491
    iter=510 E=-2.1067071228 nfev=516 t=1133.1s remaining=1490
    iter=511 E=-2.1067082240 nfev=517 t=1135.2s remaining=1489
    iter=512 E=-2.1067091586 nfev=518 t=1137.3s remaining=1488
    iter=513 E=-2.1067100271 nfev=519 t=1139.5s remaining=1487
    iter=514 E=-2.1067108114 nfev=520 t=1141.9s remaining=1486
    iter=515 E=-2.1067116034 nfev=521 t=1144.1s remaining=1485
    iter=516 E=-2.1067123418 nfev=522 t=1146.1s remaining=1484
    iter=517 E=-2.1067130880 nfev=523 t=1148.2s remaining=1483
    iter=518 E=-2.1067138373 nfev=524 t=1150.2s remaining=1482
    iter=519 E=-2.1067147114 nfev=525 t=1152.4s remaining=1481
    iter=520 E=-2.1067157311 nfev=526 t=1154.4s remaining=1480
    iter=521 E=-2.1067169198 nfev=527 t=1156.6s remaining=1479
    iter=522 E=-2.1067180469 nfev=528 t=1158.7s remaining=1478
    iter=523 E=-2.1067188130 nfev=529 t=1160.8s remaining=1477
    iter=524 E=-2.1067194547 nfev=530 t=1162.9s remaining=1476
    iter=525 E=-2.1067201042 nfev=531 t=1165.0s remaining=1475
    iter=526 E=-2.1067208151 nfev=532 t=1167.1s remaining=1474
    iter=527 E=-2.1067216603 nfev=533 t=1169.0s remaining=1473
    iter=528 E=-2.1067225270 nfev=534 t=1171.2s remaining=1472
    iter=529 E=-2.1067233673 nfev=535 t=1173.6s remaining=1471
    iter=530 E=-2.1067242518 nfev=536 t=1175.9s remaining=1470
    iter=531 E=-2.1067251666 nfev=537 t=1178.0s remaining=1469
    iter=532 E=-2.1067260892 nfev=538 t=1180.1s remaining=1468
    iter=533 E=-2.1067268343 nfev=539 t=1182.2s remaining=1467
    iter=534 E=-2.1067274511 nfev=540 t=1184.3s remaining=1466
    iter=535 E=-2.1067279882 nfev=541 t=1186.7s remaining=1465
    iter=536 E=-2.1067286528 nfev=542 t=1189.0s remaining=1464
    iter=537 E=-2.1067295907 nfev=543 t=1191.4s remaining=1463
    iter=538 E=-2.1067307496 nfev=544 t=1193.5s remaining=1462
    iter=539 E=-2.1067316799 nfev=545 t=1195.7s remaining=1461
    iter=540 E=-2.1067324304 nfev=546 t=1198.0s remaining=1460
    iter=541 E=-2.1067330165 nfev=547 t=1200.1s remaining=1459
    iter=542 E=-2.1067337025 nfev=548 t=1202.2s remaining=1458
    iter=543 E=-2.1067346587 nfev=549 t=1204.2s remaining=1457
    iter=544 E=-2.1067358757 nfev=550 t=1206.5s remaining=1456
    iter=545 E=-2.1067370005 nfev=551 t=1208.8s remaining=1455
    iter=546 E=-2.1067382405 nfev=552 t=1210.9s remaining=1454
    iter=547 E=-2.1067391720 nfev=553 t=1213.1s remaining=1453
    iter=548 E=-2.1067397763 nfev=554 t=1215.4s remaining=1452
    iter=549 E=-2.1067402496 nfev=555 t=1217.7s remaining=1451
    iter=550 E=-2.1067408890 nfev=556 t=1219.9s remaining=1450
    iter=551 E=-2.1067418086 nfev=557 t=1222.1s remaining=1449
    iter=552 E=-2.1067430618 nfev=558 t=1224.3s remaining=1448
    iter=553 E=-2.1067443073 nfev=559 t=1226.4s remaining=1447
    iter=554 E=-2.1067451769 nfev=560 t=1228.4s remaining=1446
    iter=555 E=-2.1067459192 nfev=561 t=1230.4s remaining=1445
    iter=556 E=-2.1067463652 nfev=562 t=1232.4s remaining=1444
    iter=557 E=-2.1067467195 nfev=563 t=1234.5s remaining=1443
    iter=558 E=-2.1067472117 nfev=564 t=1236.5s remaining=1442
    iter=559 E=-2.1067478588 nfev=565 t=1238.6s remaining=1441
    iter=560 E=-2.1067486633 nfev=566 t=1240.6s remaining=1440
    iter=561 E=-2.1067496987 nfev=567 t=1242.6s remaining=1439
    iter=562 E=-2.1067508952 nfev=568 t=1244.7s remaining=1438
    iter=563 E=-2.1067518728 nfev=569 t=1246.7s remaining=1437
    iter=564 E=-2.1067525252 nfev=570 t=1248.9s remaining=1436
    iter=565 E=-2.1067530612 nfev=571 t=1251.0s remaining=1435
    iter=566 E=-2.1067534589 nfev=572 t=1253.1s remaining=1434
    iter=567 E=-2.1067538347 nfev=573 t=1255.3s remaining=1433
    iter=568 E=-2.1067543019 nfev=574 t=1257.4s remaining=1432
    iter=569 E=-2.1067549088 nfev=575 t=1260.0s remaining=1431
    iter=570 E=-2.1067555758 nfev=576 t=1262.3s remaining=1430
    iter=571 E=-2.1067562761 nfev=577 t=1264.6s remaining=1429
    iter=572 E=-2.1067568605 nfev=578 t=1266.8s remaining=1428
    iter=573 E=-2.1067573469 nfev=579 t=1268.9s remaining=1427
    iter=574 E=-2.1067576075 nfev=580 t=1271.1s remaining=1426
    iter=575 E=-2.1067578783 nfev=581 t=1273.3s remaining=1425
    iter=576 E=-2.1067582546 nfev=582 t=1275.4s remaining=1424
    iter=577 E=-2.1067587148 nfev=583 t=1277.5s remaining=1423
    iter=578 E=-2.1067592265 nfev=584 t=1279.6s remaining=1422
    iter=579 E=-2.1067598264 nfev=585 t=1281.8s remaining=1421
    iter=580 E=-2.1067604305 nfev=586 t=1283.9s remaining=1420
    iter=581 E=-2.1067609160 nfev=587 t=1286.1s remaining=1419
    iter=582 E=-2.1067613240 nfev=588 t=1288.2s remaining=1418
    iter=583 E=-2.1067617450 nfev=589 t=1290.2s remaining=1417
    iter=584 E=-2.1067619757 nfev=590 t=1292.3s remaining=1416
    iter=585 E=-2.1067622281 nfev=591 t=1294.4s remaining=1415
    iter=586 E=-2.1067625168 nfev=592 t=1296.6s remaining=1414
    iter=587 E=-2.1067628934 nfev=593 t=1298.8s remaining=1413
    iter=588 E=-2.1067633540 nfev=594 t=1301.0s remaining=1412
    iter=589 E=-2.1067638521 nfev=595 t=1303.2s remaining=1411
    iter=590 E=-2.1067643237 nfev=596 t=1305.3s remaining=1410
    iter=591 E=-2.1067647226 nfev=597 t=1307.3s remaining=1409
    iter=592 E=-2.1067651010 nfev=598 t=1309.4s remaining=1408
    iter=593 E=-2.1067655265 nfev=599 t=1311.5s remaining=1407
    iter=594 E=-2.1067659257 nfev=600 t=1313.8s remaining=1406
    iter=595 E=-2.1067662790 nfev=601 t=1316.1s remaining=1405
    iter=596 E=-2.1067666576 nfev=602 t=1318.3s remaining=1404
    iter=597 E=-2.1067670347 nfev=603 t=1320.5s remaining=1403
    iter=598 E=-2.1067673749 nfev=604 t=1322.8s remaining=1402
    iter=599 E=-2.1067677076 nfev=605 t=1324.9s remaining=1401
    iter=600 E=-2.1067680860 nfev=606 t=1327.0s remaining=1400
    iter=601 E=-2.1067684843 nfev=607 t=1329.1s remaining=1399
    iter=602 E=-2.1067689194 nfev=608 t=1331.1s remaining=1398
    iter=603 E=-2.1067693649 nfev=609 t=1333.2s remaining=1397
    iter=604 E=-2.1067697822 nfev=610 t=1335.3s remaining=1396
    iter=605 E=-2.1067701183 nfev=611 t=1337.5s remaining=1395
    iter=606 E=-2.1067704358 nfev=612 t=1340.5s remaining=1394
    iter=607 E=-2.1067707952 nfev=613 t=1342.6s remaining=1393
    iter=608 E=-2.1067711518 nfev=614 t=1344.9s remaining=1392
    iter=609 E=-2.1067715666 nfev=615 t=1347.1s remaining=1391
    iter=610 E=-2.1067719734 nfev=616 t=1349.3s remaining=1390
    iter=611 E=-2.1067723960 nfev=617 t=1351.4s remaining=1389
    iter=612 E=-2.1067726755 nfev=618 t=1353.4s remaining=1388
    iter=613 E=-2.1067729376 nfev=619 t=1355.4s remaining=1387
    iter=614 E=-2.1067732285 nfev=620 t=1357.7s remaining=1386
    iter=615 E=-2.1067735989 nfev=621 t=1359.8s remaining=1385
    iter=616 E=-2.1067740493 nfev=622 t=1361.9s remaining=1384
    iter=617 E=-2.1067746088 nfev=623 t=1364.1s remaining=1383
    iter=618 E=-2.1067751426 nfev=624 t=1366.3s remaining=1382
    iter=619 E=-2.1067755764 nfev=625 t=1368.4s remaining=1381
    iter=620 E=-2.1067759362 nfev=626 t=1370.5s remaining=1380
    iter=621 E=-2.1067762370 nfev=627 t=1372.6s remaining=1379
    iter=622 E=-2.1067765101 nfev=628 t=1374.6s remaining=1378
    iter=623 E=-2.1067768049 nfev=629 t=1376.7s remaining=1377
    iter=624 E=-2.1067771198 nfev=630 t=1378.6s remaining=1376
    iter=625 E=-2.1067774645 nfev=631 t=1380.8s remaining=1375
    iter=626 E=-2.1067779067 nfev=632 t=1382.8s remaining=1374
    iter=627 E=-2.1067783607 nfev=633 t=1385.1s remaining=1373
    iter=628 E=-2.1067786713 nfev=634 t=1387.2s remaining=1372
    iter=629 E=-2.1067789187 nfev=635 t=1389.3s remaining=1371
    iter=630 E=-2.1067790900 nfev=636 t=1391.5s remaining=1370
    iter=631 E=-2.1067792648 nfev=637 t=1393.5s remaining=1369
    iter=632 E=-2.1067794768 nfev=638 t=1395.6s remaining=1368
    iter=633 E=-2.1067797665 nfev=639 t=1397.7s remaining=1367
    iter=634 E=-2.1067801804 nfev=640 t=1399.7s remaining=1366
    iter=635 E=-2.1067806545 nfev=641 t=1401.8s remaining=1365
    iter=636 E=-2.1067811150 nfev=642 t=1403.8s remaining=1364
    iter=637 E=-2.1067814577 nfev=643 t=1405.9s remaining=1363
    iter=638 E=-2.1067817317 nfev=644 t=1408.2s remaining=1362
    iter=639 E=-2.1067819155 nfev=645 t=1410.2s remaining=1361
    iter=640 E=-2.1067821105 nfev=646 t=1412.4s remaining=1360
    iter=641 E=-2.1067823545 nfev=647 t=1414.5s remaining=1359
    iter=642 E=-2.1067826350 nfev=648 t=1416.6s remaining=1358
    iter=643 E=-2.1067830142 nfev=649 t=1418.7s remaining=1357
    iter=644 E=-2.1067833675 nfev=650 t=1420.9s remaining=1356
    iter=645 E=-2.1067836843 nfev=651 t=1423.1s remaining=1355
    iter=646 E=-2.1067839298 nfev=652 t=1425.1s remaining=1354
    iter=647 E=-2.1067841696 nfev=653 t=1427.2s remaining=1353
    iter=648 E=-2.1067843796 nfev=654 t=1429.2s remaining=1352
    iter=649 E=-2.1067846629 nfev=655 t=1431.3s remaining=1351
    iter=650 E=-2.1067849873 nfev=656 t=1433.3s remaining=1350
    iter=651 E=-2.1067853366 nfev=657 t=1435.6s remaining=1349
    iter=652 E=-2.1067857360 nfev=658 t=1437.7s remaining=1348
    iter=653 E=-2.1067861853 nfev=659 t=1439.8s remaining=1347
    iter=654 E=-2.1067865494 nfev=660 t=1442.0s remaining=1346
    iter=655 E=-2.1067868205 nfev=661 t=1444.1s remaining=1345
    iter=656 E=-2.1067870387 nfev=662 t=1446.2s remaining=1344
    iter=657 E=-2.1067872404 nfev=663 t=1448.5s remaining=1343
    iter=658 E=-2.1067874440 nfev=664 t=1450.8s remaining=1342
    iter=659 E=-2.1067876785 nfev=665 t=1453.1s remaining=1341
    iter=660 E=-2.1067879639 nfev=666 t=1455.1s remaining=1340
    iter=661 E=-2.1067882473 nfev=667 t=1457.0s remaining=1339
    iter=662 E=-2.1067885883 nfev=668 t=1459.1s remaining=1338
    iter=663 E=-2.1067889273 nfev=669 t=1461.1s remaining=1337
    iter=664 E=-2.1067893465 nfev=670 t=1463.1s remaining=1336
    iter=665 E=-2.1067897877 nfev=671 t=1465.2s remaining=1335
    iter=666 E=-2.1067901494 nfev=672 t=1467.3s remaining=1334
    iter=667 E=-2.1067904673 nfev=673 t=1469.4s remaining=1333
    iter=668 E=-2.1067906929 nfev=674 t=1471.4s remaining=1332
    iter=669 E=-2.1067909528 nfev=675 t=1473.5s remaining=1331
    iter=670 E=-2.1067913293 nfev=676 t=1475.5s remaining=1330
    iter=671 E=-2.1067918558 nfev=677 t=1477.6s remaining=1329
    iter=672 E=-2.1067924269 nfev=678 t=1479.7s remaining=1328
    iter=673 E=-2.1067928830 nfev=679 t=1482.0s remaining=1327
    iter=674 E=-2.1067932547 nfev=680 t=1484.0s remaining=1326
    iter=675 E=-2.1067934248 nfev=681 t=1486.1s remaining=1325
    iter=676 E=-2.1067935794 nfev=682 t=1488.1s remaining=1324
    iter=677 E=-2.1067937194 nfev=683 t=1490.2s remaining=1323
    iter=678 E=-2.1067938484 nfev=684 t=1492.2s remaining=1322
    iter=679 E=-2.1067940064 nfev=685 t=1494.3s remaining=1321
    iter=680 E=-2.1067942000 nfev=686 t=1496.6s remaining=1320
    iter=681 E=-2.1067944687 nfev=687 t=1498.7s remaining=1319
    iter=682 E=-2.1067948246 nfev=688 t=1501.1s remaining=1318
    iter=683 E=-2.1067952825 nfev=689 t=1503.2s remaining=1317
    iter=684 E=-2.1067956976 nfev=690 t=1505.4s remaining=1316
    iter=685 E=-2.1067961578 nfev=691 t=1507.6s remaining=1315
    iter=686 E=-2.1067965580 nfev=692 t=1510.0s remaining=1314
    iter=687 E=-2.1067967769 nfev=693 t=1512.4s remaining=1313
    iter=688 E=-2.1067969354 nfev=694 t=1514.5s remaining=1312
    iter=689 E=-2.1067970801 nfev=695 t=1516.8s remaining=1311
    iter=690 E=-2.1067972601 nfev=696 t=1519.2s remaining=1310
    iter=691 E=-2.1067974987 nfev=697 t=1521.3s remaining=1309
    iter=692 E=-2.1067978368 nfev=698 t=1523.6s remaining=1308
    iter=693 E=-2.1067982883 nfev=699 t=1526.0s remaining=1307
    iter=694 E=-2.1067988972 nfev=700 t=1528.1s remaining=1306
    iter=695 E=-2.1067994201 nfev=701 t=1530.3s remaining=1305
    iter=696 E=-2.1067999878 nfev=702 t=1532.3s remaining=1304
    iter=697 E=-2.1068004944 nfev=703 t=1534.4s remaining=1303
    iter=698 E=-2.1068008518 nfev=704 t=1536.5s remaining=1302
    iter=699 E=-2.1068009934 nfev=705 t=1538.7s remaining=1301
    iter=700 E=-2.1068011589 nfev=706 t=1540.8s remaining=1300
    iter=701 E=-2.1068014010 nfev=707 t=1542.9s remaining=1299
    iter=702 E=-2.1068015955 nfev=708 t=1544.9s remaining=1298
    iter=703 E=-2.1068018937 nfev=709 t=1547.0s remaining=1297
    iter=704 E=-2.1068023355 nfev=710 t=1549.1s remaining=1296
    iter=705 E=-2.1068028897 nfev=711 t=1551.2s remaining=1295
    iter=706 E=-2.1068033381 nfev=712 t=1553.2s remaining=1294
    iter=707 E=-2.1068037852 nfev=713 t=1555.3s remaining=1293
    iter=708 E=-2.1068041951 nfev=714 t=1557.4s remaining=1292
    iter=709 E=-2.1068044719 nfev=715 t=1559.6s remaining=1291
    iter=710 E=-2.1068046470 nfev=716 t=1561.6s remaining=1290
    iter=711 E=-2.1068048204 nfev=717 t=1563.6s remaining=1289
    iter=712 E=-2.1068050319 nfev=718 t=1565.7s remaining=1288
    iter=713 E=-2.1068053015 nfev=719 t=1567.8s remaining=1287
    iter=714 E=-2.1068056689 nfev=720 t=1570.0s remaining=1286
    iter=715 E=-2.1068062080 nfev=721 t=1572.2s remaining=1285
    iter=716 E=-2.1068068775 nfev=722 t=1574.3s remaining=1284
    iter=717 E=-2.1068075445 nfev=723 t=1576.4s remaining=1283
    iter=718 E=-2.1068080930 nfev=724 t=1578.6s remaining=1282
    iter=719 E=-2.1068085404 nfev=725 t=1580.7s remaining=1281
    iter=720 E=-2.1068088200 nfev=726 t=1582.8s remaining=1280
    iter=721 E=-2.1068089919 nfev=727 t=1585.0s remaining=1279
    iter=722 E=-2.1068091687 nfev=728 t=1587.1s remaining=1278
    iter=723 E=-2.1068093203 nfev=729 t=1589.3s remaining=1277
    iter=724 E=-2.1068095334 nfev=730 t=1591.4s remaining=1276
    iter=725 E=-2.1068098448 nfev=731 t=1593.5s remaining=1275
    iter=726 E=-2.1068102899 nfev=732 t=1595.6s remaining=1274
    iter=727 E=-2.1068109481 nfev=733 t=1598.1s remaining=1273
    iter=728 E=-2.1068117509 nfev=734 t=1600.1s remaining=1272
    iter=729 E=-2.1068124027 nfev=735 t=1602.3s remaining=1271
    iter=730 E=-2.1068128854 nfev=736 t=1604.4s remaining=1270
    iter=731 E=-2.1068131714 nfev=737 t=1606.5s remaining=1269
    iter=732 E=-2.1068133076 nfev=738 t=1608.5s remaining=1268
    iter=733 E=-2.1068134330 nfev=739 t=1610.7s remaining=1267
    iter=734 E=-2.1068135648 nfev=740 t=1612.9s remaining=1266
    iter=735 E=-2.1068137366 nfev=741 t=1615.1s remaining=1265
    iter=736 E=-2.1068139759 nfev=742 t=1617.3s remaining=1264
    iter=737 E=-2.1068143353 nfev=743 t=1619.3s remaining=1263
    iter=738 E=-2.1068148096 nfev=744 t=1621.3s remaining=1262
    iter=739 E=-2.1068152909 nfev=745 t=1623.4s remaining=1261
    iter=740 E=-2.1068156535 nfev=746 t=1625.5s remaining=1260
    iter=741 E=-2.1068159520 nfev=747 t=1627.6s remaining=1259
    iter=742 E=-2.1068162676 nfev=748 t=1629.8s remaining=1258
    iter=743 E=-2.1068166248 nfev=749 t=1632.0s remaining=1257
    iter=744 E=-2.1068168770 nfev=750 t=1634.0s remaining=1256
    iter=745 E=-2.1068171713 nfev=751 t=1636.1s remaining=1255
    iter=746 E=-2.1068173732 nfev=752 t=1638.4s remaining=1254
    iter=747 E=-2.1068175741 nfev=753 t=1640.7s remaining=1253
    iter=748 E=-2.1068178355 nfev=754 t=1643.0s remaining=1252
    iter=749 E=-2.1068180791 nfev=755 t=1645.2s remaining=1251
    iter=750 E=-2.1068183770 nfev=756 t=1647.3s remaining=1250
    iter=751 E=-2.1068188107 nfev=757 t=1649.5s remaining=1249
    iter=752 E=-2.1068192256 nfev=758 t=1651.6s remaining=1248
    iter=753 E=-2.1068195582 nfev=759 t=1653.7s remaining=1247
    iter=754 E=-2.1068198696 nfev=760 t=1655.8s remaining=1246
    iter=755 E=-2.1068201059 nfev=761 t=1657.9s remaining=1245
    iter=756 E=-2.1068203290 nfev=762 t=1660.1s remaining=1244
    iter=757 E=-2.1068205556 nfev=763 t=1662.3s remaining=1243
    iter=758 E=-2.1068207458 nfev=764 t=1664.5s remaining=1242
    iter=759 E=-2.1068209501 nfev=765 t=1666.6s remaining=1241
    iter=760 E=-2.1068211580 nfev=766 t=1668.7s remaining=1240
    iter=761 E=-2.1068213858 nfev=767 t=1671.0s remaining=1239
    iter=762 E=-2.1068216506 nfev=768 t=1673.1s remaining=1238
    iter=763 E=-2.1068220031 nfev=769 t=1675.1s remaining=1237
    iter=764 E=-2.1068224595 nfev=770 t=1677.6s remaining=1236
    iter=765 E=-2.1068229003 nfev=771 t=1679.9s remaining=1235
    iter=766 E=-2.1068233215 nfev=772 t=1682.1s remaining=1234
    iter=767 E=-2.1068237064 nfev=773 t=1684.2s remaining=1233
    iter=768 E=-2.1068240060 nfev=774 t=1686.3s remaining=1232
    iter=769 E=-2.1068241492 nfev=775 t=1688.4s remaining=1231
    iter=770 E=-2.1068242952 nfev=776 t=1690.7s remaining=1230
    iter=771 E=-2.1068244162 nfev=777 t=1692.8s remaining=1229
    iter=772 E=-2.1068245377 nfev=778 t=1694.8s remaining=1228
    iter=773 E=-2.1068246922 nfev=779 t=1696.9s remaining=1227
    iter=774 E=-2.1068248805 nfev=780 t=1698.8s remaining=1226
    iter=775 E=-2.1068251549 nfev=781 t=1700.9s remaining=1225
    iter=776 E=-2.1068255303 nfev=782 t=1702.9s remaining=1224
    iter=777 E=-2.1068260343 nfev=783 t=1705.0s remaining=1223
    iter=778 E=-2.1068265806 nfev=784 t=1707.0s remaining=1222
    iter=779 E=-2.1068269578 nfev=785 t=1709.1s remaining=1221
    iter=780 E=-2.1068272374 nfev=786 t=1711.3s remaining=1220
    iter=781 E=-2.1068274045 nfev=787 t=1713.4s remaining=1219
    iter=782 E=-2.1068275615 nfev=788 t=1715.5s remaining=1218
    iter=783 E=-2.1068277773 nfev=789 t=1717.7s remaining=1217
    iter=784 E=-2.1068279792 nfev=790 t=1719.9s remaining=1216
    iter=785 E=-2.1068282267 nfev=791 t=1722.5s remaining=1215
    iter=786 E=-2.1068285274 nfev=792 t=1725.0s remaining=1214
    iter=787 E=-2.1068288784 nfev=793 t=1727.1s remaining=1213
    iter=788 E=-2.1068291275 nfev=794 t=1729.3s remaining=1212
    iter=789 E=-2.1068294146 nfev=795 t=1731.7s remaining=1211
    iter=790 E=-2.1068296332 nfev=796 t=1733.9s remaining=1210
    iter=791 E=-2.1068297867 nfev=797 t=1736.0s remaining=1209
    iter=792 E=-2.1068299085 nfev=798 t=1738.3s remaining=1208
    iter=793 E=-2.1068300443 nfev=799 t=1740.4s remaining=1207
    iter=794 E=-2.1068301580 nfev=800 t=1742.6s remaining=1206
    iter=795 E=-2.1068303040 nfev=801 t=1744.7s remaining=1205
    iter=796 E=-2.1068305339 nfev=802 t=1746.8s remaining=1204
    iter=797 E=-2.1068308911 nfev=803 t=1748.9s remaining=1203
    iter=798 E=-2.1068313688 nfev=804 t=1751.0s remaining=1202
    iter=799 E=-2.1068317523 nfev=805 t=1753.0s remaining=1201
    iter=800 E=-2.1068320907 nfev=806 t=1755.0s remaining=1200
    iter=801 E=-2.1068323992 nfev=807 t=1757.2s remaining=1199
    iter=802 E=-2.1068326911 nfev=808 t=1759.2s remaining=1198
    iter=803 E=-2.1068328984 nfev=809 t=1761.4s remaining=1197
    iter=804 E=-2.1068330805 nfev=810 t=1763.4s remaining=1196
    iter=805 E=-2.1068331684 nfev=811 t=1765.7s remaining=1195
    iter=806 E=-2.1068332692 nfev=812 t=1767.9s remaining=1194
    iter=807 E=-2.1068333840 nfev=813 t=1770.0s remaining=1193
    iter=808 E=-2.1068335244 nfev=814 t=1772.1s remaining=1192
    iter=809 E=-2.1068336899 nfev=815 t=1774.1s remaining=1191
    iter=810 E=-2.1068338984 nfev=816 t=1776.3s remaining=1190
    iter=811 E=-2.1068342054 nfev=817 t=1778.4s remaining=1189
    iter=812 E=-2.1068346517 nfev=818 t=1780.5s remaining=1188
    iter=813 E=-2.1068351640 nfev=819 t=1782.6s remaining=1187
    iter=814 E=-2.1068354390 nfev=820 t=1784.7s remaining=1186
    iter=815 E=-2.1068356647 nfev=821 t=1786.9s remaining=1185
    iter=816 E=-2.1068358153 nfev=822 t=1788.9s remaining=1184
    iter=817 E=-2.1068359354 nfev=823 t=1790.9s remaining=1183
    iter=818 E=-2.1068360382 nfev=824 t=1792.9s remaining=1182
    iter=819 E=-2.1068361590 nfev=825 t=1795.1s remaining=1181
    iter=820 E=-2.1068362591 nfev=826 t=1797.1s remaining=1180
    iter=821 E=-2.1068363987 nfev=827 t=1799.1s remaining=1179
    iter=822 E=-2.1068365854 nfev=828 t=1801.1s remaining=1178
    iter=823 E=-2.1068368482 nfev=829 t=1803.1s remaining=1177
    iter=824 E=-2.1068371370 nfev=830 t=1805.2s remaining=1176
    iter=825 E=-2.1068374735 nfev=831 t=1807.4s remaining=1175
    iter=826 E=-2.1068378225 nfev=832 t=1809.4s remaining=1174
    iter=827 E=-2.1068380663 nfev=833 t=1811.4s remaining=1173
    iter=828 E=-2.1068381813 nfev=834 t=1813.4s remaining=1172
    iter=829 E=-2.1068382996 nfev=835 t=1815.6s remaining=1171
    iter=830 E=-2.1068384104 nfev=836 t=1817.7s remaining=1170
    iter=831 E=-2.1068384828 nfev=837 t=1819.8s remaining=1169
    iter=832 E=-2.1068385444 nfev=838 t=1821.9s remaining=1168
    iter=833 E=-2.1068386296 nfev=839 t=1823.9s remaining=1167
    iter=834 E=-2.1068387610 nfev=840 t=1826.0s remaining=1166
    iter=835 E=-2.1068389571 nfev=841 t=1828.1s remaining=1165
    iter=836 E=-2.1068392316 nfev=842 t=1830.2s remaining=1164
    iter=837 E=-2.1068395676 nfev=843 t=1832.2s remaining=1163
    iter=838 E=-2.1068398086 nfev=844 t=1834.4s remaining=1162
    iter=839 E=-2.1068400633 nfev=845 t=1836.5s remaining=1161
    iter=840 E=-2.1068402164 nfev=846 t=1838.7s remaining=1160
    iter=841 E=-2.1068403548 nfev=847 t=1840.7s remaining=1159
    iter=842 E=-2.1068404569 nfev=848 t=1842.8s remaining=1158
    iter=843 E=-2.1068405550 nfev=849 t=1845.0s remaining=1157
    iter=844 E=-2.1068406408 nfev=850 t=1847.0s remaining=1156
    iter=845 E=-2.1068407312 nfev=851 t=1849.1s remaining=1155
    iter=846 E=-2.1068408861 nfev=852 t=1851.1s remaining=1154
    iter=847 E=-2.1068411278 nfev=853 t=1853.2s remaining=1153
    iter=848 E=-2.1068413633 nfev=854 t=1855.3s remaining=1152
    iter=849 E=-2.1068415632 nfev=855 t=1857.4s remaining=1151
    iter=850 E=-2.1068418086 nfev=856 t=1859.4s remaining=1150
    iter=851 E=-2.1068419967 nfev=857 t=1861.7s remaining=1149
    iter=852 E=-2.1068421388 nfev=858 t=1863.9s remaining=1148
    iter=853 E=-2.1068422923 nfev=859 t=1866.1s remaining=1147
    iter=854 E=-2.1068424104 nfev=860 t=1868.2s remaining=1146
    iter=855 E=-2.1068425328 nfev=861 t=1870.4s remaining=1145
    iter=856 E=-2.1068426848 nfev=862 t=1872.6s remaining=1144
    iter=857 E=-2.1068428756 nfev=863 t=1874.7s remaining=1143
    iter=858 E=-2.1068430463 nfev=864 t=1876.9s remaining=1142
    iter=859 E=-2.1068431937 nfev=865 t=1879.1s remaining=1141
    iter=860 E=-2.1068433180 nfev=866 t=1881.6s remaining=1140
    iter=861 E=-2.1068434691 nfev=867 t=1884.2s remaining=1139
    iter=862 E=-2.1068435782 nfev=868 t=1887.2s remaining=1138
    iter=863 E=-2.1068437405 nfev=869 t=1889.7s remaining=1137
    iter=864 E=-2.1068439815 nfev=870 t=1891.9s remaining=1136
    iter=865 E=-2.1068443099 nfev=871 t=1894.0s remaining=1135
    iter=866 E=-2.1068446269 nfev=872 t=1896.1s remaining=1134
    iter=867 E=-2.1068449303 nfev=873 t=1898.1s remaining=1133
    iter=868 E=-2.1068451784 nfev=874 t=1900.2s remaining=1132
    iter=869 E=-2.1068453592 nfev=875 t=1902.2s remaining=1131
    iter=870 E=-2.1068454494 nfev=876 t=1904.3s remaining=1130
    iter=871 E=-2.1068455294 nfev=877 t=1906.4s remaining=1129
    iter=872 E=-2.1068456016 nfev=878 t=1908.4s remaining=1128
    iter=873 E=-2.1068456937 nfev=879 t=1910.6s remaining=1127
    iter=874 E=-2.1068458183 nfev=880 t=1912.8s remaining=1126
    iter=875 E=-2.1068460107 nfev=881 t=1915.0s remaining=1125
    iter=876 E=-2.1068462650 nfev=882 t=1917.5s remaining=1124
    iter=877 E=-2.1068465556 nfev=883 t=1920.1s remaining=1123
    iter=878 E=-2.1068468884 nfev=884 t=1922.4s remaining=1122
    iter=879 E=-2.1068472392 nfev=885 t=1924.9s remaining=1121
    iter=880 E=-2.1068474636 nfev=886 t=1927.4s remaining=1120
    iter=881 E=-2.1068476971 nfev=887 t=1929.5s remaining=1119
    iter=882 E=-2.1068479448 nfev=888 t=1931.7s remaining=1118
    iter=883 E=-2.1068480847 nfev=889 t=1933.8s remaining=1117
    iter=884 E=-2.1068481917 nfev=890 t=1936.0s remaining=1116
    iter=885 E=-2.1068482642 nfev=891 t=1938.1s remaining=1115
    iter=886 E=-2.1068483596 nfev=892 t=1940.3s remaining=1114
    iter=887 E=-2.1068484648 nfev=893 t=1942.4s remaining=1113
    iter=888 E=-2.1068486035 nfev=894 t=1944.5s remaining=1112
    iter=889 E=-2.1068487509 nfev=895 t=1946.6s remaining=1111
    iter=890 E=-2.1068489199 nfev=896 t=1948.9s remaining=1110
    iter=891 E=-2.1068491355 nfev=897 t=1951.0s remaining=1109
    iter=892 E=-2.1068494111 nfev=898 t=1953.1s remaining=1108
    iter=893 E=-2.1068497207 nfev=899 t=1955.1s remaining=1107
    iter=894 E=-2.1068499798 nfev=900 t=1957.3s remaining=1106
    iter=895 E=-2.1068501786 nfev=901 t=1959.4s remaining=1105
    iter=896 E=-2.1068503178 nfev=902 t=1961.5s remaining=1104
    iter=897 E=-2.1068504065 nfev=903 t=1963.6s remaining=1103
    iter=898 E=-2.1068504846 nfev=904 t=1965.7s remaining=1102
    iter=899 E=-2.1068506038 nfev=905 t=1967.7s remaining=1101
    iter=900 E=-2.1068507773 nfev=906 t=1969.9s remaining=1100
    iter=901 E=-2.1068510181 nfev=907 t=1972.0s remaining=1099
    iter=902 E=-2.1068513174 nfev=908 t=1974.2s remaining=1098
    iter=903 E=-2.1068516390 nfev=909 t=1976.3s remaining=1097
    iter=904 E=-2.1068519998 nfev=910 t=1978.5s remaining=1096
    iter=905 E=-2.1068522380 nfev=911 t=1980.8s remaining=1095
    iter=906 E=-2.1068524375 nfev=912 t=1983.0s remaining=1094
    iter=907 E=-2.1068525725 nfev=913 t=1985.4s remaining=1093
    iter=908 E=-2.1068526641 nfev=914 t=1987.7s remaining=1092
    iter=909 E=-2.1068527287 nfev=915 t=1990.0s remaining=1091
    iter=910 E=-2.1068528048 nfev=916 t=1992.3s remaining=1090
    iter=911 E=-2.1068528981 nfev=917 t=1994.4s remaining=1089
    iter=912 E=-2.1068530334 nfev=918 t=1996.8s remaining=1088
    iter=913 E=-2.1068532159 nfev=919 t=1998.8s remaining=1087
    iter=914 E=-2.1068534809 nfev=920 t=2001.1s remaining=1086
    iter=915 E=-2.1068537909 nfev=921 t=2003.3s remaining=1085
    iter=916 E=-2.1068540781 nfev=922 t=2005.4s remaining=1084
    iter=917 E=-2.1068543326 nfev=923 t=2007.8s remaining=1083
    iter=918 E=-2.1068545881 nfev=924 t=2011.7s remaining=1082
    iter=919 E=-2.1068547999 nfev=925 t=2014.5s remaining=1081
    iter=920 E=-2.1068550193 nfev=926 t=2016.5s remaining=1080
    iter=921 E=-2.1068552349 nfev=927 t=2018.5s remaining=1079
    iter=922 E=-2.1068553952 nfev=928 t=2020.6s remaining=1078
    iter=923 E=-2.1068555461 nfev=929 t=2022.9s remaining=1077
    iter=924 E=-2.1068556766 nfev=930 t=2025.0s remaining=1076
    iter=925 E=-2.1068557564 nfev=931 t=2027.1s remaining=1075
    iter=926 E=-2.1068558376 nfev=932 t=2029.4s remaining=1074
    iter=927 E=-2.1068559589 nfev=933 t=2031.7s remaining=1073
    iter=928 E=-2.1068560975 nfev=934 t=2033.9s remaining=1072
    iter=929 E=-2.1068563059 nfev=935 t=2036.1s remaining=1071
    iter=930 E=-2.1068565931 nfev=936 t=2038.1s remaining=1070
    iter=931 E=-2.1068569427 nfev=937 t=2040.3s remaining=1069
    iter=932 E=-2.1068572521 nfev=938 t=2042.5s remaining=1068
    iter=933 E=-2.1068574955 nfev=939 t=2044.8s remaining=1067
    iter=934 E=-2.1068577246 nfev=940 t=2047.0s remaining=1066
    iter=935 E=-2.1068579173 nfev=941 t=2049.1s remaining=1065
    iter=936 E=-2.1068580548 nfev=942 t=2051.3s remaining=1064
    iter=937 E=-2.1068581448 nfev=943 t=2053.5s remaining=1063
    iter=938 E=-2.1068582169 nfev=944 t=2055.6s remaining=1062
    iter=939 E=-2.1068582621 nfev=945 t=2057.8s remaining=1061
    iter=940 E=-2.1068583222 nfev=946 t=2060.1s remaining=1060
    iter=941 E=-2.1068583907 nfev=947 t=2062.3s remaining=1059
    iter=942 E=-2.1068584874 nfev=948 t=2064.4s remaining=1058
    iter=943 E=-2.1068586069 nfev=949 t=2066.7s remaining=1057
    iter=944 E=-2.1068587672 nfev=950 t=2068.9s remaining=1056
    iter=945 E=-2.1068589625 nfev=951 t=2071.1s remaining=1055
    iter=946 E=-2.1068591941 nfev=952 t=2073.3s remaining=1054
    iter=947 E=-2.1068594661 nfev=953 t=2075.3s remaining=1053
    iter=948 E=-2.1068597210 nfev=954 t=2077.4s remaining=1052
    iter=949 E=-2.1068599509 nfev=955 t=2079.5s remaining=1051
    iter=950 E=-2.1068601525 nfev=956 t=2081.5s remaining=1050
    iter=951 E=-2.1068603085 nfev=957 t=2083.5s remaining=1049
    iter=952 E=-2.1068604045 nfev=958 t=2085.6s remaining=1048
    iter=953 E=-2.1068604499 nfev=959 t=2087.7s remaining=1047
    iter=954 E=-2.1068605083 nfev=960 t=2089.8s remaining=1046
    iter=955 E=-2.1068605912 nfev=961 t=2092.1s remaining=1045
    iter=956 E=-2.1068607130 nfev=962 t=2094.3s remaining=1044
    iter=957 E=-2.1068608698 nfev=963 t=2096.4s remaining=1043
    iter=958 E=-2.1068610686 nfev=964 t=2098.4s remaining=1042
    iter=959 E=-2.1068613082 nfev=965 t=2100.4s remaining=1041
    iter=960 E=-2.1068616396 nfev=966 t=2102.4s remaining=1040
    iter=961 E=-2.1068620182 nfev=967 t=2104.5s remaining=1039
    iter=962 E=-2.1068623852 nfev=968 t=2106.6s remaining=1038
    iter=963 E=-2.1068626819 nfev=969 t=2108.8s remaining=1037
    iter=964 E=-2.1068629339 nfev=970 t=2111.0s remaining=1036
    iter=965 E=-2.1068630966 nfev=971 t=2113.5s remaining=1035
    iter=966 E=-2.1068632098 nfev=972 t=2115.7s remaining=1034
    iter=967 E=-2.1068632756 nfev=973 t=2117.8s remaining=1033
    iter=968 E=-2.1068633285 nfev=974 t=2120.0s remaining=1032
    iter=969 E=-2.1068633822 nfev=975 t=2122.1s remaining=1031
    iter=970 E=-2.1068634537 nfev=976 t=2124.5s remaining=1030
    iter=971 E=-2.1068635606 nfev=977 t=2126.8s remaining=1029
    iter=972 E=-2.1068636896 nfev=978 t=2129.1s remaining=1028
    iter=973 E=-2.1068638453 nfev=979 t=2131.2s remaining=1027
    iter=974 E=-2.1068639721 nfev=980 t=2133.7s remaining=1026
    iter=975 E=-2.1068641164 nfev=981 t=2135.9s remaining=1025
    iter=976 E=-2.1068642913 nfev=982 t=2138.2s remaining=1024
    iter=977 E=-2.1068645275 nfev=983 t=2140.4s remaining=1023
    iter=978 E=-2.1068647818 nfev=984 t=2142.8s remaining=1022
    iter=979 E=-2.1068649896 nfev=985 t=2145.0s remaining=1021
    iter=980 E=-2.1068650778 nfev=986 t=2147.1s remaining=1020
    iter=981 E=-2.1068651541 nfev=987 t=2149.1s remaining=1019
    iter=982 E=-2.1068651992 nfev=988 t=2151.4s remaining=1018
    iter=983 E=-2.1068652340 nfev=989 t=2153.6s remaining=1017
    iter=984 E=-2.1068652604 nfev=990 t=2155.8s remaining=1016
    iter=985 E=-2.1068652890 nfev=991 t=2158.0s remaining=1015
    iter=986 E=-2.1068653159 nfev=992 t=2160.1s remaining=1014
    iter=987 E=-2.1068653533 nfev=993 t=2162.4s remaining=1013
    iter=988 E=-2.1068654021 nfev=994 t=2164.7s remaining=1012
    iter=989 E=-2.1068654745 nfev=995 t=2166.7s remaining=1011
    iter=990 E=-2.1068655731 nfev=996 t=2168.8s remaining=1010
    iter=991 E=-2.1068657067 nfev=997 t=2170.9s remaining=1009
    iter=992 E=-2.1068658713 nfev=998 t=2173.2s remaining=1008
    iter=993 E=-2.1068660696 nfev=999 t=2175.3s remaining=1007
    iter=994 E=-2.1068663226 nfev=1000 t=2177.4s remaining=1006
    iter=995 E=-2.1068666073 nfev=1001 t=2179.5s remaining=1005
    iter=996 E=-2.1068667719 nfev=1002 t=2181.5s remaining=1004
    iter=997 E=-2.1068668610 nfev=1003 t=2183.6s remaining=1003
    iter=998 E=-2.1068668972 nfev=1004 t=2185.6s remaining=1002
    iter=999 E=-2.1068669418 nfev=1005 t=2187.7s remaining=1001
    iter=1000 E=-2.1068669886 nfev=1006 t=2189.7s remaining=1000
    iter=1001 E=-2.1068670343 nfev=1007 t=2191.7s remaining=999
    iter=1002 E=-2.1068670742 nfev=1008 t=2193.8s remaining=998
    iter=1003 E=-2.1068671130 nfev=1009 t=2195.9s remaining=997
    iter=1004 E=-2.1068671564 nfev=1010 t=2198.1s remaining=996
    iter=1005 E=-2.1068672095 nfev=1011 t=2200.3s remaining=995
    iter=1006 E=-2.1068672823 nfev=1012 t=2202.7s remaining=994
    iter=1007 E=-2.1068673761 nfev=1013 t=2205.0s remaining=993
    iter=1008 E=-2.1068675040 nfev=1014 t=2207.5s remaining=992
    iter=1009 E=-2.1068676213 nfev=1015 t=2209.7s remaining=991
    iter=1010 E=-2.1068677511 nfev=1016 t=2211.9s remaining=990
    iter=1011 E=-2.1068678621 nfev=1017 t=2214.0s remaining=989
    iter=1012 E=-2.1068679982 nfev=1018 t=2216.2s remaining=988
    iter=1013 E=-2.1068681099 nfev=1019 t=2218.3s remaining=987
    iter=1014 E=-2.1068681542 nfev=1020 t=2221.0s remaining=986
    iter=1015 E=-2.1068682022 nfev=1021 t=2223.0s remaining=985
    iter=1016 E=-2.1068682356 nfev=1022 t=2225.1s remaining=984
    iter=1017 E=-2.1068682749 nfev=1023 t=2227.1s remaining=983
    iter=1018 E=-2.1068683129 nfev=1024 t=2229.2s remaining=982
    iter=1019 E=-2.1068683646 nfev=1025 t=2231.2s remaining=981
    iter=1020 E=-2.1068684367 nfev=1026 t=2233.2s remaining=980
    iter=1021 E=-2.1068685479 nfev=1027 t=2235.3s remaining=979
    iter=1022 E=-2.1068687091 nfev=1028 t=2237.3s remaining=978
    iter=1023 E=-2.1068689269 nfev=1029 t=2239.4s remaining=977
    iter=1024 E=-2.1068691462 nfev=1030 t=2241.4s remaining=976
    iter=1025 E=-2.1068693093 nfev=1031 t=2243.4s remaining=975
    iter=1026 E=-2.1068694620 nfev=1032 t=2245.4s remaining=974
    iter=1027 E=-2.1068695091 nfev=1033 t=2247.5s remaining=973
    iter=1028 E=-2.1068695366 nfev=1034 t=2249.5s remaining=972
    iter=1029 E=-2.1068695542 nfev=1035 t=2251.6s remaining=971
    iter=1030 E=-2.1068695619 nfev=1036 t=2253.7s remaining=970
    iter=1031 E=-2.1068695662 nfev=1037 t=2255.9s remaining=969
    iter=1032 E=-2.1068695785 nfev=1039 t=2260.8s remaining=968
    iter=1033 E=-2.1068695895 nfev=1040 t=2263.4s remaining=967
    iter=1034 E=-2.1068696145 nfev=1042 t=2268.0s remaining=966
    iter=1035 E=-2.1068696391 nfev=1043 t=2270.1s remaining=965
    iter=1036 E=-2.1068696587 nfev=1044 t=2272.5s remaining=964
    iter=1037 E=-2.1068696826 nfev=1045 t=2274.8s remaining=963
    iter=1038 E=-2.1068697943 nfev=1047 t=2279.6s remaining=962
    iter=1039 E=-2.1068698942 nfev=1048 t=2282.0s remaining=961
    iter=1040 E=-2.1068700038 nfev=1049 t=2284.1s remaining=960
    iter=1041 E=-2.1068701506 nfev=1050 t=2286.2s remaining=959
    iter=1042 E=-2.1068703856 nfev=1051 t=2288.3s remaining=958
    iter=1043 E=-2.1068706797 nfev=1052 t=2290.4s remaining=957
    iter=1044 E=-2.1068709125 nfev=1053 t=2292.7s remaining=956
    iter=1045 E=-2.1068710106 nfev=1054 t=2294.9s remaining=955
    iter=1046 E=-2.1068710979 nfev=1055 t=2297.0s remaining=954
    iter=1047 E=-2.1068711701 nfev=1056 t=2299.1s remaining=953
    iter=1048 E=-2.1068712295 nfev=1057 t=2301.3s remaining=952
    iter=1049 E=-2.1068712522 nfev=1058 t=2303.5s remaining=951
    iter=1050 E=-2.1068712691 nfev=1059 t=2305.6s remaining=950
    iter=1051 E=-2.1068712887 nfev=1060 t=2307.7s remaining=949
    iter=1052 E=-2.1068713164 nfev=1061 t=2309.7s remaining=948
    iter=1053 E=-2.1068713576 nfev=1062 t=2312.3s remaining=947
    iter=1054 E=-2.1068714201 nfev=1063 t=2314.6s remaining=946
    iter=1055 E=-2.1068715061 nfev=1064 t=2316.8s remaining=945
    iter=1056 E=-2.1068716152 nfev=1065 t=2318.9s remaining=944
    iter=1057 E=-2.1068717073 nfev=1066 t=2321.1s remaining=943
    iter=1058 E=-2.1068718264 nfev=1067 t=2323.2s remaining=942
    iter=1059 E=-2.1068719898 nfev=1068 t=2325.6s remaining=941
    iter=1060 E=-2.1068722265 nfev=1069 t=2327.6s remaining=940
    iter=1061 E=-2.1068724834 nfev=1070 t=2329.9s remaining=939
    iter=1062 E=-2.1068725872 nfev=1071 t=2332.2s remaining=938
    iter=1063 E=-2.1068726218 nfev=1072 t=2334.3s remaining=937
    iter=1064 E=-2.1068726788 nfev=1073 t=2336.4s remaining=936
    iter=1065 E=-2.1068727590 nfev=1074 t=2338.5s remaining=935
    iter=1066 E=-2.1068728502 nfev=1075 t=2340.5s remaining=934
    iter=1067 E=-2.1068729018 nfev=1076 t=2342.6s remaining=933
    iter=1068 E=-2.1068729770 nfev=1077 t=2344.7s remaining=932
    iter=1069 E=-2.1068731113 nfev=1078 t=2346.6s remaining=931
    iter=1070 E=-2.1068733030 nfev=1079 t=2348.9s remaining=930
    iter=1071 E=-2.1068734942 nfev=1080 t=2350.9s remaining=929
    iter=1072 E=-2.1068737293 nfev=1081 t=2352.9s remaining=928
    iter=1073 E=-2.1068739576 nfev=1082 t=2354.9s remaining=927
    iter=1074 E=-2.1068740718 nfev=1083 t=2356.9s remaining=926
    iter=1075 E=-2.1068741478 nfev=1084 t=2358.9s remaining=925
    iter=1076 E=-2.1068742155 nfev=1085 t=2361.2s remaining=924
    iter=1077 E=-2.1068742903 nfev=1086 t=2363.3s remaining=923
    iter=1078 E=-2.1068743846 nfev=1087 t=2365.3s remaining=922
    iter=1079 E=-2.1068745054 nfev=1088 t=2367.4s remaining=921
    iter=1080 E=-2.1068746535 nfev=1089 t=2369.3s remaining=920
    iter=1081 E=-2.1068748146 nfev=1090 t=2371.4s remaining=919
    iter=1082 E=-2.1068749618 nfev=1091 t=2373.6s remaining=918
    iter=1083 E=-2.1068750759 nfev=1092 t=2375.6s remaining=917
    iter=1084 E=-2.1068751312 nfev=1093 t=2377.7s remaining=916
    iter=1085 E=-2.1068751983 nfev=1094 t=2379.7s remaining=915
    iter=1086 E=-2.1068752215 nfev=1095 t=2381.7s remaining=914
    iter=1087 E=-2.1068752573 nfev=1096 t=2383.8s remaining=913
    iter=1088 E=-2.1068753030 nfev=1097 t=2385.8s remaining=912
    iter=1089 E=-2.1068753467 nfev=1098 t=2387.8s remaining=911
    iter=1090 E=-2.1068753845 nfev=1099 t=2389.9s remaining=910
    iter=1091 E=-2.1068754264 nfev=1100 t=2391.9s remaining=909
    iter=1092 E=-2.1068754842 nfev=1101 t=2393.8s remaining=908
    iter=1093 E=-2.1068755688 nfev=1102 t=2395.8s remaining=907
    iter=1094 E=-2.1068756916 nfev=1103 t=2398.0s remaining=906
    iter=1095 E=-2.1068758723 nfev=1104 t=2399.9s remaining=905
    iter=1096 E=-2.1068761079 nfev=1105 t=2401.8s remaining=904
    iter=1097 E=-2.1068763959 nfev=1106 t=2403.8s remaining=903
    iter=1098 E=-2.1068766459 nfev=1107 t=2405.8s remaining=902
    iter=1099 E=-2.1068768641 nfev=1108 t=2407.9s remaining=901
    iter=1100 E=-2.1068770406 nfev=1109 t=2410.0s remaining=900
    iter=1101 E=-2.1068771067 nfev=1110 t=2412.2s remaining=899
    iter=1102 E=-2.1068771646 nfev=1111 t=2414.4s remaining=898
    iter=1103 E=-2.1068772215 nfev=1112 t=2416.4s remaining=897
    iter=1104 E=-2.1068772569 nfev=1113 t=2418.6s remaining=896
    iter=1105 E=-2.1068772758 nfev=1114 t=2420.8s remaining=895
    iter=1106 E=-2.1068772851 nfev=1115 t=2422.8s remaining=894
    iter=1107 E=-2.1068773036 nfev=1117 t=2426.9s remaining=893
    iter=1108 E=-2.1068773105 nfev=1118 t=2428.9s remaining=892
    iter=1109 E=-2.1068773234 nfev=1120 t=2433.1s remaining=891
    iter=1110 E=-2.1068773264 nfev=1121 t=2435.4s remaining=890
    iter=1111 E=-2.1068773357 nfev=1123 t=2439.4s remaining=889
    iter=1112 E=-2.1068773391 nfev=1126 t=2445.4s remaining=888
    iter=1113 E=-2.1068773504 nfev=1128 t=2449.6s remaining=887
    iter=1114 E=-2.1068773549 nfev=1130 t=2454.0s remaining=886
    iter=1115 E=-2.1068773644 nfev=1132 t=2458.3s remaining=885
    iter=1116 E=-2.1068773673 nfev=1134 t=2462.4s remaining=884
    iter=1117 E=-2.1068773706 nfev=1136 t=2466.4s remaining=883
    iter=1118 E=-2.1068773781 nfev=1138 t=2470.6s remaining=882
    iter=1119 E=-2.1068773963 nfev=1140 t=2474.7s remaining=881
    iter=1120 E=-2.1068774257 nfev=1142 t=2479.0s remaining=880
    iter=1121 E=-2.1068774483 nfev=1143 t=2480.9s remaining=879
    iter=1122 E=-2.1068774633 nfev=1144 t=2483.0s remaining=878
    iter=1123 E=-2.1068775376 nfev=1146 t=2487.1s remaining=877
    iter=1124 E=-2.1068775963 nfev=1147 t=2489.0s remaining=876
    iter=1125 E=-2.1068776636 nfev=1148 t=2491.0s remaining=875
    iter=1126 E=-2.1068777589 nfev=1149 t=2493.0s remaining=874
    iter=1127 E=-2.1068778754 nfev=1150 t=2495.0s remaining=873
    iter=1128 E=-2.1068780744 nfev=1151 t=2497.0s remaining=872
    iter=1129 E=-2.1068782776 nfev=1152 t=2499.3s remaining=871
    iter=1130 E=-2.1068785817 nfev=1153 t=2501.4s remaining=870
    iter=1131 E=-2.1068787776 nfev=1154 t=2503.8s remaining=869
    iter=1132 E=-2.1068788782 nfev=1155 t=2506.1s remaining=868
    iter=1133 E=-2.1068789391 nfev=1156 t=2508.3s remaining=867
    iter=1134 E=-2.1068790032 nfev=1157 t=2510.7s remaining=866
    iter=1135 E=-2.1068790325 nfev=1158 t=2512.7s remaining=865
    iter=1136 E=-2.1068790580 nfev=1159 t=2514.7s remaining=864
    iter=1137 E=-2.1068790882 nfev=1160 t=2516.7s remaining=863
    iter=1138 E=-2.1068791314 nfev=1161 t=2518.8s remaining=862
    iter=1139 E=-2.1068791970 nfev=1162 t=2520.9s remaining=861
    iter=1140 E=-2.1068792937 nfev=1163 t=2522.8s remaining=860
    iter=1141 E=-2.1068794269 nfev=1164 t=2524.8s remaining=859
    iter=1142 E=-2.1068795694 nfev=1165 t=2526.8s remaining=858
    iter=1143 E=-2.1068796931 nfev=1166 t=2528.8s remaining=857
    iter=1144 E=-2.1068798214 nfev=1167 t=2530.9s remaining=856
    iter=1145 E=-2.1068799891 nfev=1168 t=2533.0s remaining=855
    iter=1146 E=-2.1068802061 nfev=1169 t=2535.0s remaining=854
    iter=1147 E=-2.1068804208 nfev=1170 t=2537.1s remaining=853
    iter=1148 E=-2.1068804646 nfev=1172 t=2541.2s remaining=852
    iter=1149 E=-2.1068805214 nfev=1173 t=2543.2s remaining=851
    iter=1150 E=-2.1068805275 nfev=1174 t=2545.3s remaining=850
    iter=1151 E=-2.1068805434 nfev=1175 t=2547.3s remaining=849
    iter=1152 E=-2.1068805794 nfev=1176 t=2549.4s remaining=848
    iter=1153 E=-2.1068806549 nfev=1177 t=2551.4s remaining=847
    iter=1154 E=-2.1068807334 nfev=1178 t=2553.5s remaining=846
    iter=1155 E=-2.1068807810 nfev=1179 t=2555.8s remaining=845
    iter=1156 E=-2.1068808533 nfev=1180 t=2558.0s remaining=844
    iter=1157 E=-2.1068809598 nfev=1181 t=2560.0s remaining=843
    iter=1158 E=-2.1068810716 nfev=1182 t=2562.1s remaining=842
    iter=1159 E=-2.1068811862 nfev=1183 t=2564.3s remaining=841
    iter=1160 E=-2.1068812791 nfev=1184 t=2566.3s remaining=840
    iter=1161 E=-2.1068814036 nfev=1185 t=2568.3s remaining=839
    iter=1162 E=-2.1068815828 nfev=1186 t=2570.4s remaining=838
    iter=1163 E=-2.1068817356 nfev=1187 t=2572.5s remaining=837
    iter=1164 E=-2.1068818376 nfev=1188 t=2574.6s remaining=836
    iter=1165 E=-2.1068818537 nfev=1189 t=2576.6s remaining=835
    iter=1166 E=-2.1068818802 nfev=1190 t=2578.6s remaining=834
    iter=1167 E=-2.1068819110 nfev=1191 t=2580.7s remaining=833
    iter=1168 E=-2.1068819415 nfev=1192 t=2582.7s remaining=832
    iter=1169 E=-2.1068819552 nfev=1193 t=2584.7s remaining=831
    iter=1170 E=-2.1068819722 nfev=1194 t=2586.8s remaining=830
    iter=1171 E=-2.1068819967 nfev=1195 t=2588.9s remaining=829
    iter=1172 E=-2.1068820339 nfev=1196 t=2591.1s remaining=828
    iter=1173 E=-2.1068820887 nfev=1197 t=2593.2s remaining=827
    iter=1174 E=-2.1068821690 nfev=1198 t=2595.4s remaining=826
    iter=1175 E=-2.1068822724 nfev=1199 t=2597.5s remaining=825
    iter=1176 E=-2.1068823959 nfev=1200 t=2599.5s remaining=824
    iter=1177 E=-2.1068824916 nfev=1201 t=2601.5s remaining=823
    iter=1178 E=-2.1068825822 nfev=1202 t=2603.5s remaining=822
    iter=1179 E=-2.1068826510 nfev=1203 t=2605.8s remaining=821
    iter=1180 E=-2.1068827400 nfev=1204 t=2608.0s remaining=820
    iter=1181 E=-2.1068828037 nfev=1205 t=2610.3s remaining=819
    iter=1182 E=-2.1068828460 nfev=1206 t=2612.4s remaining=818
    iter=1183 E=-2.1068828550 nfev=1207 t=2614.8s remaining=817
    iter=1184 E=-2.1068828664 nfev=1208 t=2617.0s remaining=816
    iter=1185 E=-2.1068828825 nfev=1209 t=2619.1s remaining=815
    iter=1186 E=-2.1068829016 nfev=1210 t=2621.1s remaining=814
    iter=1187 E=-2.1068829266 nfev=1211 t=2623.1s remaining=813
    iter=1188 E=-2.1068829546 nfev=1212 t=2625.3s remaining=812
    iter=1189 E=-2.1068829888 nfev=1213 t=2627.5s remaining=811
    iter=1190 E=-2.1068830263 nfev=1214 t=2629.6s remaining=810
    iter=1191 E=-2.1068830679 nfev=1215 t=2631.7s remaining=809
    iter=1192 E=-2.1068831134 nfev=1216 t=2634.0s remaining=808
    iter=1193 E=-2.1068831609 nfev=1217 t=2636.3s remaining=807
    iter=1194 E=-2.1068832116 nfev=1218 t=2638.4s remaining=806
    iter=1195 E=-2.1068832622 nfev=1219 t=2640.4s remaining=805
    iter=1196 E=-2.1068833134 nfev=1220 t=2642.4s remaining=804
    iter=1197 E=-2.1068833633 nfev=1221 t=2644.5s remaining=803
    iter=1198 E=-2.1068834093 nfev=1222 t=2646.6s remaining=802
    iter=1199 E=-2.1068834558 nfev=1223 t=2648.6s remaining=801
    iter=1200 E=-2.1068834957 nfev=1224 t=2650.6s remaining=800
    iter=1201 E=-2.1068835423 nfev=1225 t=2652.6s remaining=799
    iter=1202 E=-2.1068835836 nfev=1226 t=2654.7s remaining=798
    iter=1203 E=-2.1068836435 nfev=1227 t=2656.8s remaining=797
    iter=1204 E=-2.1068837041 nfev=1228 t=2659.2s remaining=796
    iter=1205 E=-2.1068838057 nfev=1229 t=2661.2s remaining=795
    iter=1206 E=-2.1068838807 nfev=1230 t=2663.3s remaining=794
    iter=1207 E=-2.1068839443 nfev=1231 t=2665.3s remaining=793
    iter=1208 E=-2.1068839945 nfev=1232 t=2667.4s remaining=792
    iter=1209 E=-2.1068840686 nfev=1233 t=2669.5s remaining=791
    iter=1210 E=-2.1068841234 nfev=1234 t=2671.5s remaining=790
    iter=1211 E=-2.1068841563 nfev=1235 t=2673.5s remaining=789
    iter=1212 E=-2.1068842117 nfev=1236 t=2675.6s remaining=788
    iter=1213 E=-2.1068843108 nfev=1237 t=2677.7s remaining=787
    iter=1214 E=-2.1068844658 nfev=1238 t=2679.7s remaining=786
    iter=1215 E=-2.1068845348 nfev=1239 t=2681.7s remaining=785
    iter=1216 E=-2.1068846161 nfev=1240 t=2683.7s remaining=784
    iter=1217 E=-2.1068847271 nfev=1241 t=2685.7s remaining=783
    iter=1218 E=-2.1068848201 nfev=1242 t=2687.8s remaining=782
    iter=1219 E=-2.1068848608 nfev=1243 t=2689.9s remaining=781
    iter=1220 E=-2.1068848699 nfev=1244 t=2692.0s remaining=780
    iter=1221 E=-2.1068848783 nfev=1246 t=2696.2s remaining=779
    iter=1222 E=-2.1068848817 nfev=1248 t=2700.1s remaining=778
    iter=1223 E=-2.1068848836 nfev=1250 t=2704.3s remaining=777
    iter=1224 E=-2.1068848840 nfev=1254 t=2712.7s remaining=776
    iter=1225 E=-2.1068848855 nfev=1259 t=2723.1s remaining=775
    iter=1225 E=-2.1068848855 nfev=1289 t=2785.3s remaining=775
    seed=0 E=-2.1068848855 dE=+1.120e-04 nit=1225 ok=False t=2785.3s
  r=0.70  L=11  npar=470   E=-2.1068848855  |E-FCI|=1.120e-04  FCI=no   chem=yes

=== summary (best seed per layer) ===
  bond   L ansatz                 npar              E     |E-FCI|  FCI? chem?
  0.70  11 (ECD+SNAP)^11 + ECD     470  -2.1068848855   1.120e-04    no   yes

wrote data/results/h4_hybrid_L11_nobs_r0070.json
