self-check ok (nfock=4, use_bs=False, worst FD rel err 0.00e+00)
per-iter log: /workspace/qumode_chem/data/results/h4_hybrid_L5_nobs_r250_iters.jsonl
live snapshot: /workspace/qumode_chem/data/results/h4_hybrid_L5_nobs_r250_live.json

=== build H4 JWT Hamiltonian at R=2.50 Å ===
=== r=2.50 Å stretched  FCI(pyscf)=-1.8722159944  eig=-1.8722159944  paper_fci=-1.87221599  paper_SNAP_D20=-1.872215990639203 ===
-- r=2.50  (ECD+SNAP)^5 + ECD   npar=218 --
    iter=1 E=-1.1070845763 nfev=2 t=10.5s remaining=1999
    iter=2 E=-1.1592537460 nfev=3 t=16.8s remaining=1998
    iter=3 E=-1.2016656314 nfev=4 t=23.5s remaining=1997
    iter=4 E=-1.2213678546 nfev=5 t=29.5s remaining=1996
    iter=5 E=-1.2535149711 nfev=6 t=35.3s remaining=1995
    iter=6 E=-1.2931675486 nfev=7 t=46.7s remaining=1994
    iter=7 E=-1.3054185453 nfev=8 t=51.7s remaining=1993
    iter=8 E=-1.3239131949 nfev=9 t=58.8s remaining=1992
    iter=9 E=-1.3437546623 nfev=10 t=73.0s remaining=1991
    iter=10 E=-1.3638927962 nfev=11 t=78.9s remaining=1990
    iter=11 E=-1.3892871314 nfev=12 t=86.1s remaining=1989
    iter=12 E=-1.4212456563 nfev=13 t=89.4s remaining=1988
    iter=13 E=-1.4450191733 nfev=14 t=93.3s remaining=1987
    iter=14 E=-1.4687412632 nfev=15 t=97.9s remaining=1986
    iter=15 E=-1.4965931234 nfev=16 t=104.1s remaining=1985
    iter=16 E=-1.5046736153 nfev=17 t=112.9s remaining=1984
    iter=17 E=-1.5188687268 nfev=18 t=118.2s remaining=1983
    iter=18 E=-1.5442268011 nfev=19 t=125.8s remaining=1982
    iter=19 E=-1.5779774890 nfev=20 t=133.2s remaining=1981
    iter=20 E=-1.6026973572 nfev=21 t=137.1s remaining=1980
    iter=21 E=-1.6111630436 nfev=22 t=141.0s remaining=1979
    iter=22 E=-1.6254237130 nfev=23 t=144.8s remaining=1978
    iter=23 E=-1.6490583260 nfev=24 t=152.1s remaining=1977
    iter=24 E=-1.6787326242 nfev=25 t=158.1s remaining=1976
    iter=25 E=-1.7065735498 nfev=26 t=164.7s remaining=1975
    iter=26 E=-1.7079956607 nfev=27 t=171.7s remaining=1974
    iter=27 E=-1.7207299284 nfev=29 t=184.8s remaining=1973
    iter=28 E=-1.7396670117 nfev=30 t=190.5s remaining=1972
    iter=29 E=-1.7585900786 nfev=31 t=195.7s remaining=1971
    iter=30 E=-1.7620612839 nfev=32 t=203.6s remaining=1970
    iter=31 E=-1.7681243693 nfev=33 t=212.9s remaining=1969
    iter=32 E=-1.7780479222 nfev=34 t=218.5s remaining=1968
    iter=33 E=-1.7908842038 nfev=35 t=223.3s remaining=1967
    iter=34 E=-1.8004318436 nfev=36 t=229.6s remaining=1966
    iter=35 E=-1.8026079337 nfev=37 t=236.0s remaining=1965
    iter=36 E=-1.8066560245 nfev=38 t=241.0s remaining=1964
    iter=37 E=-1.8135831275 nfev=39 t=245.4s remaining=1963
    iter=38 E=-1.8232627825 nfev=40 t=252.9s remaining=1962
    iter=39 E=-1.8301057546 nfev=41 t=259.9s remaining=1961
    iter=40 E=-1.8348376254 nfev=42 t=266.5s remaining=1960
    iter=41 E=-1.8397397888 nfev=43 t=271.8s remaining=1959
    iter=42 E=-1.8456879094 nfev=44 t=279.5s remaining=1958
    iter=43 E=-1.8490333452 nfev=45 t=286.4s remaining=1957
    iter=44 E=-1.8509985975 nfev=46 t=291.9s remaining=1956
    iter=45 E=-1.8534382378 nfev=47 t=295.3s remaining=1955
    iter=46 E=-1.8558356999 nfev=48 t=297.0s remaining=1954
    iter=47 E=-1.8583808510 nfev=49 t=299.5s remaining=1953
    iter=48 E=-1.8602219489 nfev=50 t=305.1s remaining=1952
    iter=49 E=-1.8611827303 nfev=51 t=310.7s remaining=1951
    iter=50 E=-1.8623277851 nfev=52 t=313.4s remaining=1950
    iter=51 E=-1.8631866430 nfev=53 t=315.8s remaining=1949
    iter=52 E=-1.8639608023 nfev=54 t=319.6s remaining=1948
    iter=53 E=-1.8645069768 nfev=55 t=326.4s remaining=1947
    iter=54 E=-1.8650528272 nfev=56 t=332.8s remaining=1946
    iter=55 E=-1.8654916123 nfev=57 t=338.3s remaining=1945
    iter=56 E=-1.8657760973 nfev=58 t=345.0s remaining=1944
    iter=57 E=-1.8659695157 nfev=59 t=349.7s remaining=1943
    iter=58 E=-1.8661229464 nfev=60 t=355.6s remaining=1942
    iter=59 E=-1.8662481367 nfev=61 t=361.7s remaining=1941
    iter=60 E=-1.8663526857 nfev=62 t=367.7s remaining=1940
    iter=61 E=-1.8664163341 nfev=63 t=374.1s remaining=1939
    iter=62 E=-1.8664814480 nfev=64 t=378.7s remaining=1938
    iter=63 E=-1.8665341682 nfev=65 t=384.8s remaining=1937
    iter=64 E=-1.8665686870 nfev=66 t=390.4s remaining=1936
    iter=65 E=-1.8666055069 nfev=67 t=396.0s remaining=1935
    iter=66 E=-1.8666309296 nfev=68 t=401.4s remaining=1934
    iter=67 E=-1.8666521100 nfev=69 t=406.5s remaining=1933
    iter=68 E=-1.8666749446 nfev=70 t=412.4s remaining=1932
    iter=69 E=-1.8667026068 nfev=71 t=418.6s remaining=1931
    iter=70 E=-1.8667311450 nfev=72 t=427.9s remaining=1930
    iter=71 E=-1.8667576642 nfev=73 t=435.5s remaining=1929
    iter=72 E=-1.8667892127 nfev=74 t=441.1s remaining=1928
    iter=73 E=-1.8668289934 nfev=75 t=444.8s remaining=1927
    iter=74 E=-1.8668785011 nfev=76 t=446.3s remaining=1926
    iter=75 E=-1.8669339183 nfev=77 t=449.5s remaining=1925
    iter=76 E=-1.8669914656 nfev=78 t=455.1s remaining=1924
    iter=77 E=-1.8670552109 nfev=79 t=459.6s remaining=1923
    iter=78 E=-1.8671419328 nfev=80 t=465.3s remaining=1922
    iter=79 E=-1.8672510194 nfev=81 t=471.1s remaining=1921
    iter=80 E=-1.8673875080 nfev=82 t=477.1s remaining=1920
    iter=81 E=-1.8675064385 nfev=83 t=485.0s remaining=1919
    iter=82 E=-1.8676281334 nfev=84 t=492.6s remaining=1918
    iter=83 E=-1.8677123876 nfev=85 t=497.5s remaining=1917
    iter=84 E=-1.8677912663 nfev=86 t=505.0s remaining=1916
    iter=85 E=-1.8678315613 nfev=87 t=510.6s remaining=1915
    iter=86 E=-1.8678669084 nfev=88 t=515.8s remaining=1914
    iter=87 E=-1.8678964195 nfev=89 t=521.9s remaining=1913
    iter=88 E=-1.8679190578 nfev=90 t=530.4s remaining=1912
    iter=89 E=-1.8679347366 nfev=91 t=536.4s remaining=1911
    iter=90 E=-1.8679468633 nfev=92 t=540.8s remaining=1910
    iter=91 E=-1.8679579795 nfev=93 t=546.8s remaining=1909
    iter=92 E=-1.8679654211 nfev=94 t=555.4s remaining=1908
    iter=93 E=-1.8679709132 nfev=95 t=562.3s remaining=1907
    iter=94 E=-1.8679751307 nfev=96 t=568.1s remaining=1906
    iter=95 E=-1.8679792679 nfev=97 t=575.3s remaining=1905
    iter=96 E=-1.8679831002 nfev=98 t=584.0s remaining=1904
    iter=97 E=-1.8679861491 nfev=99 t=594.6s remaining=1903
    iter=98 E=-1.8679882844 nfev=100 t=603.2s remaining=1902
    iter=99 E=-1.8679901139 nfev=101 t=609.4s remaining=1901
    iter=100 E=-1.8679917855 nfev=102 t=612.8s remaining=1900
    iter=101 E=-1.8679933821 nfev=103 t=618.3s remaining=1899
    iter=102 E=-1.8679946259 nfev=104 t=622.2s remaining=1898
    iter=103 E=-1.8679957993 nfev=105 t=624.3s remaining=1897
    iter=104 E=-1.8679968399 nfev=106 t=630.5s remaining=1896
    iter=105 E=-1.8679978350 nfev=107 t=635.8s remaining=1895
    iter=106 E=-1.8679987508 nfev=108 t=642.6s remaining=1894
    iter=107 E=-1.8679995373 nfev=109 t=648.8s remaining=1893
    iter=108 E=-1.8680001454 nfev=110 t=653.6s remaining=1892
    iter=109 E=-1.8680006379 nfev=111 t=660.0s remaining=1891
    iter=110 E=-1.8680010930 nfev=112 t=664.8s remaining=1890
    iter=111 E=-1.8680015930 nfev=113 t=669.4s remaining=1889
    iter=112 E=-1.8680021333 nfev=114 t=674.2s remaining=1888
    iter=113 E=-1.8680027668 nfev=115 t=681.1s remaining=1887
    iter=114 E=-1.8680035253 nfev=116 t=686.0s remaining=1886
    iter=115 E=-1.8680044785 nfev=117 t=691.6s remaining=1885
    iter=116 E=-1.8680056859 nfev=118 t=697.6s remaining=1884
    iter=117 E=-1.8680071505 nfev=119 t=702.7s remaining=1883
    iter=118 E=-1.8680087743 nfev=120 t=707.7s remaining=1882
    iter=119 E=-1.8680103977 nfev=121 t=710.1s remaining=1881
    iter=120 E=-1.8680120282 nfev=122 t=714.6s remaining=1880
    iter=121 E=-1.8680137816 nfev=123 t=719.8s remaining=1879
    iter=122 E=-1.8680157106 nfev=124 t=725.9s remaining=1878
    iter=123 E=-1.8680175656 nfev=125 t=730.5s remaining=1877
    iter=124 E=-1.8680191264 nfev=126 t=735.5s remaining=1876
    iter=125 E=-1.8680203043 nfev=127 t=740.7s remaining=1875
    iter=126 E=-1.8680212150 nfev=128 t=747.2s remaining=1874
    iter=127 E=-1.8680218074 nfev=129 t=752.9s remaining=1873
    iter=128 E=-1.8680221427 nfev=130 t=757.4s remaining=1872
    iter=129 E=-1.8680222851 nfev=131 t=762.2s remaining=1871
    iter=130 E=-1.8680223691 nfev=132 t=765.4s remaining=1870
    iter=131 E=-1.8680224416 nfev=133 t=771.7s remaining=1869
    iter=132 E=-1.8680225072 nfev=134 t=777.9s remaining=1868
    iter=133 E=-1.8680225527 nfev=135 t=785.1s remaining=1867
    iter=134 E=-1.8680225799 nfev=136 t=789.3s remaining=1866
    iter=135 E=-1.8680225981 nfev=137 t=795.7s remaining=1865
    iter=136 E=-1.8680226142 nfev=138 t=799.6s remaining=1864
    iter=137 E=-1.8680226292 nfev=139 t=804.2s remaining=1863
    iter=138 E=-1.8680226429 nfev=140 t=808.7s remaining=1862
    iter=139 E=-1.8680226551 nfev=141 t=813.3s remaining=1861
    iter=140 E=-1.8680226662 nfev=142 t=820.5s remaining=1860
    iter=141 E=-1.8680226761 nfev=143 t=823.4s remaining=1859
    iter=142 E=-1.8680226849 nfev=144 t=828.4s remaining=1858
    iter=143 E=-1.8680226928 nfev=145 t=834.0s remaining=1857
    iter=144 E=-1.8680227006 nfev=146 t=839.0s remaining=1856
    iter=145 E=-1.8680227096 nfev=147 t=845.0s remaining=1855
    iter=146 E=-1.8680227204 nfev=148 t=850.4s remaining=1854
    iter=147 E=-1.8680227331 nfev=149 t=857.0s remaining=1853
    iter=148 E=-1.8680227464 nfev=150 t=862.8s remaining=1852
    iter=149 E=-1.8680227570 nfev=151 t=866.3s remaining=1851
    iter=150 E=-1.8680227679 nfev=152 t=870.7s remaining=1850
    iter=151 E=-1.8680227789 nfev=153 t=877.2s remaining=1849
    iter=152 E=-1.8680227915 nfev=154 t=882.7s remaining=1848
    iter=153 E=-1.8680228047 nfev=155 t=888.7s remaining=1847
    iter=154 E=-1.8680228184 nfev=156 t=892.3s remaining=1846
    iter=155 E=-1.8680228339 nfev=157 t=895.9s remaining=1845
    iter=156 E=-1.8680228529 nfev=158 t=904.4s remaining=1844
    iter=157 E=-1.8680228774 nfev=159 t=909.6s remaining=1843
    iter=158 E=-1.8680229094 nfev=160 t=913.4s remaining=1842
    iter=159 E=-1.8680229511 nfev=161 t=919.1s remaining=1841
    iter=160 E=-1.8680230046 nfev=162 t=925.0s remaining=1840
    iter=161 E=-1.8680230721 nfev=163 t=931.7s remaining=1839
    iter=162 E=-1.8680231567 nfev=164 t=936.2s remaining=1838
    iter=163 E=-1.8680232635 nfev=165 t=941.5s remaining=1837
    iter=164 E=-1.8680234005 nfev=166 t=948.6s remaining=1836
    iter=165 E=-1.8680235800 nfev=167 t=955.0s remaining=1835
    iter=166 E=-1.8680238191 nfev=168 t=961.7s remaining=1834
    iter=167 E=-1.8680241391 nfev=169 t=970.3s remaining=1833
    iter=168 E=-1.8680245606 nfev=170 t=976.2s remaining=1832
    iter=169 E=-1.8680250999 nfev=171 t=979.3s remaining=1831
    iter=170 E=-1.8680258144 nfev=172 t=984.9s remaining=1830
    iter=171 E=-1.8680268412 nfev=173 t=990.8s remaining=1829
    iter=172 E=-1.8680283214 nfev=174 t=994.9s remaining=1828
    iter=173 E=-1.8680300691 nfev=175 t=999.7s remaining=1827
    iter=174 E=-1.8680308656 nfev=177 t=1012.2s remaining=1826
    iter=175 E=-1.8680320038 nfev=178 t=1018.0s remaining=1825
    iter=176 E=-1.8680333137 nfev=179 t=1023.8s remaining=1824
    iter=177 E=-1.8680338176 nfev=180 t=1030.0s remaining=1823
    iter=178 E=-1.8680343169 nfev=181 t=1035.9s remaining=1822
    iter=179 E=-1.8680346482 nfev=182 t=1039.9s remaining=1821
    iter=180 E=-1.8680349004 nfev=183 t=1044.0s remaining=1820
    iter=181 E=-1.8680351139 nfev=184 t=1049.0s remaining=1819
    iter=182 E=-1.8680351486 nfev=185 t=1055.4s remaining=1818
    iter=183 E=-1.8680352152 nfev=186 t=1063.0s remaining=1817
    iter=184 E=-1.8680353152 nfev=187 t=1068.9s remaining=1816
    iter=185 E=-1.8680353924 nfev=188 t=1075.9s remaining=1815
    iter=186 E=-1.8680354150 nfev=189 t=1080.7s remaining=1814
    iter=187 E=-1.8680354372 nfev=190 t=1084.5s remaining=1813
    iter=188 E=-1.8680354596 nfev=191 t=1087.7s remaining=1812
    iter=189 E=-1.8680354812 nfev=192 t=1093.1s remaining=1811
    iter=190 E=-1.8680355005 nfev=193 t=1095.9s remaining=1810
    iter=191 E=-1.8680355170 nfev=194 t=1103.8s remaining=1809
    iter=192 E=-1.8680355314 nfev=195 t=1107.3s remaining=1808
    iter=193 E=-1.8680355447 nfev=196 t=1111.8s remaining=1807
    iter=194 E=-1.8680355574 nfev=197 t=1118.3s remaining=1806
    iter=195 E=-1.8680355699 nfev=198 t=1124.9s remaining=1805
    iter=196 E=-1.8680355821 nfev=199 t=1132.1s remaining=1804
    iter=197 E=-1.8680356189 nfev=201 t=1148.0s remaining=1803
    iter=198 E=-1.8680356278 nfev=202 t=1153.3s remaining=1802
    iter=199 E=-1.8680356305 nfev=203 t=1161.2s remaining=1801
    iter=200 E=-1.8680356362 nfev=205 t=1172.1s remaining=1800
    iter=201 E=-1.8680356465 nfev=207 t=1178.4s remaining=1799
    iter=202 E=-1.8680356505 nfev=208 t=1182.7s remaining=1798
    iter=203 E=-1.8680356556 nfev=210 t=1192.9s remaining=1797
    iter=204 E=-1.8680356576 nfev=213 t=1205.4s remaining=1796
    iter=205 E=-1.8680356579 nfev=218 t=1237.4s remaining=1795
    iter=206 E=-1.8680356593 nfev=221 t=1255.5s remaining=1794
    iter=206 E=-1.8680356593 nfev=267 t=1490.3s remaining=1794
    seed=0 E=-1.8680356593 dE=+4.180e-03 nit=206 ok=False t=1490.3s
  r=2.50  L=5   npar=218   E=-1.8680356593  |E-FCI|=4.180e-03  FCI=no   chem=no

=== summary (best seed per layer) ===
  bond   L ansatz                 npar              E     |E-FCI|  FCI? chem?
  2.50   5 (ECD+SNAP)^5 + ECD      218  -1.8680356593   4.180e-03    no    no

wrote /workspace/qumode_chem/data/results/h4_hybrid_L5_nobs_r250.json
