self-check ok (nfock=4, use_bs=True, worst FD rel err 0.00e+00)
per-iter log: data/results/h4_hybrid_L5_bs_iters.jsonl
live snapshot: data/results/h4_hybrid_L5_bs_live.json

=== build H4 JWT Hamiltonian at R=0.88 Å ===
=== r=0.88 Å equilibrium  FCI(pyscf)=-2.1804101685  eig=-2.1804101685  paper_fci=-2.18041017  paper_SNAP_D20=-2.1804101724879494 ===
-- r=0.88  (ECD+SNAP+BS)^5 + ECD   npar=228 --
    iter=1 E=-0.1266728181 nfev=3 t=196.5s remaining=1999
    iter=2 E=-0.2216161332 nfev=5 t=317.1s remaining=1998
    iter=3 E=-0.2816109237 nfev=7 t=452.5s remaining=1997
    iter=4 E=-0.3017512973 nfev=8 t=521.2s remaining=1996
    iter=5 E=-0.3330243503 nfev=9 t=584.8s remaining=1995
    iter=6 E=-0.3765321923 nfev=10 t=647.2s remaining=1994
    iter=7 E=-0.4235632260 nfev=11 t=712.8s remaining=1993
    iter=8 E=-0.4573488162 nfev=12 t=780.9s remaining=1992
    iter=9 E=-0.4921484755 nfev=13 t=844.3s remaining=1991
    iter=10 E=-0.5399861162 nfev=14 t=904.5s remaining=1990
    iter=11 E=-0.5749271448 nfev=15 t=972.1s remaining=1989
    iter=12 E=-0.6039509413 nfev=16 t=1028.8s remaining=1988
    iter=13 E=-0.6338067033 nfev=17 t=1100.8s remaining=1987
    iter=14 E=-0.6743909958 nfev=18 t=1162.2s remaining=1986
    iter=15 E=-0.6969357317 nfev=19 t=1230.1s remaining=1985
    iter=16 E=-0.7220636349 nfev=20 t=1304.4s remaining=1984
    iter=17 E=-0.7400367756 nfev=21 t=1363.7s remaining=1983
    iter=18 E=-0.7617942684 nfev=22 t=1427.6s remaining=1982
    iter=19 E=-0.7913787329 nfev=23 t=1493.5s remaining=1981
    iter=20 E=-0.8194923389 nfev=24 t=1554.1s remaining=1980
    iter=21 E=-0.8350237129 nfev=25 t=1620.9s remaining=1979
    iter=22 E=-0.8543461362 nfev=26 t=1686.2s remaining=1978
    iter=23 E=-0.8747357897 nfev=27 t=1752.4s remaining=1977
    iter=24 E=-0.8955209553 nfev=28 t=1816.0s remaining=1976
    iter=25 E=-0.9112603374 nfev=29 t=1891.5s remaining=1975
    iter=26 E=-0.9252641580 nfev=30 t=1955.8s remaining=1974
    iter=27 E=-0.9404545821 nfev=31 t=2019.8s remaining=1973
    iter=28 E=-0.9567691082 nfev=32 t=2100.6s remaining=1972
    iter=29 E=-0.9721469741 nfev=33 t=2163.4s remaining=1971
    iter=30 E=-0.9842530779 nfev=34 t=2234.6s remaining=1970
    iter=31 E=-0.9979610149 nfev=35 t=2304.1s remaining=1969
    iter=32 E=-1.0120474303 nfev=36 t=2371.6s remaining=1968
    iter=33 E=-1.0255090498 nfev=37 t=2433.2s remaining=1967
    iter=34 E=-1.0350846457 nfev=38 t=2506.5s remaining=1966
    iter=35 E=-1.0485079666 nfev=39 t=2572.5s remaining=1965
    iter=36 E=-1.0605213581 nfev=40 t=2637.7s remaining=1964
    iter=37 E=-1.0737733183 nfev=41 t=2706.7s remaining=1963
    iter=38 E=-1.0859783666 nfev=42 t=2771.2s remaining=1962
    iter=39 E=-1.0989324363 nfev=43 t=2838.4s remaining=1961
    iter=40 E=-1.1145828255 nfev=44 t=2905.1s remaining=1960
    iter=41 E=-1.1211714860 nfev=45 t=2967.1s remaining=1959
    iter=42 E=-1.1312198944 nfev=46 t=3036.3s remaining=1958
    iter=43 E=-1.1423625310 nfev=47 t=3113.9s remaining=1957
    iter=44 E=-1.1476132700 nfev=48 t=3179.9s remaining=1956
    iter=45 E=-1.1552283961 nfev=49 t=3256.0s remaining=1955
    iter=46 E=-1.1644015338 nfev=50 t=3330.8s remaining=1954
    iter=47 E=-1.1726591774 nfev=51 t=3396.9s remaining=1953
    iter=48 E=-1.1806174600 nfev=52 t=3473.4s remaining=1952
    iter=49 E=-1.1905368440 nfev=53 t=3544.8s remaining=1951
    iter=50 E=-1.2020533510 nfev=54 t=3617.2s remaining=1950
    iter=51 E=-1.2034108613 nfev=55 t=3677.6s remaining=1949
    iter=52 E=-1.2059827029 nfev=56 t=3734.8s remaining=1948
    iter=53 E=-1.2107972167 nfev=57 t=3810.3s remaining=1947
    iter=54 E=-1.2194116714 nfev=58 t=3881.5s remaining=1946
    iter=55 E=-1.2324231975 nfev=59 t=3953.1s remaining=1945
    iter=56 E=-1.2431400175 nfev=60 t=4028.1s remaining=1944
    iter=57 E=-1.2496488632 nfev=61 t=4091.8s remaining=1943
    iter=58 E=-1.2578845237 nfev=62 t=4159.8s remaining=1942
    iter=59 E=-1.2681112003 nfev=63 t=4237.1s remaining=1941
    iter=60 E=-1.2798472582 nfev=64 t=4309.0s remaining=1940
    iter=61 E=-1.2870883765 nfev=65 t=4375.9s remaining=1939
    iter=62 E=-1.2937903560 nfev=66 t=4435.0s remaining=1938
    iter=63 E=-1.2977509994 nfev=67 t=4505.3s remaining=1937
    iter=64 E=-1.3028539936 nfev=68 t=4570.4s remaining=1936
    iter=65 E=-1.3096721993 nfev=69 t=4636.3s remaining=1935
    iter=66 E=-1.3175263665 nfev=70 t=4699.3s remaining=1934
    iter=67 E=-1.3224594452 nfev=71 t=4764.8s remaining=1933
    iter=68 E=-1.3285554707 nfev=72 t=4835.8s remaining=1932
    iter=69 E=-1.3342323236 nfev=73 t=4892.9s remaining=1931
    iter=70 E=-1.3385439487 nfev=74 t=4961.8s remaining=1930
    iter=71 E=-1.3438477657 nfev=75 t=5032.5s remaining=1929
    iter=72 E=-1.3492885596 nfev=76 t=5093.6s remaining=1928
    iter=73 E=-1.3550536582 nfev=77 t=5162.7s remaining=1927
    iter=74 E=-1.3616671384 nfev=78 t=5224.4s remaining=1926
    iter=75 E=-1.3674022521 nfev=79 t=5283.1s remaining=1925
    iter=76 E=-1.3730314610 nfev=80 t=5349.3s remaining=1924
    iter=77 E=-1.3783904264 nfev=81 t=5412.9s remaining=1923
    iter=78 E=-1.3853021036 nfev=82 t=5481.2s remaining=1922
    iter=79 E=-1.3932782916 nfev=83 t=5552.0s remaining=1921
    iter=80 E=-1.4002414301 nfev=84 t=5626.9s remaining=1920
    iter=81 E=-1.4076018446 nfev=85 t=5695.1s remaining=1919
    iter=82 E=-1.4162350547 nfev=86 t=5756.0s remaining=1918
    iter=83 E=-1.4212609132 nfev=87 t=5820.0s remaining=1917
    iter=84 E=-1.4284932508 nfev=88 t=5881.7s remaining=1916
    iter=85 E=-1.4377773097 nfev=89 t=5951.1s remaining=1915
    iter=86 E=-1.4453857100 nfev=90 t=6018.7s remaining=1914
    iter=87 E=-1.4507063752 nfev=91 t=6079.9s remaining=1913
    iter=88 E=-1.4572012020 nfev=92 t=6143.5s remaining=1912
    iter=89 E=-1.4635628823 nfev=93 t=6210.4s remaining=1911
    iter=90 E=-1.4708190162 nfev=94 t=6280.5s remaining=1910
    iter=91 E=-1.4785896807 nfev=95 t=6340.2s remaining=1909
    iter=92 E=-1.4839755024 nfev=96 t=6404.0s remaining=1908
    iter=93 E=-1.4911895758 nfev=97 t=6474.3s remaining=1907
    iter=94 E=-1.4997559818 nfev=98 t=6536.8s remaining=1906
    iter=95 E=-1.5092881745 nfev=99 t=6595.5s remaining=1905
    iter=96 E=-1.5185890739 nfev=100 t=6664.3s remaining=1904
    iter=97 E=-1.5272796004 nfev=101 t=6731.3s remaining=1903
    iter=98 E=-1.5370498825 nfev=102 t=6804.1s remaining=1902
    iter=99 E=-1.5487812495 nfev=103 t=6873.2s remaining=1901
    iter=100 E=-1.5610571771 nfev=104 t=6945.2s remaining=1900
    iter=101 E=-1.5659289165 nfev=105 t=7010.5s remaining=1899
    iter=102 E=-1.5738741386 nfev=106 t=7076.3s remaining=1898
    iter=103 E=-1.5848453008 nfev=107 t=7134.1s remaining=1897
    iter=104 E=-1.5926892034 nfev=108 t=7196.4s remaining=1896
    iter=105 E=-1.5990287044 nfev=109 t=7265.6s remaining=1895
    iter=106 E=-1.6054306554 nfev=110 t=7332.9s remaining=1894
    iter=107 E=-1.6131270676 nfev=111 t=7404.4s remaining=1893
    iter=108 E=-1.6204580232 nfev=112 t=7471.8s remaining=1892
    iter=109 E=-1.6226992930 nfev=113 t=7529.7s remaining=1891
    iter=110 E=-1.6265285122 nfev=114 t=7590.1s remaining=1890
    iter=111 E=-1.6324547965 nfev=115 t=7658.0s remaining=1889
    iter=112 E=-1.6384359149 nfev=116 t=7719.5s remaining=1888
    iter=113 E=-1.6420284628 nfev=117 t=7784.4s remaining=1887
    iter=114 E=-1.6466569834 nfev=118 t=7847.4s remaining=1886
    iter=115 E=-1.6527305288 nfev=119 t=7918.4s remaining=1885
    iter=116 E=-1.6573661229 nfev=120 t=7978.1s remaining=1884
    iter=117 E=-1.6621139304 nfev=121 t=8046.9s remaining=1883
    iter=118 E=-1.6685576394 nfev=122 t=8116.7s remaining=1882
    iter=119 E=-1.6753123149 nfev=123 t=8180.5s remaining=1881
    iter=120 E=-1.6789477368 nfev=124 t=8246.3s remaining=1880
    iter=121 E=-1.6838857104 nfev=125 t=8310.8s remaining=1879
    iter=122 E=-1.6895153359 nfev=126 t=8381.9s remaining=1878
    iter=123 E=-1.6924895693 nfev=127 t=8450.1s remaining=1877
    iter=124 E=-1.6960307589 nfev=128 t=8518.8s remaining=1876
    iter=125 E=-1.6986467808 nfev=129 t=8586.8s remaining=1875
    iter=126 E=-1.7013350641 nfev=130 t=8654.2s remaining=1874
    iter=127 E=-1.7043460855 nfev=131 t=8722.6s remaining=1873
    iter=128 E=-1.7068718854 nfev=132 t=8786.2s remaining=1872
    iter=129 E=-1.7093146496 nfev=133 t=8851.8s remaining=1871
    iter=130 E=-1.7120822061 nfev=134 t=8923.2s remaining=1870
    iter=131 E=-1.7153476011 nfev=135 t=8986.2s remaining=1869
    iter=132 E=-1.7176629565 nfev=136 t=9049.8s remaining=1868
    iter=133 E=-1.7202356337 nfev=137 t=9122.5s remaining=1867
    iter=134 E=-1.7227844424 nfev=138 t=9201.6s remaining=1866
    iter=135 E=-1.7252903067 nfev=139 t=9269.8s remaining=1865
    iter=136 E=-1.7278718266 nfev=140 t=9339.9s remaining=1864
    iter=137 E=-1.7298928957 nfev=141 t=9409.1s remaining=1863
    iter=138 E=-1.7323697614 nfev=142 t=9470.5s remaining=1862
    iter=139 E=-1.7346393225 nfev=143 t=9533.2s remaining=1861
    iter=140 E=-1.7361192187 nfev=144 t=9599.8s remaining=1860
    iter=141 E=-1.7381430026 nfev=145 t=9670.2s remaining=1859
    iter=142 E=-1.7403624826 nfev=146 t=9732.1s remaining=1858
    iter=143 E=-1.7421254791 nfev=147 t=9797.9s remaining=1857
    iter=144 E=-1.7438464999 nfev=148 t=9858.7s remaining=1856
    iter=145 E=-1.7455304834 nfev=149 t=9925.3s remaining=1855
    iter=146 E=-1.7471385988 nfev=150 t=9979.4s remaining=1854
    iter=147 E=-1.7491451877 nfev=151 t=10046.9s remaining=1853
    iter=148 E=-1.7511701320 nfev=152 t=10112.5s remaining=1852
    iter=149 E=-1.7528440541 nfev=153 t=10177.9s remaining=1851
    iter=150 E=-1.7548713953 nfev=154 t=10246.7s remaining=1850
    iter=151 E=-1.7568602658 nfev=155 t=10309.9s remaining=1849
    iter=152 E=-1.7582768995 nfev=156 t=10376.2s remaining=1848
    iter=153 E=-1.7595998735 nfev=157 t=10444.9s remaining=1847
    iter=154 E=-1.7606827314 nfev=158 t=10507.1s remaining=1846
    iter=155 E=-1.7616894149 nfev=159 t=10567.3s remaining=1845
    iter=156 E=-1.7627094790 nfev=160 t=10631.6s remaining=1844
    iter=157 E=-1.7636089262 nfev=161 t=10702.3s remaining=1843
    iter=158 E=-1.7644495899 nfev=162 t=10772.2s remaining=1842
    iter=159 E=-1.7655445743 nfev=163 t=10833.9s remaining=1841
    iter=160 E=-1.7669431784 nfev=164 t=10900.9s remaining=1840
    iter=161 E=-1.7683735364 nfev=165 t=10966.8s remaining=1839
    iter=162 E=-1.7702118577 nfev=166 t=11029.2s remaining=1838
    iter=163 E=-1.7722518976 nfev=167 t=11097.8s remaining=1837
    iter=164 E=-1.7744592640 nfev=168 t=11164.1s remaining=1836
    iter=165 E=-1.7767113213 nfev=169 t=11231.6s remaining=1835
    iter=166 E=-1.7787214279 nfev=170 t=11293.8s remaining=1834
    iter=167 E=-1.7802576998 nfev=171 t=11350.7s remaining=1833
    iter=168 E=-1.7818554782 nfev=172 t=11410.7s remaining=1832
    iter=169 E=-1.7832457949 nfev=173 t=11474.4s remaining=1831
    iter=170 E=-1.7845816837 nfev=174 t=11518.5s remaining=1830
    iter=171 E=-1.7860416438 nfev=175 t=11619.5s remaining=1829
    iter=172 E=-1.7873737183 nfev=176 t=11688.4s remaining=1828
    iter=173 E=-1.7885913951 nfev=177 t=11748.3s remaining=1827
    iter=174 E=-1.7899484969 nfev=178 t=11811.8s remaining=1826
    iter=175 E=-1.7911593679 nfev=179 t=11879.1s remaining=1825
    iter=176 E=-1.7922951670 nfev=180 t=11944.7s remaining=1824
    iter=177 E=-1.7934966370 nfev=181 t=12016.1s remaining=1823
    iter=178 E=-1.7950560168 nfev=182 t=12076.5s remaining=1822
    iter=179 E=-1.7964646283 nfev=183 t=12139.1s remaining=1821
    iter=180 E=-1.7974676757 nfev=184 t=12205.3s remaining=1820
    iter=181 E=-1.7987875398 nfev=185 t=12258.8s remaining=1819
    iter=182 E=-1.8003434390 nfev=186 t=12323.5s remaining=1818
    iter=183 E=-1.8015155448 nfev=187 t=12391.2s remaining=1817
    iter=184 E=-1.8026858917 nfev=188 t=12450.1s remaining=1816
    iter=185 E=-1.8039722878 nfev=189 t=12512.4s remaining=1815
    iter=186 E=-1.8048193583 nfev=190 t=12576.2s remaining=1814
    iter=187 E=-1.8055567941 nfev=191 t=12636.4s remaining=1813
    iter=188 E=-1.8063346574 nfev=192 t=12693.8s remaining=1812
    iter=189 E=-1.8072076055 nfev=193 t=12757.1s remaining=1811
    iter=190 E=-1.8079570411 nfev=194 t=12824.8s remaining=1810
    iter=191 E=-1.8086767874 nfev=195 t=12889.7s remaining=1809
    iter=192 E=-1.8095452158 nfev=196 t=12961.1s remaining=1808
    iter=193 E=-1.8106119348 nfev=197 t=13029.1s remaining=1807
    iter=194 E=-1.8114443014 nfev=198 t=13095.4s remaining=1806
    iter=195 E=-1.8120863200 nfev=199 t=13159.3s remaining=1805
    iter=196 E=-1.8126409734 nfev=200 t=13214.7s remaining=1804
    iter=197 E=-1.8131150902 nfev=201 t=13272.1s remaining=1803
    iter=198 E=-1.8135559045 nfev=202 t=13362.1s remaining=1802
    iter=199 E=-1.8139318086 nfev=203 t=13422.4s remaining=1801
    iter=200 E=-1.8142642256 nfev=204 t=13483.5s remaining=1800
    iter=201 E=-1.8146327497 nfev=205 t=13544.9s remaining=1799
    iter=202 E=-1.8150130613 nfev=206 t=13611.3s remaining=1798
    iter=203 E=-1.8153740677 nfev=207 t=13666.2s remaining=1797
    iter=204 E=-1.8157859441 nfev=208 t=13728.7s remaining=1796
    iter=205 E=-1.8162059295 nfev=209 t=13796.0s remaining=1795
    iter=206 E=-1.8166505859 nfev=210 t=13861.5s remaining=1794
    iter=207 E=-1.8170640841 nfev=211 t=13922.5s remaining=1793
    iter=208 E=-1.8174918998 nfev=212 t=13987.7s remaining=1792
    iter=209 E=-1.8179765028 nfev=213 t=14050.6s remaining=1791
    iter=210 E=-1.8185327671 nfev=214 t=14125.5s remaining=1790
    iter=211 E=-1.8190909367 nfev=215 t=14183.7s remaining=1789
    iter=212 E=-1.8196017935 nfev=216 t=14246.1s remaining=1788
    iter=213 E=-1.8201235980 nfev=217 t=14310.5s remaining=1787
    iter=214 E=-1.8206758955 nfev=218 t=14382.7s remaining=1786
    iter=215 E=-1.8212435434 nfev=219 t=14448.5s remaining=1785
    iter=216 E=-1.8218517677 nfev=220 t=14515.4s remaining=1784
    iter=217 E=-1.8225206329 nfev=221 t=14576.2s remaining=1783
    iter=218 E=-1.8232381642 nfev=222 t=14639.1s remaining=1782
    iter=219 E=-1.8239579715 nfev=223 t=14699.9s remaining=1781
    iter=220 E=-1.8246689426 nfev=224 t=14753.1s remaining=1780
    iter=221 E=-1.8253726419 nfev=225 t=14816.7s remaining=1779
    iter=222 E=-1.8261683010 nfev=226 t=14878.2s remaining=1778
    iter=223 E=-1.8269050657 nfev=227 t=14925.6s remaining=1777
    iter=224 E=-1.8275491939 nfev=228 t=14991.3s remaining=1776
    iter=225 E=-1.8281809037 nfev=229 t=15048.2s remaining=1775
    iter=226 E=-1.8287045561 nfev=230 t=15108.3s remaining=1774
    iter=227 E=-1.8291803296 nfev=231 t=15174.5s remaining=1773
    iter=228 E=-1.8296650068 nfev=232 t=15228.3s remaining=1772
    iter=229 E=-1.8300240998 nfev=233 t=15292.8s remaining=1771
    iter=230 E=-1.8303829454 nfev=234 t=15351.6s remaining=1770
    iter=231 E=-1.8307377962 nfev=235 t=15409.8s remaining=1769
    iter=232 E=-1.8311147316 nfev=236 t=15477.1s remaining=1768
    iter=233 E=-1.8313846032 nfev=237 t=15544.7s remaining=1767
    iter=234 E=-1.8316761019 nfev=238 t=15612.5s remaining=1766
    iter=235 E=-1.8319732829 nfev=239 t=15677.9s remaining=1765
    iter=236 E=-1.8322662274 nfev=240 t=15737.1s remaining=1764
    iter=237 E=-1.8326136133 nfev=241 t=15798.1s remaining=1763
    iter=238 E=-1.8330248142 nfev=242 t=15864.5s remaining=1762
    iter=239 E=-1.8334208205 nfev=243 t=15930.0s remaining=1761
    iter=240 E=-1.8337829899 nfev=244 t=15990.5s remaining=1760
    iter=241 E=-1.8341213153 nfev=245 t=16056.8s remaining=1759
    iter=242 E=-1.8344249622 nfev=246 t=16123.3s remaining=1758
    iter=243 E=-1.8347529646 nfev=247 t=16186.2s remaining=1757
    iter=244 E=-1.8351564564 nfev=248 t=16242.4s remaining=1756
    iter=245 E=-1.8355270032 nfev=249 t=16297.5s remaining=1755
    iter=246 E=-1.8358908611 nfev=250 t=16358.1s remaining=1754
    iter=247 E=-1.8362981720 nfev=251 t=16423.0s remaining=1753
    iter=248 E=-1.8366560847 nfev=252 t=16488.8s remaining=1752
    iter=249 E=-1.8370102029 nfev=253 t=16554.1s remaining=1751
    iter=250 E=-1.8373613806 nfev=254 t=16617.8s remaining=1750
    iter=251 E=-1.8377121403 nfev=255 t=16678.0s remaining=1749
    iter=252 E=-1.8380370048 nfev=256 t=16754.7s remaining=1748
    iter=253 E=-1.8382887127 nfev=257 t=16819.6s remaining=1747
    iter=254 E=-1.8385157514 nfev=258 t=16883.9s remaining=1746
    iter=255 E=-1.8387832959 nfev=259 t=16939.1s remaining=1745
    iter=256 E=-1.8390067422 nfev=260 t=17009.9s remaining=1744
    iter=257 E=-1.8392306078 nfev=261 t=17079.0s remaining=1743
    iter=258 E=-1.8394536273 nfev=262 t=17134.6s remaining=1742
    iter=259 E=-1.8396592528 nfev=263 t=17198.7s remaining=1741
    iter=260 E=-1.8398494837 nfev=264 t=17259.7s remaining=1740
    iter=261 E=-1.8399847788 nfev=265 t=17321.9s remaining=1739
    iter=262 E=-1.8400886383 nfev=266 t=17389.0s remaining=1738
    iter=263 E=-1.8401745100 nfev=267 t=17458.5s remaining=1737
    iter=264 E=-1.8402596564 nfev=268 t=17523.6s remaining=1736
    iter=265 E=-1.8403301511 nfev=269 t=17580.2s remaining=1735
    iter=266 E=-1.8403877580 nfev=270 t=17642.3s remaining=1734
    iter=267 E=-1.8404495893 nfev=271 t=17714.6s remaining=1733
    iter=268 E=-1.8405145048 nfev=272 t=17774.3s remaining=1732
    iter=269 E=-1.8405776754 nfev=273 t=17830.7s remaining=1731
    iter=270 E=-1.8406414454 nfev=274 t=17891.0s remaining=1730
    iter=271 E=-1.8407073606 nfev=275 t=17960.1s remaining=1729
    iter=272 E=-1.8407709164 nfev=276 t=18018.6s remaining=1728
    iter=273 E=-1.8408322414 nfev=277 t=18089.6s remaining=1727
    iter=274 E=-1.8408925437 nfev=278 t=18153.2s remaining=1726
    iter=275 E=-1.8409451565 nfev=279 t=18222.3s remaining=1725
    iter=276 E=-1.8409889076 nfev=280 t=18286.2s remaining=1724
    iter=277 E=-1.8410349782 nfev=281 t=18351.6s remaining=1723
    iter=278 E=-1.8410879818 nfev=282 t=18414.5s remaining=1722
    iter=279 E=-1.8411378327 nfev=283 t=18478.9s remaining=1721
    iter=280 E=-1.8411824218 nfev=284 t=18547.2s remaining=1720
    iter=281 E=-1.8412228262 nfev=285 t=18605.1s remaining=1719
    iter=282 E=-1.8412617163 nfev=286 t=18671.2s remaining=1718
    iter=283 E=-1.8413022568 nfev=287 t=18737.2s remaining=1717
    iter=284 E=-1.8413440403 nfev=288 t=18804.8s remaining=1716
    iter=285 E=-1.8413841248 nfev=289 t=18869.8s remaining=1715
    iter=286 E=-1.8414217108 nfev=290 t=18933.3s remaining=1714
    iter=287 E=-1.8414616661 nfev=291 t=18987.8s remaining=1713
    iter=288 E=-1.8415046686 nfev=292 t=19053.1s remaining=1712
    iter=289 E=-1.8415473712 nfev=293 t=19123.4s remaining=1711
    iter=290 E=-1.8415948161 nfev=294 t=19186.8s remaining=1710
    iter=291 E=-1.8416490722 nfev=295 t=19252.7s remaining=1709
    iter=292 E=-1.8417092139 nfev=296 t=19313.6s remaining=1708
    iter=293 E=-1.8417728527 nfev=297 t=19391.3s remaining=1707
    iter=294 E=-1.8418395068 nfev=298 t=19452.5s remaining=1706
    iter=295 E=-1.8419026754 nfev=299 t=19511.6s remaining=1705
    iter=296 E=-1.8419806552 nfev=300 t=19573.2s remaining=1704
    iter=297 E=-1.8420688402 nfev=301 t=19631.5s remaining=1703
    iter=298 E=-1.8421726218 nfev=302 t=19697.3s remaining=1702
    iter=299 E=-1.8422876591 nfev=303 t=19765.9s remaining=1701
    iter=300 E=-1.8424163913 nfev=304 t=19831.2s remaining=1700
    iter=301 E=-1.8425194824 nfev=305 t=19897.1s remaining=1699
    iter=302 E=-1.8426139652 nfev=306 t=19954.9s remaining=1698
    iter=303 E=-1.8427209896 nfev=307 t=20008.3s remaining=1697
    iter=304 E=-1.8428291471 nfev=308 t=20068.3s remaining=1696
    iter=305 E=-1.8429224032 nfev=309 t=20127.1s remaining=1695
    iter=306 E=-1.8429794086 nfev=310 t=20191.1s remaining=1694
    iter=307 E=-1.8430399014 nfev=311 t=20253.3s remaining=1693
    iter=308 E=-1.8430999611 nfev=312 t=20312.6s remaining=1692
    iter=309 E=-1.8431630349 nfev=313 t=20378.3s remaining=1691
    iter=310 E=-1.8432393899 nfev=314 t=20445.3s remaining=1690
    iter=311 E=-1.8433195884 nfev=315 t=20501.0s remaining=1689
    iter=312 E=-1.8433899300 nfev=316 t=20561.5s remaining=1688
    iter=313 E=-1.8434524940 nfev=317 t=20626.5s remaining=1687
    iter=314 E=-1.8435093063 nfev=318 t=20696.0s remaining=1686
    iter=315 E=-1.8435641643 nfev=319 t=20764.9s remaining=1685
    iter=316 E=-1.8436188355 nfev=320 t=20839.2s remaining=1684
    iter=317 E=-1.8436734010 nfev=321 t=20900.1s remaining=1683
    iter=318 E=-1.8437263113 nfev=322 t=20962.9s remaining=1682
    iter=319 E=-1.8437670893 nfev=323 t=21030.1s remaining=1681
    iter=320 E=-1.8438047755 nfev=324 t=21091.8s remaining=1680
    iter=321 E=-1.8438378170 nfev=325 t=21155.0s remaining=1679
    iter=322 E=-1.8438679431 nfev=326 t=21218.0s remaining=1678
    iter=323 E=-1.8438957699 nfev=327 t=21283.3s remaining=1677
    iter=324 E=-1.8439192648 nfev=328 t=21350.0s remaining=1676
    iter=325 E=-1.8439392308 nfev=329 t=21414.6s remaining=1675
    iter=326 E=-1.8439573480 nfev=330 t=21478.6s remaining=1674
    iter=327 E=-1.8439744943 nfev=331 t=21543.2s remaining=1673
    iter=328 E=-1.8439914624 nfev=332 t=21603.5s remaining=1672
    iter=329 E=-1.8440091260 nfev=333 t=21677.3s remaining=1671
    iter=330 E=-1.8440275685 nfev=334 t=21741.6s remaining=1670
    iter=331 E=-1.8440460171 nfev=335 t=21806.5s remaining=1669
    iter=332 E=-1.8440676179 nfev=336 t=21866.8s remaining=1668
    iter=333 E=-1.8440935124 nfev=337 t=21936.2s remaining=1667
    iter=334 E=-1.8441250114 nfev=338 t=21998.3s remaining=1666
    iter=335 E=-1.8441633461 nfev=339 t=22056.7s remaining=1665
    iter=336 E=-1.8442094358 nfev=340 t=22128.5s remaining=1664
    iter=337 E=-1.8442621185 nfev=341 t=22188.9s remaining=1663
    iter=338 E=-1.8443203727 nfev=342 t=22252.3s remaining=1662
    iter=339 E=-1.8443854075 nfev=343 t=22322.3s remaining=1661
    iter=340 E=-1.8444522038 nfev=344 t=22387.9s remaining=1660
    iter=341 E=-1.8445179647 nfev=345 t=22457.6s remaining=1659
    iter=342 E=-1.8445880972 nfev=346 t=22524.2s remaining=1658
    iter=343 E=-1.8446630510 nfev=347 t=22588.1s remaining=1657
    iter=344 E=-1.8447353608 nfev=348 t=22646.7s remaining=1656
    iter=345 E=-1.8447912508 nfev=349 t=22718.3s remaining=1655
    iter=346 E=-1.8448369397 nfev=350 t=22785.8s remaining=1654
    iter=347 E=-1.8448782647 nfev=351 t=22851.6s remaining=1653
    iter=348 E=-1.8449205839 nfev=352 t=22912.1s remaining=1652
    iter=349 E=-1.8449531517 nfev=353 t=22972.0s remaining=1651
    iter=350 E=-1.8449865472 nfev=354 t=23031.2s remaining=1650
    iter=351 E=-1.8450170728 nfev=355 t=23094.4s remaining=1649
    iter=352 E=-1.8450496084 nfev=356 t=23160.4s remaining=1648
    iter=353 E=-1.8450821630 nfev=357 t=23223.6s remaining=1647
    iter=354 E=-1.8451121546 nfev=358 t=23283.5s remaining=1646
    iter=355 E=-1.8451351594 nfev=359 t=23350.9s remaining=1645
    iter=356 E=-1.8451531984 nfev=360 t=23409.3s remaining=1644
    iter=357 E=-1.8451693826 nfev=361 t=23473.3s remaining=1643
    iter=358 E=-1.8451842661 nfev=362 t=23537.9s remaining=1642
    iter=359 E=-1.8451982428 nfev=363 t=23604.6s remaining=1641
    iter=360 E=-1.8452127227 nfev=364 t=23673.6s remaining=1640
    iter=361 E=-1.8452273212 nfev=365 t=23736.3s remaining=1639
    iter=362 E=-1.8452401737 nfev=366 t=23802.0s remaining=1638
    iter=363 E=-1.8452506105 nfev=367 t=23867.1s remaining=1637
    iter=364 E=-1.8452594185 nfev=368 t=23927.7s remaining=1636
    iter=365 E=-1.8452672299 nfev=369 t=23993.6s remaining=1635
    iter=366 E=-1.8452742456 nfev=370 t=24057.6s remaining=1634
    iter=367 E=-1.8452809343 nfev=371 t=24115.2s remaining=1633
    iter=368 E=-1.8452879205 nfev=372 t=24181.0s remaining=1632
    iter=369 E=-1.8452953746 nfev=373 t=24251.4s remaining=1631
    iter=370 E=-1.8453024433 nfev=374 t=24321.4s remaining=1630
    iter=371 E=-1.8453084683 nfev=375 t=24388.3s remaining=1629
    iter=372 E=-1.8453139224 nfev=376 t=24453.5s remaining=1628
    iter=373 E=-1.8453198780 nfev=377 t=24519.7s remaining=1627
    iter=374 E=-1.8453268274 nfev=378 t=24589.3s remaining=1626
    iter=375 E=-1.8453342047 nfev=379 t=24647.3s remaining=1625
    iter=376 E=-1.8453412813 nfev=380 t=24713.7s remaining=1624
    iter=377 E=-1.8453483748 nfev=381 t=24781.0s remaining=1623
    iter=378 E=-1.8453567031 nfev=382 t=24845.1s remaining=1622
    iter=379 E=-1.8453670474 nfev=383 t=24901.6s remaining=1621
    iter=380 E=-1.8453784638 nfev=384 t=24962.5s remaining=1620
    iter=381 E=-1.8453893888 nfev=385 t=25030.8s remaining=1619
    iter=382 E=-1.8453999893 nfev=386 t=25097.6s remaining=1618
    iter=383 E=-1.8454124770 nfev=387 t=25165.4s remaining=1617
    iter=384 E=-1.8454298389 nfev=388 t=25226.5s remaining=1616
    iter=385 E=-1.8454547944 nfev=389 t=25291.9s remaining=1615
    iter=386 E=-1.8454868176 nfev=390 t=25363.5s remaining=1614
    iter=387 E=-1.8455247749 nfev=391 t=25440.9s remaining=1613
    iter=388 E=-1.8455663598 nfev=392 t=25512.1s remaining=1612
    iter=389 E=-1.8456206175 nfev=393 t=25575.3s remaining=1611
    iter=390 E=-1.8456789528 nfev=394 t=25640.2s remaining=1610
    iter=391 E=-1.8457552180 nfev=395 t=25706.0s remaining=1609
    iter=392 E=-1.8458213096 nfev=396 t=25784.0s remaining=1608
    iter=393 E=-1.8458867119 nfev=397 t=25847.6s remaining=1607
    iter=394 E=-1.8459342670 nfev=398 t=25916.3s remaining=1606
    iter=395 E=-1.8459855559 nfev=399 t=25978.4s remaining=1605
    iter=396 E=-1.8460328847 nfev=400 t=26049.5s remaining=1604
    iter=397 E=-1.8460890571 nfev=401 t=26116.2s remaining=1603
    iter=398 E=-1.8461504278 nfev=402 t=26172.5s remaining=1602
    iter=399 E=-1.8462072210 nfev=403 t=26239.6s remaining=1601
    iter=400 E=-1.8462685300 nfev=404 t=26302.4s remaining=1600
    iter=401 E=-1.8463175468 nfev=405 t=26358.1s remaining=1599
    iter=402 E=-1.8463596715 nfev=406 t=26415.2s remaining=1598
    iter=403 E=-1.8463971614 nfev=407 t=26484.4s remaining=1597
    iter=404 E=-1.8464495179 nfev=408 t=26555.0s remaining=1596
    iter=405 E=-1.8464949900 nfev=409 t=26622.6s remaining=1595
    iter=406 E=-1.8465527056 nfev=410 t=26680.1s remaining=1594
    iter=407 E=-1.8466244643 nfev=411 t=26750.8s remaining=1593
    iter=408 E=-1.8467068260 nfev=412 t=26814.4s remaining=1592
    iter=409 E=-1.8468135532 nfev=413 t=26875.3s remaining=1591
    iter=410 E=-1.8469338178 nfev=414 t=26942.9s remaining=1590
    iter=411 E=-1.8470656255 nfev=415 t=26999.3s remaining=1589
    iter=412 E=-1.8472061129 nfev=416 t=27070.7s remaining=1588
    iter=413 E=-1.8473792952 nfev=417 t=27146.0s remaining=1587
    iter=414 E=-1.8474961900 nfev=418 t=27217.5s remaining=1586
    iter=415 E=-1.8476489603 nfev=419 t=27280.8s remaining=1585
    iter=416 E=-1.8478218099 nfev=420 t=27352.1s remaining=1584
    iter=417 E=-1.8479682197 nfev=421 t=27414.6s remaining=1583
    iter=418 E=-1.8481503452 nfev=422 t=27477.8s remaining=1582
    iter=419 E=-1.8483232482 nfev=423 t=27546.2s remaining=1581
    iter=420 E=-1.8484714249 nfev=424 t=27614.5s remaining=1580
    iter=421 E=-1.8485615155 nfev=425 t=27678.3s remaining=1579
    iter=422 E=-1.8486698346 nfev=426 t=27741.3s remaining=1578
    iter=423 E=-1.8487716168 nfev=427 t=27800.5s remaining=1577
    iter=424 E=-1.8488601221 nfev=428 t=27870.9s remaining=1576
    iter=425 E=-1.8489535434 nfev=429 t=27929.9s remaining=1575
    iter=426 E=-1.8490396723 nfev=430 t=27991.1s remaining=1574
    iter=427 E=-1.8491353211 nfev=431 t=28054.6s remaining=1573
    iter=428 E=-1.8492187730 nfev=432 t=28112.1s remaining=1572
    iter=429 E=-1.8492904691 nfev=433 t=28180.1s remaining=1571
    iter=430 E=-1.8493739741 nfev=434 t=28243.6s remaining=1570
    iter=431 E=-1.8494562307 nfev=435 t=28301.9s remaining=1569
    iter=432 E=-1.8495175970 nfev=436 t=28368.5s remaining=1568
    iter=433 E=-1.8495892898 nfev=437 t=28425.7s remaining=1567
    iter=434 E=-1.8496749295 nfev=438 t=28486.3s remaining=1566
    iter=435 E=-1.8497404775 nfev=439 t=28549.5s remaining=1565
    iter=436 E=-1.8497891484 nfev=440 t=28612.6s remaining=1564
    iter=437 E=-1.8498275611 nfev=441 t=28679.8s remaining=1563
    iter=438 E=-1.8498627308 nfev=442 t=28738.5s remaining=1562
    iter=439 E=-1.8498939750 nfev=443 t=28803.3s remaining=1561
    iter=440 E=-1.8499165842 nfev=444 t=28873.3s remaining=1560
    iter=441 E=-1.8499357615 nfev=445 t=28945.6s remaining=1559
    iter=442 E=-1.8499565463 nfev=446 t=29009.7s remaining=1558
    iter=443 E=-1.8499795668 nfev=447 t=29072.0s remaining=1557
    iter=444 E=-1.8500046912 nfev=448 t=29139.5s remaining=1556
    iter=445 E=-1.8500336408 nfev=449 t=29207.5s remaining=1555
    iter=446 E=-1.8500755554 nfev=450 t=29274.6s remaining=1554
    iter=447 E=-1.8501385741 nfev=451 t=29336.5s remaining=1553
    iter=448 E=-1.8502324260 nfev=452 t=29402.0s remaining=1552
    iter=449 E=-1.8503677212 nfev=453 t=29464.2s remaining=1551
    iter=450 E=-1.8505442192 nfev=454 t=29518.5s remaining=1550
    iter=451 E=-1.8508149815 nfev=455 t=29582.4s remaining=1549
    iter=452 E=-1.8512032487 nfev=456 t=29655.8s remaining=1548
    iter=453 E=-1.8513653418 nfev=457 t=29723.1s remaining=1547
    iter=454 E=-1.8516390459 nfev=458 t=29782.2s remaining=1546
    iter=455 E=-1.8520225616 nfev=459 t=29851.8s remaining=1545
    iter=456 E=-1.8524503513 nfev=460 t=29922.5s remaining=1544
    iter=457 E=-1.8527979757 nfev=461 t=29990.0s remaining=1543
    iter=458 E=-1.8532255280 nfev=462 t=30050.2s remaining=1542
    iter=459 E=-1.8534813021 nfev=463 t=30113.7s remaining=1541
    iter=460 E=-1.8538082885 nfev=464 t=30177.9s remaining=1540
    iter=461 E=-1.8541083848 nfev=465 t=30237.4s remaining=1539
    iter=462 E=-1.8543721782 nfev=466 t=30302.8s remaining=1538
    iter=463 E=-1.8546306211 nfev=467 t=30364.5s remaining=1537
    iter=464 E=-1.8547958914 nfev=468 t=30432.3s remaining=1536
    iter=465 E=-1.8549504304 nfev=469 t=30495.9s remaining=1535
    iter=466 E=-1.8550703369 nfev=470 t=30562.9s remaining=1534
    iter=467 E=-1.8551633055 nfev=471 t=30621.5s remaining=1533
    iter=468 E=-1.8552516203 nfev=472 t=30686.8s remaining=1532
    iter=469 E=-1.8553230618 nfev=473 t=30749.9s remaining=1531
    iter=470 E=-1.8554135668 nfev=474 t=30822.4s remaining=1530
    iter=471 E=-1.8554922871 nfev=475 t=30892.4s remaining=1529
    iter=472 E=-1.8555766420 nfev=476 t=30957.1s remaining=1528
    iter=473 E=-1.8556584186 nfev=477 t=31031.4s remaining=1527
    iter=474 E=-1.8557347737 nfev=478 t=31092.1s remaining=1526
    iter=475 E=-1.8558082087 nfev=479 t=31161.5s remaining=1525
    iter=476 E=-1.8558744414 nfev=480 t=31229.0s remaining=1524
    iter=477 E=-1.8559308162 nfev=481 t=31302.9s remaining=1523
    iter=478 E=-1.8559836459 nfev=482 t=31377.8s remaining=1522
    iter=479 E=-1.8560327933 nfev=483 t=31455.4s remaining=1521
    iter=480 E=-1.8560704785 nfev=484 t=31511.6s remaining=1520
    iter=481 E=-1.8560971718 nfev=485 t=31581.4s remaining=1519
    iter=482 E=-1.8561200626 nfev=486 t=31646.7s remaining=1518
    iter=483 E=-1.8561412751 nfev=487 t=31703.6s remaining=1517
    iter=484 E=-1.8561592191 nfev=488 t=31763.0s remaining=1516
    iter=485 E=-1.8561762421 nfev=489 t=31823.4s remaining=1515
    iter=486 E=-1.8561920745 nfev=490 t=31882.3s remaining=1514
    iter=487 E=-1.8562089440 nfev=491 t=31944.4s remaining=1513
    iter=488 E=-1.8562268720 nfev=492 t=32004.8s remaining=1512
    iter=489 E=-1.8562413917 nfev=493 t=32076.1s remaining=1511
    iter=490 E=-1.8562532309 nfev=494 t=32138.2s remaining=1510
    iter=491 E=-1.8562644671 nfev=495 t=32207.1s remaining=1509
    iter=492 E=-1.8562745777 nfev=496 t=32272.4s remaining=1508
    iter=493 E=-1.8562829519 nfev=497 t=32327.2s remaining=1507
    iter=494 E=-1.8562900343 nfev=498 t=32395.7s remaining=1506
    iter=495 E=-1.8562966672 nfev=499 t=32449.1s remaining=1505
    iter=496 E=-1.8563033499 nfev=500 t=32513.9s remaining=1504
    iter=497 E=-1.8563098051 nfev=501 t=32583.3s remaining=1503
    iter=498 E=-1.8563151912 nfev=502 t=32648.9s remaining=1502
    iter=499 E=-1.8563194503 nfev=503 t=32714.5s remaining=1501
    iter=500 E=-1.8563228536 nfev=504 t=32768.1s remaining=1500
    iter=501 E=-1.8563255497 nfev=505 t=32828.7s remaining=1499
    iter=502 E=-1.8563277412 nfev=506 t=32883.7s remaining=1498
    iter=503 E=-1.8563297354 nfev=507 t=32946.4s remaining=1497
    iter=504 E=-1.8563318521 nfev=508 t=33014.5s remaining=1496
    iter=505 E=-1.8563339255 nfev=509 t=33071.2s remaining=1495
    iter=506 E=-1.8563354773 nfev=510 t=33139.5s remaining=1494
    iter=507 E=-1.8563365672 nfev=511 t=33205.9s remaining=1493
    iter=508 E=-1.8563375889 nfev=512 t=33269.6s remaining=1492
    iter=509 E=-1.8563388108 nfev=513 t=33336.2s remaining=1491
    iter=510 E=-1.8563402350 nfev=514 t=33404.8s remaining=1490
    iter=511 E=-1.8563418494 nfev=515 t=33432.3s remaining=1489
    iter=512 E=-1.8563436719 nfev=516 t=33440.4s remaining=1488
    iter=513 E=-1.8563457338 nfev=517 t=33488.3s remaining=1487
    iter=514 E=-1.8563479621 nfev=518 t=33556.0s remaining=1486
    iter=515 E=-1.8563501989 nfev=519 t=33623.0s remaining=1485
    iter=516 E=-1.8563523704 nfev=520 t=33683.1s remaining=1484
    iter=517 E=-1.8563545771 nfev=521 t=33740.0s remaining=1483
    iter=518 E=-1.8563569960 nfev=522 t=33795.2s remaining=1482
    iter=519 E=-1.8563597233 nfev=523 t=33858.2s remaining=1481
    iter=520 E=-1.8563627632 nfev=524 t=33923.6s remaining=1480
    iter=521 E=-1.8563661020 nfev=525 t=33977.2s remaining=1479
    iter=522 E=-1.8563696406 nfev=526 t=34037.3s remaining=1478
    iter=523 E=-1.8563731265 nfev=527 t=34108.4s remaining=1477
    iter=524 E=-1.8563762345 nfev=528 t=34171.6s remaining=1476
    iter=525 E=-1.8563787912 nfev=529 t=34235.7s remaining=1475
    iter=526 E=-1.8563808721 nfev=530 t=34301.5s remaining=1474
    iter=527 E=-1.8563825889 nfev=531 t=34363.8s remaining=1473
    iter=528 E=-1.8563839704 nfev=532 t=34428.7s remaining=1472
    iter=529 E=-1.8563849970 nfev=533 t=34485.6s remaining=1471
    iter=530 E=-1.8563857132 nfev=534 t=34552.8s remaining=1470
    iter=531 E=-1.8563862143 nfev=535 t=34609.8s remaining=1469
    iter=532 E=-1.8563865979 nfev=536 t=34677.4s remaining=1468
    iter=533 E=-1.8563869246 nfev=537 t=34742.7s remaining=1467
    iter=534 E=-1.8563872235 nfev=538 t=34807.2s remaining=1466
    iter=535 E=-1.8563875122 nfev=539 t=34872.4s remaining=1465
    iter=536 E=-1.8563878122 nfev=540 t=34933.9s remaining=1464
    iter=537 E=-1.8563881460 nfev=541 t=34996.0s remaining=1463
    iter=538 E=-1.8563885296 nfev=542 t=35049.6s remaining=1462
    iter=539 E=-1.8563889592 nfev=543 t=35113.3s remaining=1461
    iter=540 E=-1.8563894039 nfev=544 t=35173.0s remaining=1460
    iter=541 E=-1.8563898154 nfev=545 t=35237.5s remaining=1459
    iter=542 E=-1.8563901598 nfev=546 t=35303.3s remaining=1458
    iter=543 E=-1.8563904291 nfev=547 t=35366.5s remaining=1457
    iter=544 E=-1.8563906406 nfev=548 t=35428.0s remaining=1456
    iter=545 E=-1.8563908113 nfev=549 t=35492.9s remaining=1455
    iter=546 E=-1.8563909574 nfev=550 t=35561.8s remaining=1454
    iter=547 E=-1.8563910884 nfev=551 t=35627.3s remaining=1453
    iter=548 E=-1.8563912205 nfev=552 t=35690.8s remaining=1452
    iter=549 E=-1.8563913679 nfev=553 t=35762.1s remaining=1451
    iter=550 E=-1.8563915346 nfev=554 t=35827.7s remaining=1450
    iter=551 E=-1.8563916992 nfev=555 t=35895.2s remaining=1449
    iter=552 E=-1.8563918334 nfev=556 t=35952.5s remaining=1448
    iter=553 E=-1.8563919342 nfev=557 t=36011.9s remaining=1447
    iter=554 E=-1.8563920198 nfev=558 t=36063.7s remaining=1446
    iter=555 E=-1.8563921030 nfev=559 t=36130.8s remaining=1445
    iter=556 E=-1.8563921809 nfev=560 t=36197.4s remaining=1444
    iter=557 E=-1.8563922468 nfev=561 t=36262.2s remaining=1443
    iter=558 E=-1.8563923020 nfev=562 t=36332.8s remaining=1442
    iter=559 E=-1.8563923542 nfev=563 t=36396.2s remaining=1441
    iter=560 E=-1.8563924098 nfev=564 t=36471.7s remaining=1440
    iter=561 E=-1.8563924722 nfev=565 t=36531.4s remaining=1439
    iter=562 E=-1.8563925432 nfev=566 t=36596.3s remaining=1438
    iter=563 E=-1.8563926227 nfev=567 t=36657.0s remaining=1437
    iter=564 E=-1.8563927047 nfev=568 t=36716.9s remaining=1436
    iter=565 E=-1.8563927814 nfev=569 t=36780.9s remaining=1435
    iter=566 E=-1.8563928495 nfev=570 t=36843.9s remaining=1434
    iter=567 E=-1.8563929094 nfev=571 t=36905.1s remaining=1433
    iter=568 E=-1.8563929592 nfev=572 t=36965.8s remaining=1432
    iter=569 E=-1.8563929964 nfev=573 t=37020.8s remaining=1431
    iter=570 E=-1.8563930235 nfev=574 t=37094.5s remaining=1430
    iter=571 E=-1.8563930461 nfev=575 t=37153.9s remaining=1429
    iter=572 E=-1.8563930678 nfev=576 t=37217.7s remaining=1428
    iter=573 E=-1.8563930894 nfev=577 t=37276.2s remaining=1427
    iter=574 E=-1.8563931112 nfev=578 t=37346.1s remaining=1426
    iter=575 E=-1.8563931348 nfev=579 t=37401.7s remaining=1425
    iter=576 E=-1.8563931621 nfev=580 t=37462.3s remaining=1424
    iter=577 E=-1.8563931926 nfev=581 t=37526.5s remaining=1423
    iter=578 E=-1.8563932241 nfev=582 t=37582.3s remaining=1422
    iter=579 E=-1.8563932556 nfev=583 t=37643.1s remaining=1421
    iter=580 E=-1.8563932880 nfev=584 t=37697.4s remaining=1420
    iter=581 E=-1.8563933214 nfev=585 t=37764.3s remaining=1419
    iter=582 E=-1.8563933543 nfev=586 t=37815.8s remaining=1418
    iter=583 E=-1.8563933847 nfev=587 t=37876.4s remaining=1417
    iter=584 E=-1.8563934117 nfev=588 t=37940.9s remaining=1416
    iter=585 E=-1.8563934339 nfev=589 t=38010.4s remaining=1415
    iter=586 E=-1.8563934503 nfev=590 t=38073.7s remaining=1414
    iter=587 E=-1.8563934619 nfev=591 t=38134.3s remaining=1413
    iter=588 E=-1.8563934713 nfev=592 t=38196.5s remaining=1412
    iter=589 E=-1.8563934801 nfev=593 t=38263.5s remaining=1411
    iter=590 E=-1.8563934890 nfev=594 t=38332.0s remaining=1410
    iter=591 E=-1.8563934976 nfev=595 t=38394.6s remaining=1409
    iter=592 E=-1.8563935063 nfev=596 t=38457.2s remaining=1408
    iter=593 E=-1.8563935158 nfev=597 t=38522.1s remaining=1407
    iter=594 E=-1.8563935270 nfev=598 t=38585.2s remaining=1406
    iter=595 E=-1.8563935392 nfev=599 t=38647.4s remaining=1405
    iter=596 E=-1.8563935505 nfev=600 t=38708.9s remaining=1404
    iter=597 E=-1.8563935594 nfev=601 t=38771.8s remaining=1403
    iter=598 E=-1.8563935656 nfev=602 t=38842.8s remaining=1402
    iter=599 E=-1.8563935702 nfev=603 t=38909.0s remaining=1401
    iter=600 E=-1.8563935743 nfev=604 t=38971.4s remaining=1400
    iter=601 E=-1.8563935787 nfev=605 t=39030.3s remaining=1399
    iter=602 E=-1.8563935835 nfev=606 t=39102.0s remaining=1398
    iter=603 E=-1.8563935885 nfev=607 t=39166.7s remaining=1397
    iter=604 E=-1.8563935935 nfev=608 t=39228.7s remaining=1396
    iter=605 E=-1.8563935983 nfev=609 t=39301.9s remaining=1395
    iter=606 E=-1.8563936030 nfev=610 t=39363.4s remaining=1394
    iter=607 E=-1.8563936076 nfev=611 t=39418.3s remaining=1393
    iter=608 E=-1.8563936124 nfev=612 t=39480.5s remaining=1392
    iter=609 E=-1.8563936178 nfev=613 t=39549.2s remaining=1391
    iter=610 E=-1.8563936238 nfev=614 t=39615.4s remaining=1390
    iter=611 E=-1.8563936311 nfev=615 t=39679.6s remaining=1389
    iter=612 E=-1.8563936393 nfev=616 t=39736.6s remaining=1388
    iter=613 E=-1.8563936481 nfev=617 t=39807.1s remaining=1387
    iter=614 E=-1.8563936556 nfev=618 t=39875.1s remaining=1386
    iter=615 E=-1.8563936610 nfev=619 t=39940.3s remaining=1385
    iter=616 E=-1.8563936643 nfev=620 t=40001.3s remaining=1384
    iter=617 E=-1.8563936663 nfev=621 t=40057.9s remaining=1383
    iter=618 E=-1.8563936677 nfev=622 t=40126.6s remaining=1382
    iter=619 E=-1.8563936690 nfev=623 t=40188.0s remaining=1381
    iter=620 E=-1.8563936700 nfev=624 t=40255.5s remaining=1380
    iter=621 E=-1.8563936708 nfev=625 t=40317.8s remaining=1379
    iter=622 E=-1.8563936713 nfev=626 t=40387.2s remaining=1378
    iter=623 E=-1.8563936717 nfev=627 t=40452.0s remaining=1377
    iter=624 E=-1.8563936720 nfev=628 t=40517.3s remaining=1376
    iter=625 E=-1.8563936724 nfev=629 t=40574.2s remaining=1375
    iter=626 E=-1.8563936730 nfev=630 t=40637.1s remaining=1374
    iter=627 E=-1.8563936736 nfev=631 t=40701.7s remaining=1373
    iter=628 E=-1.8563936742 nfev=632 t=40761.8s remaining=1372
    iter=629 E=-1.8563936747 nfev=633 t=40827.1s remaining=1371
    iter=630 E=-1.8563936752 nfev=634 t=40888.1s remaining=1370
    iter=631 E=-1.8563936756 nfev=635 t=40955.2s remaining=1369
    iter=632 E=-1.8563936762 nfev=636 t=41024.0s remaining=1368
    iter=633 E=-1.8563936769 nfev=637 t=41094.2s remaining=1367
    iter=634 E=-1.8563936777 nfev=638 t=41161.0s remaining=1366
    iter=635 E=-1.8563936785 nfev=639 t=41232.2s remaining=1365
    iter=636 E=-1.8563936793 nfev=640 t=41297.6s remaining=1364
    iter=637 E=-1.8563936800 nfev=641 t=41367.1s remaining=1363
    iter=638 E=-1.8563936807 nfev=642 t=41429.7s remaining=1362
    iter=639 E=-1.8563936810 nfev=643 t=41494.8s remaining=1361
    iter=640 E=-1.8563936811 nfev=644 t=41557.1s remaining=1360
    iter=641 E=-1.8563936811 nfev=645 t=41619.1s remaining=1359
    iter=642 E=-1.8563936812 nfev=646 t=41675.9s remaining=1358
    iter=643 E=-1.8563936812 nfev=647 t=41744.4s remaining=1357
    iter=644 E=-1.8563936813 nfev=648 t=41804.8s remaining=1356
    iter=645 E=-1.8563936813 nfev=649 t=41866.1s remaining=1355
    iter=646 E=-1.8563936814 nfev=650 t=41935.1s remaining=1354
    iter=647 E=-1.8563936814 nfev=651 t=41993.5s remaining=1353
    iter=648 E=-1.8563936814 nfev=652 t=42063.4s remaining=1352
    iter=649 E=-1.8563936815 nfev=653 t=42129.0s remaining=1351
    iter=650 E=-1.8563936815 nfev=654 t=42187.5s remaining=1350
    iter=651 E=-1.8563936815 nfev=655 t=42256.6s remaining=1349
    iter=652 E=-1.8563936815 nfev=657 t=42386.4s remaining=1348
    iter=653 E=-1.8563936815 nfev=662 t=42692.5s remaining=1347
    iter=653 E=-1.8563936815 nfev=711 t=45807.1s remaining=1347
    seed=0 E=-1.8563936815 dE=+3.240e-01 nit=653 ok=False t=45807.1s
  r=0.88  L=5   npar=228   E=-1.8563936815  |E-FCI|=3.240e-01  FCI=no   chem=no

=== build H4 JWT Hamiltonian at R=2.50 Å ===
=== r=2.50 Å stretched  FCI(pyscf)=-1.8722159944  eig=-1.8722159944  paper_fci=-1.87221599  paper_SNAP_D20=-1.872215990639203 ===
-- r=2.50  (ECD+SNAP+BS)^5 + ECD   npar=228 --
    iter=1 E=-1.0990267047 nfev=2 t=111.9s remaining=1999
    iter=2 E=-1.1395005235 nfev=5 t=304.3s remaining=1998
    iter=3 E=-1.1880387634 nfev=6 t=367.8s remaining=1997
    iter=4 E=-1.2249848574 nfev=7 t=428.8s remaining=1996
    iter=5 E=-1.2431528460 nfev=8 t=494.4s remaining=1995
    iter=6 E=-1.2624217333 nfev=9 t=550.1s remaining=1994
    iter=7 E=-1.2825692877 nfev=10 t=613.5s remaining=1993
    iter=8 E=-1.3053089470 nfev=11 t=671.8s remaining=1992
    iter=9 E=-1.3169676696 nfev=13 t=807.1s remaining=1991
    iter=10 E=-1.3264726408 nfev=14 t=876.8s remaining=1990
    iter=11 E=-1.3349994192 nfev=15 t=947.3s remaining=1989
    iter=12 E=-1.3478708449 nfev=16 t=1017.2s remaining=1988
    iter=13 E=-1.3620654431 nfev=17 t=1081.7s remaining=1987
    iter=14 E=-1.3735570069 nfev=18 t=1149.1s remaining=1986
    iter=15 E=-1.3834659134 nfev=19 t=1215.0s remaining=1985
    iter=16 E=-1.3941357740 nfev=20 t=1276.4s remaining=1984
    iter=17 E=-1.4082101744 nfev=21 t=1336.9s remaining=1983
    iter=18 E=-1.4112303503 nfev=22 t=1404.3s remaining=1982
    iter=19 E=-1.4166020351 nfev=23 t=1470.4s remaining=1981
    iter=20 E=-1.4256294855 nfev=24 t=1532.2s remaining=1980
    iter=21 E=-1.4372646979 nfev=25 t=1592.6s remaining=1979
    iter=22 E=-1.4385431802 nfev=26 t=1662.0s remaining=1978
    iter=23 E=-1.4409315696 nfev=27 t=1724.7s remaining=1977
    iter=24 E=-1.4450728662 nfev=28 t=1791.0s remaining=1976
    iter=25 E=-1.4519107320 nfev=29 t=1859.3s remaining=1975
    iter=26 E=-1.4601936496 nfev=30 t=1927.7s remaining=1974
    iter=27 E=-1.4662572047 nfev=31 t=1997.9s remaining=1973
    iter=28 E=-1.4681239205 nfev=32 t=2055.3s remaining=1972
    iter=29 E=-1.4713959382 nfev=33 t=2121.4s remaining=1971
    iter=30 E=-1.4766686206 nfev=34 t=2184.7s remaining=1970
    iter=31 E=-1.4829121807 nfev=35 t=2248.8s remaining=1969
    iter=32 E=-1.4838727243 nfev=36 t=2314.1s remaining=1968
    iter=33 E=-1.4856904870 nfev=37 t=2376.7s remaining=1967
    iter=34 E=-1.4890009603 nfev=38 t=2441.0s remaining=1966
    iter=35 E=-1.4945119680 nfev=39 t=2503.4s remaining=1965
    iter=36 E=-1.5021774733 nfev=40 t=2560.7s remaining=1964
    iter=37 E=-1.5054803695 nfev=41 t=2616.8s remaining=1963
    iter=38 E=-1.5103098663 nfev=42 t=2690.8s remaining=1962
    iter=39 E=-1.5158846229 nfev=43 t=2749.1s remaining=1961
    iter=40 E=-1.5218510142 nfev=44 t=2814.1s remaining=1960
    iter=41 E=-1.5276562075 nfev=45 t=2875.1s remaining=1959
    iter=42 E=-1.5344125883 nfev=46 t=2938.2s remaining=1958
    iter=43 E=-1.5404342036 nfev=47 t=3000.0s remaining=1957
    iter=44 E=-1.5476715100 nfev=48 t=3067.2s remaining=1956
    iter=45 E=-1.5551766096 nfev=49 t=3129.8s remaining=1955
    iter=46 E=-1.5606949453 nfev=50 t=3196.5s remaining=1954
    iter=47 E=-1.5659891814 nfev=51 t=3264.0s remaining=1953
    iter=48 E=-1.5722831938 nfev=52 t=3332.9s remaining=1952
    iter=49 E=-1.5786000237 nfev=53 t=3393.4s remaining=1951
    iter=50 E=-1.5829097473 nfev=54 t=3454.7s remaining=1950
    iter=51 E=-1.5867775903 nfev=55 t=3514.4s remaining=1949
    iter=52 E=-1.5915860308 nfev=56 t=3573.3s remaining=1948
    iter=53 E=-1.5971032441 nfev=57 t=3636.2s remaining=1947
    iter=54 E=-1.6035461969 nfev=58 t=3694.1s remaining=1946
    iter=55 E=-1.6079835156 nfev=59 t=3749.4s remaining=1945
    iter=56 E=-1.6115289163 nfev=60 t=3818.0s remaining=1944
    iter=57 E=-1.6146711406 nfev=61 t=3883.2s remaining=1943
    iter=58 E=-1.6181028123 nfev=62 t=3945.9s remaining=1942
    iter=59 E=-1.6222151301 nfev=63 t=4007.0s remaining=1941
    iter=60 E=-1.6259254401 nfev=64 t=4065.0s remaining=1940
    iter=61 E=-1.6287640054 nfev=65 t=4132.0s remaining=1939
    iter=62 E=-1.6308727630 nfev=66 t=4190.6s remaining=1938
    iter=63 E=-1.6334545826 nfev=67 t=4255.1s remaining=1937
    iter=64 E=-1.6358431513 nfev=68 t=4311.8s remaining=1936
    iter=65 E=-1.6379778904 nfev=69 t=4367.0s remaining=1935
    iter=66 E=-1.6408071038 nfev=70 t=4428.9s remaining=1934
    iter=67 E=-1.6446329596 nfev=71 t=4488.9s remaining=1933
    iter=68 E=-1.6481552467 nfev=72 t=4547.5s remaining=1932
    iter=69 E=-1.6511842343 nfev=73 t=4603.6s remaining=1931
    iter=70 E=-1.6541146274 nfev=74 t=4671.1s remaining=1930
    iter=71 E=-1.6565911365 nfev=75 t=4737.0s remaining=1929
    iter=72 E=-1.6595860079 nfev=76 t=4798.3s remaining=1928
    iter=73 E=-1.6626336245 nfev=77 t=4863.9s remaining=1927
    iter=74 E=-1.6659776806 nfev=78 t=4925.6s remaining=1926
    iter=75 E=-1.6683930018 nfev=79 t=4994.1s remaining=1925
    iter=76 E=-1.6710928075 nfev=80 t=5058.6s remaining=1924
    iter=77 E=-1.6733480717 nfev=81 t=5126.4s remaining=1923
    iter=78 E=-1.6751030409 nfev=82 t=5191.7s remaining=1922
    iter=79 E=-1.6768821051 nfev=83 t=5255.7s remaining=1921
    iter=80 E=-1.6789052019 nfev=84 t=5322.7s remaining=1920
    iter=81 E=-1.6807054616 nfev=85 t=5390.6s remaining=1919
    iter=82 E=-1.6822335688 nfev=86 t=5449.0s remaining=1918
    iter=83 E=-1.6833200292 nfev=87 t=5505.4s remaining=1917
    iter=84 E=-1.6847375720 nfev=88 t=5562.8s remaining=1916
    iter=85 E=-1.6861555741 nfev=89 t=5627.0s remaining=1915
    iter=86 E=-1.6875530136 nfev=90 t=5692.9s remaining=1914
    iter=87 E=-1.6888634213 nfev=91 t=5756.0s remaining=1913
    iter=88 E=-1.6901856167 nfev=92 t=5820.8s remaining=1912
    iter=89 E=-1.6913513865 nfev=93 t=5878.9s remaining=1911
    iter=90 E=-1.6925365431 nfev=94 t=5940.7s remaining=1910
    iter=91 E=-1.6936899990 nfev=95 t=6000.3s remaining=1909
    iter=92 E=-1.6948393020 nfev=96 t=6059.4s remaining=1908
    iter=93 E=-1.6958816065 nfev=97 t=6118.6s remaining=1907
    iter=94 E=-1.6966467557 nfev=98 t=6181.0s remaining=1906
    iter=95 E=-1.6974653583 nfev=99 t=6242.9s remaining=1905
    iter=96 E=-1.6983689210 nfev=100 t=6306.7s remaining=1904
    iter=97 E=-1.6995068100 nfev=101 t=6365.7s remaining=1903
    iter=98 E=-1.7003548831 nfev=102 t=6428.6s remaining=1902
    iter=99 E=-1.7011037009 nfev=103 t=6492.0s remaining=1901
    iter=100 E=-1.7019632083 nfev=104 t=6551.5s remaining=1900
    iter=101 E=-1.7025830278 nfev=105 t=6617.4s remaining=1899
    iter=102 E=-1.7031379085 nfev=106 t=6683.5s remaining=1898
    iter=103 E=-1.7039516254 nfev=107 t=6749.6s remaining=1897
    iter=104 E=-1.7049328450 nfev=108 t=6812.9s remaining=1896
    iter=105 E=-1.7056902073 nfev=109 t=6877.8s remaining=1895
    iter=106 E=-1.7064294510 nfev=110 t=6938.0s remaining=1894
    iter=107 E=-1.7070627888 nfev=111 t=7001.5s remaining=1893
    iter=108 E=-1.7077390392 nfev=112 t=7058.6s remaining=1892
    iter=109 E=-1.7084772211 nfev=113 t=7121.4s remaining=1891
    iter=110 E=-1.7091617566 nfev=114 t=7179.6s remaining=1890
    iter=111 E=-1.7097956783 nfev=115 t=7239.1s remaining=1889
    iter=112 E=-1.7104966056 nfev=116 t=7298.6s remaining=1888
    iter=113 E=-1.7111995415 nfev=117 t=7370.3s remaining=1887
    iter=114 E=-1.7116950969 nfev=118 t=7433.2s remaining=1886
    iter=115 E=-1.7122576159 nfev=119 t=7499.1s remaining=1885
    iter=116 E=-1.7129486588 nfev=120 t=7566.5s remaining=1884
    iter=117 E=-1.7136173671 nfev=121 t=7632.0s remaining=1883
    iter=118 E=-1.7142546620 nfev=122 t=7699.0s remaining=1882
    iter=119 E=-1.7149151702 nfev=123 t=7757.0s remaining=1881
    iter=120 E=-1.7156412707 nfev=124 t=7830.9s remaining=1880
    iter=121 E=-1.7165063510 nfev=125 t=7895.0s remaining=1879
    iter=122 E=-1.7171069486 nfev=126 t=7960.6s remaining=1878
    iter=123 E=-1.7176850557 nfev=127 t=8026.3s remaining=1877
    iter=124 E=-1.7182692929 nfev=128 t=8096.2s remaining=1876
    iter=125 E=-1.7189200222 nfev=129 t=8162.6s remaining=1875
    iter=126 E=-1.7195582739 nfev=130 t=8230.6s remaining=1874
    iter=127 E=-1.7201489352 nfev=131 t=8299.4s remaining=1873
    iter=128 E=-1.7207442377 nfev=132 t=8360.0s remaining=1872
    iter=129 E=-1.7214450532 nfev=133 t=8424.8s remaining=1871
    iter=130 E=-1.7220493867 nfev=134 t=8481.1s remaining=1870
    iter=131 E=-1.7226137761 nfev=135 t=8541.6s remaining=1869
    iter=132 E=-1.7233625106 nfev=136 t=8598.4s remaining=1868
    iter=133 E=-1.7241354235 nfev=137 t=8665.5s remaining=1867
    iter=134 E=-1.7247390359 nfev=138 t=8735.7s remaining=1866
    iter=135 E=-1.7251948565 nfev=139 t=8796.1s remaining=1865
    iter=136 E=-1.7257539754 nfev=140 t=8860.8s remaining=1864
    iter=137 E=-1.7264122150 nfev=141 t=8930.1s remaining=1863
    iter=138 E=-1.7273555285 nfev=142 t=8996.7s remaining=1862
    iter=139 E=-1.7283073839 nfev=143 t=9059.0s remaining=1861
    iter=140 E=-1.7288807661 nfev=144 t=9115.6s remaining=1860
    iter=141 E=-1.7295677918 nfev=145 t=9181.2s remaining=1859
    iter=142 E=-1.7303442023 nfev=146 t=9244.7s remaining=1858
    iter=143 E=-1.7309973600 nfev=147 t=9312.1s remaining=1857
    iter=144 E=-1.7315604489 nfev=148 t=9376.9s remaining=1856
    iter=145 E=-1.7321311518 nfev=149 t=9443.4s remaining=1855
    iter=146 E=-1.7328866144 nfev=150 t=9505.5s remaining=1854
    iter=147 E=-1.7337187690 nfev=151 t=9571.4s remaining=1853
    iter=148 E=-1.7341545693 nfev=152 t=9633.0s remaining=1852
    iter=149 E=-1.7346170270 nfev=153 t=9696.7s remaining=1851
    iter=150 E=-1.7351794893 nfev=154 t=9755.0s remaining=1850
    iter=151 E=-1.7359635719 nfev=155 t=9814.8s remaining=1849
    iter=152 E=-1.7366010049 nfev=156 t=9881.1s remaining=1848
    iter=153 E=-1.7372062974 nfev=157 t=9943.3s remaining=1847
    iter=154 E=-1.7378613476 nfev=158 t=10007.3s remaining=1846
    iter=155 E=-1.7384605693 nfev=159 t=10079.6s remaining=1845
    iter=156 E=-1.7388994235 nfev=160 t=10141.1s remaining=1844
    iter=157 E=-1.7394606415 nfev=161 t=10206.1s remaining=1843
    iter=158 E=-1.7401365616 nfev=162 t=10270.7s remaining=1842
    iter=159 E=-1.7406788374 nfev=163 t=10331.6s remaining=1841
    iter=160 E=-1.7411025818 nfev=164 t=10403.1s remaining=1840
    iter=161 E=-1.7414470822 nfev=165 t=10465.8s remaining=1839
    iter=162 E=-1.7417869371 nfev=166 t=10533.0s remaining=1838
    iter=163 E=-1.7422585071 nfev=167 t=10596.1s remaining=1837
    iter=164 E=-1.7427294555 nfev=168 t=10656.2s remaining=1836
    iter=165 E=-1.7431128982 nfev=169 t=10717.9s remaining=1835
    iter=166 E=-1.7435270956 nfev=170 t=10783.3s remaining=1834
    iter=167 E=-1.7439400001 nfev=171 t=10842.7s remaining=1833
    iter=168 E=-1.7442386516 nfev=172 t=10904.5s remaining=1832
    iter=169 E=-1.7445567014 nfev=173 t=10970.5s remaining=1831
    iter=170 E=-1.7449343172 nfev=174 t=11034.6s remaining=1830
    iter=171 E=-1.7452885823 nfev=175 t=11100.5s remaining=1829
    iter=172 E=-1.7455784762 nfev=176 t=11162.1s remaining=1828
    iter=173 E=-1.7458239405 nfev=177 t=11223.4s remaining=1827
    iter=174 E=-1.7461330787 nfev=178 t=11285.0s remaining=1826
    iter=175 E=-1.7465663354 nfev=179 t=11349.7s remaining=1825
    iter=176 E=-1.7470926238 nfev=180 t=11405.4s remaining=1824
    iter=177 E=-1.7475325222 nfev=181 t=11474.0s remaining=1823
    iter=178 E=-1.7479035856 nfev=182 t=11545.2s remaining=1822
    iter=179 E=-1.7483253624 nfev=183 t=11601.6s remaining=1821
    iter=180 E=-1.7488642392 nfev=184 t=11671.5s remaining=1820
    iter=181 E=-1.7493925842 nfev=185 t=11733.8s remaining=1819
    iter=182 E=-1.7497612161 nfev=186 t=11803.6s remaining=1818
    iter=183 E=-1.7501099203 nfev=187 t=11873.2s remaining=1817
    iter=184 E=-1.7505061941 nfev=188 t=11940.2s remaining=1816
    iter=185 E=-1.7510619527 nfev=189 t=12008.6s remaining=1815
    iter=186 E=-1.7516151176 nfev=190 t=12074.5s remaining=1814
    iter=187 E=-1.7519843268 nfev=191 t=12144.7s remaining=1813
    iter=188 E=-1.7523866560 nfev=192 t=12216.8s remaining=1812
    iter=189 E=-1.7528537396 nfev=193 t=12289.8s remaining=1811
    iter=190 E=-1.7532051728 nfev=194 t=12351.1s remaining=1810
    iter=191 E=-1.7536165750 nfev=195 t=12419.8s remaining=1809
    iter=192 E=-1.7540026278 nfev=196 t=12480.7s remaining=1808
    iter=193 E=-1.7544660283 nfev=197 t=12544.2s remaining=1807
    iter=194 E=-1.7549676054 nfev=198 t=12608.8s remaining=1806
    iter=195 E=-1.7554061061 nfev=199 t=12675.7s remaining=1805
    iter=196 E=-1.7558054972 nfev=200 t=12739.4s remaining=1804
    iter=197 E=-1.7562408450 nfev=201 t=12800.2s remaining=1803
    iter=198 E=-1.7566818865 nfev=202 t=12867.0s remaining=1802
    iter=199 E=-1.7570077082 nfev=203 t=12931.2s remaining=1801
    iter=200 E=-1.7573169959 nfev=204 t=12992.4s remaining=1800
    iter=201 E=-1.7576409603 nfev=205 t=13050.5s remaining=1799
    iter=202 E=-1.7579742084 nfev=206 t=13111.0s remaining=1798
    iter=203 E=-1.7583081459 nfev=207 t=13168.9s remaining=1797
    iter=204 E=-1.7586212327 nfev=208 t=13238.1s remaining=1796
    iter=205 E=-1.7588678583 nfev=209 t=13309.4s remaining=1795
    iter=206 E=-1.7591661847 nfev=210 t=13373.5s remaining=1794
    iter=207 E=-1.7593649542 nfev=211 t=13432.3s remaining=1793
    iter=208 E=-1.7595393254 nfev=212 t=13490.7s remaining=1792
    iter=209 E=-1.7597561640 nfev=213 t=13559.4s remaining=1791
    iter=210 E=-1.7599649801 nfev=214 t=13622.6s remaining=1790
    iter=211 E=-1.7601567092 nfev=215 t=13683.7s remaining=1789
    iter=212 E=-1.7603394239 nfev=216 t=13742.6s remaining=1788
    iter=213 E=-1.7605133545 nfev=217 t=13811.4s remaining=1787
    iter=214 E=-1.7607003689 nfev=218 t=13877.8s remaining=1786
    iter=215 E=-1.7608845691 nfev=219 t=13931.4s remaining=1785
    iter=216 E=-1.7610576373 nfev=220 t=13995.5s remaining=1784
    iter=217 E=-1.7612211980 nfev=221 t=14060.7s remaining=1783
    iter=218 E=-1.7613990835 nfev=222 t=14129.2s remaining=1782
    iter=219 E=-1.7616211788 nfev=223 t=14188.7s remaining=1781
    iter=220 E=-1.7618441844 nfev=224 t=14256.9s remaining=1780
    iter=221 E=-1.7619913872 nfev=225 t=14323.1s remaining=1779
    iter=222 E=-1.7621288005 nfev=226 t=14390.4s remaining=1778
    iter=223 E=-1.7622874125 nfev=227 t=14453.0s remaining=1777
    iter=224 E=-1.7624520500 nfev=228 t=14516.2s remaining=1776
    iter=225 E=-1.7626127732 nfev=229 t=14576.1s remaining=1775
    iter=226 E=-1.7627711666 nfev=230 t=14642.3s remaining=1774
    iter=227 E=-1.7629286043 nfev=231 t=14708.5s remaining=1773
    iter=228 E=-1.7630892288 nfev=232 t=14780.7s remaining=1772
    iter=229 E=-1.7632595317 nfev=233 t=14839.6s remaining=1771
    iter=230 E=-1.7634202128 nfev=234 t=14911.6s remaining=1770
    iter=231 E=-1.7635448712 nfev=235 t=14981.0s remaining=1769
    iter=232 E=-1.7636602898 nfev=236 t=15046.4s remaining=1768
    iter=233 E=-1.7637821343 nfev=237 t=15115.3s remaining=1767
    iter=234 E=-1.7639211447 nfev=238 t=15172.7s remaining=1766
    iter=235 E=-1.7640165659 nfev=239 t=15224.2s remaining=1765
    iter=236 E=-1.7641400207 nfev=240 t=15293.9s remaining=1764
    iter=237 E=-1.7642921270 nfev=241 t=15364.2s remaining=1763
    iter=238 E=-1.7644458433 nfev=242 t=15428.9s remaining=1762
    iter=239 E=-1.7645820108 nfev=243 t=15493.7s remaining=1761
    iter=240 E=-1.7647095529 nfev=244 t=15560.7s remaining=1760
    iter=241 E=-1.7648440947 nfev=245 t=15625.9s remaining=1759
    iter=242 E=-1.7649802375 nfev=246 t=15680.8s remaining=1758
    iter=243 E=-1.7650950929 nfev=247 t=15744.7s remaining=1757
    iter=244 E=-1.7651883012 nfev=248 t=15803.7s remaining=1756
    iter=245 E=-1.7652658214 nfev=249 t=15858.1s remaining=1755
    iter=246 E=-1.7653413450 nfev=250 t=15938.2s remaining=1754
    iter=247 E=-1.7654154454 nfev=251 t=16003.3s remaining=1753
    iter=248 E=-1.7654836021 nfev=252 t=16070.1s remaining=1752
    iter=249 E=-1.7655400137 nfev=253 t=16141.6s remaining=1751
    iter=250 E=-1.7655995988 nfev=254 t=16201.2s remaining=1750
    iter=251 E=-1.7656650143 nfev=255 t=16261.8s remaining=1749
    iter=252 E=-1.7657336279 nfev=256 t=16315.6s remaining=1748
    iter=253 E=-1.7657979521 nfev=257 t=16380.7s remaining=1747
    iter=254 E=-1.7658570661 nfev=258 t=16443.9s remaining=1746
    iter=255 E=-1.7659170272 nfev=259 t=16510.0s remaining=1745
    iter=256 E=-1.7659782077 nfev=260 t=16574.3s remaining=1744
    iter=257 E=-1.7660335864 nfev=261 t=16638.1s remaining=1743
    iter=258 E=-1.7660923119 nfev=262 t=16702.8s remaining=1742
    iter=259 E=-1.7661579886 nfev=263 t=16769.7s remaining=1741
    iter=260 E=-1.7662240085 nfev=264 t=16839.9s remaining=1740
    iter=261 E=-1.7662880868 nfev=265 t=16905.4s remaining=1739
    iter=262 E=-1.7663524767 nfev=266 t=16967.0s remaining=1738
    iter=263 E=-1.7664228476 nfev=267 t=17026.9s remaining=1737
    iter=264 E=-1.7665020568 nfev=268 t=17094.8s remaining=1736
    iter=265 E=-1.7665926598 nfev=269 t=17156.9s remaining=1735
    iter=266 E=-1.7666860800 nfev=270 t=17224.8s remaining=1734
    iter=267 E=-1.7667744867 nfev=271 t=17296.7s remaining=1733
    iter=268 E=-1.7668650384 nfev=272 t=17361.0s remaining=1732
    iter=269 E=-1.7669691839 nfev=273 t=17425.1s remaining=1731
    iter=270 E=-1.7670923236 nfev=274 t=17494.5s remaining=1730
    iter=271 E=-1.7672168487 nfev=275 t=17551.7s remaining=1729
    iter=272 E=-1.7673132730 nfev=276 t=17614.3s remaining=1728
    iter=273 E=-1.7673867330 nfev=277 t=17680.7s remaining=1727
    iter=274 E=-1.7674618961 nfev=278 t=17747.2s remaining=1726
    iter=275 E=-1.7675620477 nfev=279 t=17808.6s remaining=1725
    iter=276 E=-1.7676958956 nfev=280 t=17876.3s remaining=1724
    iter=277 E=-1.7678028996 nfev=281 t=17945.4s remaining=1723
    iter=278 E=-1.7678833006 nfev=282 t=18014.1s remaining=1722
    iter=279 E=-1.7679560042 nfev=283 t=18081.2s remaining=1721
    iter=280 E=-1.7680412673 nfev=284 t=18141.4s remaining=1720
    iter=281 E=-1.7681206897 nfev=285 t=18213.7s remaining=1719
    iter=282 E=-1.7681846684 nfev=286 t=18282.1s remaining=1718
    iter=283 E=-1.7682362516 nfev=287 t=18352.3s remaining=1717
    iter=284 E=-1.7682902718 nfev=288 t=18417.5s remaining=1716
    iter=285 E=-1.7683536824 nfev=289 t=18482.7s remaining=1715
    iter=286 E=-1.7684241439 nfev=290 t=18551.8s remaining=1714
    iter=287 E=-1.7684861215 nfev=291 t=18615.7s remaining=1713
    iter=288 E=-1.7685397501 nfev=292 t=18647.1s remaining=1712
    iter=289 E=-1.7685993222 nfev=293 t=18697.2s remaining=1711
    iter=290 E=-1.7686775760 nfev=294 t=18760.2s remaining=1710
    iter=291 E=-1.7687712357 nfev=295 t=18830.1s remaining=1709
    iter=292 E=-1.7688639208 nfev=296 t=18903.5s remaining=1708
    iter=293 E=-1.7689545391 nfev=297 t=18974.3s remaining=1707
    iter=294 E=-1.7690444764 nfev=298 t=19038.0s remaining=1706
    iter=295 E=-1.7691623284 nfev=299 t=19105.7s remaining=1705
    iter=296 E=-1.7692893678 nfev=300 t=19177.2s remaining=1704
    iter=297 E=-1.7694670087 nfev=301 t=19240.3s remaining=1703
    iter=298 E=-1.7696251055 nfev=302 t=19311.2s remaining=1702
    iter=299 E=-1.7697710830 nfev=303 t=19378.2s remaining=1701
    iter=300 E=-1.7698946884 nfev=304 t=19447.8s remaining=1700
    iter=301 E=-1.7700510862 nfev=305 t=19512.9s remaining=1699
    iter=302 E=-1.7702417431 nfev=306 t=19577.9s remaining=1698
    iter=303 E=-1.7704487630 nfev=307 t=19638.7s remaining=1697
    iter=304 E=-1.7706120568 nfev=308 t=19707.9s remaining=1696
    iter=305 E=-1.7708181755 nfev=309 t=19781.1s remaining=1695
    iter=306 E=-1.7710132790 nfev=310 t=19848.8s remaining=1694
    iter=307 E=-1.7711745990 nfev=311 t=19913.7s remaining=1693
    iter=308 E=-1.7713072767 nfev=312 t=19982.4s remaining=1692
    iter=309 E=-1.7714385435 nfev=313 t=20052.3s remaining=1691
    iter=310 E=-1.7715643044 nfev=314 t=20122.8s remaining=1690
    iter=311 E=-1.7716803307 nfev=315 t=20147.7s remaining=1689
    iter=312 E=-1.7717920480 nfev=316 t=20192.5s remaining=1688
    iter=313 E=-1.7718969604 nfev=317 t=20258.4s remaining=1687
    iter=314 E=-1.7719817910 nfev=318 t=20320.8s remaining=1686
    iter=315 E=-1.7720726262 nfev=319 t=20386.9s remaining=1685
    iter=316 E=-1.7721908616 nfev=320 t=20453.4s remaining=1684
    iter=317 E=-1.7722770959 nfev=321 t=20516.5s remaining=1683
    iter=318 E=-1.7723592117 nfev=322 t=20578.0s remaining=1682
    iter=319 E=-1.7724460982 nfev=323 t=20655.4s remaining=1681
    iter=320 E=-1.7725441893 nfev=324 t=20718.4s remaining=1680
    iter=321 E=-1.7726336624 nfev=325 t=20786.6s remaining=1679
    iter=322 E=-1.7727207480 nfev=326 t=20864.4s remaining=1678
    iter=323 E=-1.7728127040 nfev=327 t=20926.5s remaining=1677
    iter=324 E=-1.7729229718 nfev=328 t=20984.3s remaining=1676
    iter=325 E=-1.7730618538 nfev=329 t=21054.1s remaining=1675
    iter=326 E=-1.7731796530 nfev=330 t=21125.0s remaining=1674
    iter=327 E=-1.7733093869 nfev=331 t=21194.6s remaining=1673
    iter=328 E=-1.7734532797 nfev=332 t=21269.2s remaining=1672
    iter=329 E=-1.7735883097 nfev=333 t=21337.8s remaining=1671
    iter=330 E=-1.7736695177 nfev=334 t=21406.4s remaining=1670
    iter=331 E=-1.7737793387 nfev=335 t=21465.1s remaining=1669
    iter=332 E=-1.7739095257 nfev=336 t=21534.7s remaining=1668
    iter=333 E=-1.7740343578 nfev=337 t=21601.7s remaining=1667
    iter=334 E=-1.7741781404 nfev=338 t=21666.5s remaining=1666
    iter=335 E=-1.7743053544 nfev=339 t=21722.5s remaining=1665
    iter=336 E=-1.7744310426 nfev=340 t=21783.7s remaining=1664
    iter=337 E=-1.7745469406 nfev=341 t=21852.2s remaining=1663
    iter=338 E=-1.7746640590 nfev=342 t=21915.8s remaining=1662
    iter=339 E=-1.7747910510 nfev=343 t=21983.1s remaining=1661
    iter=340 E=-1.7749060442 nfev=344 t=22045.8s remaining=1660
    iter=341 E=-1.7750148047 nfev=345 t=22114.4s remaining=1659
    iter=342 E=-1.7751302804 nfev=346 t=22180.7s remaining=1658
    iter=343 E=-1.7752414913 nfev=347 t=22263.5s remaining=1657
    iter=344 E=-1.7753303168 nfev=348 t=22336.1s remaining=1656
    iter=345 E=-1.7754169037 nfev=349 t=22396.8s remaining=1655
    iter=346 E=-1.7755431223 nfev=350 t=22467.5s remaining=1654
    iter=347 E=-1.7757201083 nfev=351 t=22542.9s remaining=1653
    iter=348 E=-1.7758748465 nfev=352 t=22602.6s remaining=1652
    iter=349 E=-1.7760157091 nfev=353 t=22667.0s remaining=1651
    iter=350 E=-1.7761471557 nfev=354 t=22743.0s remaining=1650
    iter=351 E=-1.7762688661 nfev=355 t=22811.8s remaining=1649
    iter=352 E=-1.7763883440 nfev=356 t=22885.5s remaining=1648
    iter=353 E=-1.7765170624 nfev=357 t=22956.6s remaining=1647
    iter=354 E=-1.7766427287 nfev=358 t=23029.9s remaining=1646
    iter=355 E=-1.7767469141 nfev=359 t=23102.9s remaining=1645
    iter=356 E=-1.7768429526 nfev=360 t=23169.8s remaining=1644
    iter=357 E=-1.7769287657 nfev=361 t=23241.3s remaining=1643
    iter=358 E=-1.7770012464 nfev=362 t=23304.6s remaining=1642
    iter=359 E=-1.7770730937 nfev=363 t=23370.5s remaining=1641
    iter=360 E=-1.7771397228 nfev=364 t=23438.5s remaining=1640
    iter=361 E=-1.7771957897 nfev=365 t=23506.3s remaining=1639
    iter=362 E=-1.7772447914 nfev=366 t=23571.1s remaining=1638
    iter=363 E=-1.7772851475 nfev=367 t=23642.6s remaining=1637
    iter=364 E=-1.7773167449 nfev=368 t=23708.8s remaining=1636
    iter=365 E=-1.7773600855 nfev=369 t=23777.1s remaining=1635
    iter=366 E=-1.7773935359 nfev=370 t=23841.3s remaining=1634
    iter=367 E=-1.7774202787 nfev=371 t=23907.1s remaining=1633
    iter=368 E=-1.7774487951 nfev=372 t=23973.7s remaining=1632
    iter=369 E=-1.7774789488 nfev=373 t=24048.2s remaining=1631
    iter=370 E=-1.7775055741 nfev=374 t=24122.5s remaining=1630
    iter=371 E=-1.7775312783 nfev=375 t=24183.6s remaining=1629
    iter=372 E=-1.7775560623 nfev=376 t=24239.2s remaining=1628
    iter=373 E=-1.7775789941 nfev=377 t=24307.2s remaining=1627
    iter=374 E=-1.7776037342 nfev=378 t=24372.6s remaining=1626
    iter=375 E=-1.7776311861 nfev=379 t=24441.7s remaining=1625
    iter=376 E=-1.7776625967 nfev=380 t=24496.5s remaining=1624
    iter=377 E=-1.7776923392 nfev=381 t=24568.4s remaining=1623
    iter=378 E=-1.7777213167 nfev=382 t=24638.2s remaining=1622
    iter=379 E=-1.7777526239 nfev=383 t=24707.1s remaining=1621
    iter=380 E=-1.7777850280 nfev=384 t=24776.9s remaining=1620
    iter=381 E=-1.7778172075 nfev=385 t=24838.7s remaining=1619
    iter=382 E=-1.7778507076 nfev=386 t=24907.3s remaining=1618
    iter=383 E=-1.7778860606 nfev=387 t=24968.9s remaining=1617
    iter=384 E=-1.7779207619 nfev=388 t=25037.3s remaining=1616
    iter=385 E=-1.7779525973 nfev=389 t=25096.2s remaining=1615
    iter=386 E=-1.7779828459 nfev=390 t=25162.6s remaining=1614
    iter=387 E=-1.7780142545 nfev=391 t=25229.7s remaining=1613
    iter=388 E=-1.7780480200 nfev=392 t=25297.1s remaining=1612
    iter=389 E=-1.7780818031 nfev=393 t=25367.8s remaining=1611
    iter=390 E=-1.7781145407 nfev=394 t=25430.2s remaining=1610
    iter=391 E=-1.7781448280 nfev=395 t=25489.0s remaining=1609
    iter=392 E=-1.7781745159 nfev=396 t=25560.9s remaining=1608
    iter=393 E=-1.7782030283 nfev=397 t=25627.2s remaining=1607
    iter=394 E=-1.7782304494 nfev=398 t=25689.3s remaining=1606
    iter=395 E=-1.7782564430 nfev=399 t=25753.3s remaining=1605
    iter=396 E=-1.7782831611 nfev=400 t=25820.7s remaining=1604
    iter=397 E=-1.7783124826 nfev=401 t=25887.8s remaining=1603
    iter=398 E=-1.7783429652 nfev=402 t=25950.1s remaining=1602
    iter=399 E=-1.7783709959 nfev=403 t=26013.5s remaining=1601
    iter=400 E=-1.7783954022 nfev=404 t=26080.2s remaining=1600
    iter=401 E=-1.7784179646 nfev=405 t=26147.4s remaining=1599
    iter=402 E=-1.7784414759 nfev=406 t=26215.3s remaining=1598
    iter=403 E=-1.7784643120 nfev=407 t=26273.0s remaining=1597
    iter=404 E=-1.7784848724 nfev=408 t=26345.2s remaining=1596
    iter=405 E=-1.7785019067 nfev=409 t=26412.7s remaining=1595
    iter=406 E=-1.7785162212 nfev=410 t=26471.8s remaining=1594
    iter=407 E=-1.7785276078 nfev=411 t=26525.9s remaining=1593
    iter=408 E=-1.7785415882 nfev=412 t=26594.8s remaining=1592
    iter=409 E=-1.7785555912 nfev=413 t=26657.4s remaining=1591
    iter=410 E=-1.7785695225 nfev=414 t=26718.6s remaining=1590
    iter=411 E=-1.7785821651 nfev=415 t=26792.8s remaining=1589
    iter=412 E=-1.7785911240 nfev=416 t=26868.4s remaining=1588
    iter=413 E=-1.7785980189 nfev=417 t=26926.3s remaining=1587
    iter=414 E=-1.7786051693 nfev=418 t=26989.7s remaining=1586
    iter=415 E=-1.7786138015 nfev=419 t=27062.1s remaining=1585
    iter=416 E=-1.7786230637 nfev=420 t=27128.8s remaining=1584
    iter=417 E=-1.7786305948 nfev=421 t=27214.9s remaining=1583
    iter=418 E=-1.7786366840 nfev=422 t=27283.0s remaining=1582
    iter=419 E=-1.7786422565 nfev=423 t=27346.4s remaining=1581
    iter=420 E=-1.7786480182 nfev=424 t=27407.2s remaining=1580
    iter=421 E=-1.7786543741 nfev=425 t=27473.3s remaining=1579
    iter=422 E=-1.7786609182 nfev=426 t=27544.7s remaining=1578
    iter=423 E=-1.7786666149 nfev=427 t=27621.4s remaining=1577
    iter=424 E=-1.7786710564 nfev=428 t=27686.0s remaining=1576
    iter=425 E=-1.7786749713 nfev=429 t=27747.7s remaining=1575
    iter=426 E=-1.7786792417 nfev=430 t=27813.4s remaining=1574
    iter=427 E=-1.7786838089 nfev=431 t=27889.6s remaining=1573
    iter=428 E=-1.7786878203 nfev=432 t=27954.2s remaining=1572
    iter=429 E=-1.7786910882 nfev=433 t=28015.1s remaining=1571
    iter=430 E=-1.7786943060 nfev=434 t=28074.5s remaining=1570
    iter=431 E=-1.7786980051 nfev=435 t=28136.0s remaining=1569
    iter=432 E=-1.7787017567 nfev=436 t=28209.0s remaining=1568
    iter=433 E=-1.7787046522 nfev=437 t=28277.9s remaining=1567
    iter=434 E=-1.7787065920 nfev=438 t=28345.5s remaining=1566
    iter=435 E=-1.7787081983 nfev=439 t=28415.1s remaining=1565
    iter=436 E=-1.7787099885 nfev=440 t=28480.4s remaining=1564
    iter=437 E=-1.7787120713 nfev=441 t=28540.7s remaining=1563
    iter=438 E=-1.7787142276 nfev=442 t=28609.3s remaining=1562
    iter=439 E=-1.7787162057 nfev=443 t=28668.4s remaining=1561
    iter=440 E=-1.7787179435 nfev=444 t=28736.1s remaining=1560
    iter=441 E=-1.7787195703 nfev=445 t=28804.6s remaining=1559
    iter=442 E=-1.7787213022 nfev=446 t=28869.6s remaining=1558
    iter=443 E=-1.7787232931 nfev=447 t=28938.4s remaining=1557
    iter=444 E=-1.7787254445 nfev=448 t=29009.8s remaining=1556
    iter=445 E=-1.7787273992 nfev=449 t=29068.5s remaining=1555
    iter=446 E=-1.7787289375 nfev=450 t=29140.2s remaining=1554
    iter=447 E=-1.7787302244 nfev=451 t=29210.1s remaining=1553
    iter=448 E=-1.7787315938 nfev=452 t=29275.0s remaining=1552
