self-check ok (ndepth=2, nfock=4, worst FD rel err 2.33e-06)

=== build H4 JWT Hamiltonian at R=0.88 Å ===
=== r=0.88 Å equilibrium  FCI(pyscf)=-2.1804101685  eig=-2.1804101685  paper_fci=-2.18041017  paper_SNAP_D20=-2.1804101724879494 ===
-- r=0.88  SNAP D=20  npar=720 --
  no stored Xvec in /tmp/qumode_est_paper/h4mol_params.ipynb for R=0.88 Å
    skip paper-Xvec start (no stored vector)
    iter 1/2000  E=-0.0627892513  remaining=1999  nfev=2
    iter 2/2000  E=-0.2129774233  remaining=1998  nfev=3
    iter 3/2000  E=-0.3132563124  remaining=1997  nfev=4
    iter 4/2000  E=-0.3710922072  remaining=1996  nfev=6
    iter 5/2000  E=-0.4142880459  remaining=1995  nfev=7
    iter 6/2000  E=-0.4736017817  remaining=1994  nfev=8
    iter 7/2000  E=-0.5096215873  remaining=1993  nfev=9
    iter 8/2000  E=-0.5516413245  remaining=1992  nfev=10
    iter 9/2000  E=-0.5930896337  remaining=1991  nfev=11
    iter 10/2000  E=-0.6300916155  remaining=1990  nfev=12
    iter 11/2000  E=-0.6583342858  remaining=1989  nfev=13
    iter 12/2000  E=-0.6919474233  remaining=1988  nfev=14
    iter 13/2000  E=-0.7366744420  remaining=1987  nfev=15
    iter 14/2000  E=-0.7740044096  remaining=1986  nfev=16
    iter 15/2000  E=-0.8059525190  remaining=1985  nfev=17
    iter 16/2000  E=-0.8371351974  remaining=1984  nfev=18
    iter 17/2000  E=-0.8682973740  remaining=1983  nfev=19
    iter 18/2000  E=-0.9084449203  remaining=1982  nfev=20
    iter 19/2000  E=-0.9546855535  remaining=1981  nfev=21
    iter 20/2000  E=-0.9930868137  remaining=1980  nfev=22
    iter 21/2000  E=-1.0150588533  remaining=1979  nfev=23
    iter 22/2000  E=-1.0470519361  remaining=1978  nfev=24
    iter 23/2000  E=-1.0910506845  remaining=1977  nfev=25
    iter 24/2000  E=-1.1258014605  remaining=1976  nfev=26
    iter 25/2000  E=-1.1681385637  remaining=1975  nfev=27
    iter 26/2000  E=-1.1942075844  remaining=1974  nfev=28
    iter 27/2000  E=-1.2246504892  remaining=1973  nfev=29
    iter 28/2000  E=-1.2499614225  remaining=1972  nfev=30
    iter 29/2000  E=-1.2725432931  remaining=1971  nfev=31
    iter 30/2000  E=-1.3015116624  remaining=1970  nfev=32
    iter 31/2000  E=-1.3320135860  remaining=1969  nfev=33
    iter 32/2000  E=-1.3428958075  remaining=1968  nfev=34
    iter 33/2000  E=-1.3563980147  remaining=1967  nfev=35
    iter 34/2000  E=-1.3725134127  remaining=1966  nfev=36
    iter 35/2000  E=-1.3944080384  remaining=1965  nfev=37
    iter 36/2000  E=-1.4271128404  remaining=1964  nfev=38
    iter 37/2000  E=-1.4513741205  remaining=1963  nfev=39
    iter 38/2000  E=-1.4619192378  remaining=1962  nfev=40
    iter 39/2000  E=-1.4765756841  remaining=1961  nfev=41
    iter 40/2000  E=-1.4971139902  remaining=1960  nfev=42
    iter 41/2000  E=-1.5107531508  remaining=1959  nfev=43
    iter 42/2000  E=-1.5274621230  remaining=1958  nfev=44
    iter 43/2000  E=-1.5461526418  remaining=1957  nfev=45
    iter 44/2000  E=-1.5679115246  remaining=1956  nfev=46
    iter 45/2000  E=-1.5815155129  remaining=1955  nfev=47
    iter 46/2000  E=-1.5977422457  remaining=1954  nfev=48
    iter 47/2000  E=-1.6105089652  remaining=1953  nfev=49
    iter 48/2000  E=-1.6216709568  remaining=1952  nfev=50
    iter 49/2000  E=-1.6382935676  remaining=1951  nfev=51
    iter 50/2000  E=-1.6502690644  remaining=1950  nfev=52
    iter 51/2000  E=-1.6637886114  remaining=1949  nfev=53
    iter 52/2000  E=-1.6781370933  remaining=1948  nfev=54
    iter 53/2000  E=-1.6953370567  remaining=1947  nfev=55
    iter 54/2000  E=-1.6999158643  remaining=1946  nfev=56
    iter 55/2000  E=-1.7078609334  remaining=1945  nfev=57
    iter 56/2000  E=-1.7207104733  remaining=1944  nfev=58
    iter 57/2000  E=-1.7369508125  remaining=1943  nfev=59
    iter 58/2000  E=-1.7489902705  remaining=1942  nfev=60
    iter 59/2000  E=-1.7651344601  remaining=1941  nfev=61
    iter 60/2000  E=-1.7806900591  remaining=1940  nfev=62
    iter 61/2000  E=-1.7946730758  remaining=1939  nfev=63
    iter 62/2000  E=-1.8029242021  remaining=1938  nfev=64
    iter 63/2000  E=-1.8156463416  remaining=1937  nfev=65
    iter 64/2000  E=-1.8269505200  remaining=1936  nfev=66
    iter 65/2000  E=-1.8367086973  remaining=1935  nfev=67
    iter 66/2000  E=-1.8427363614  remaining=1934  nfev=68
    iter 67/2000  E=-1.8521571951  remaining=1933  nfev=69
    iter 68/2000  E=-1.8652961449  remaining=1932  nfev=70
    iter 69/2000  E=-1.8781280430  remaining=1931  nfev=71
    iter 70/2000  E=-1.8928130917  remaining=1930  nfev=72
    iter 71/2000  E=-1.9050222506  remaining=1929  nfev=73
    iter 72/2000  E=-1.9129177365  remaining=1928  nfev=74
    iter 73/2000  E=-1.9158521827  remaining=1927  nfev=75
    iter 74/2000  E=-1.9205881063  remaining=1926  nfev=76
    iter 75/2000  E=-1.9288950817  remaining=1925  nfev=77
    iter 76/2000  E=-1.9387806482  remaining=1924  nfev=78
    iter 77/2000  E=-1.9484900252  remaining=1923  nfev=79
    iter 78/2000  E=-1.9612879105  remaining=1922  nfev=80
    iter 79/2000  E=-1.9707588562  remaining=1921  nfev=81
    iter 80/2000  E=-1.9781361390  remaining=1920  nfev=82
    iter 81/2000  E=-1.9876989376  remaining=1919  nfev=83
    iter 82/2000  E=-1.9954762947  remaining=1918  nfev=84
    iter 83/2000  E=-1.9972089389  remaining=1917  nfev=85
    iter 84/2000  E=-2.0004944982  remaining=1916  nfev=86
    iter 85/2000  E=-2.0065007923  remaining=1915  nfev=87
    iter 86/2000  E=-2.0167568418  remaining=1914  nfev=88
    iter 87/2000  E=-2.0317217559  remaining=1913  nfev=89
    iter 88/2000  E=-2.0505111049  remaining=1912  nfev=90
    iter 89/2000  E=-2.0578028589  remaining=1911  nfev=91
    iter 90/2000  E=-2.0678390769  remaining=1910  nfev=92
    iter 91/2000  E=-2.0774633219  remaining=1909  nfev=93
    iter 92/2000  E=-2.0852093403  remaining=1908  nfev=94
    iter 93/2000  E=-2.0923639968  remaining=1907  nfev=95
    iter 94/2000  E=-2.1018435242  remaining=1906  nfev=96
    iter 95/2000  E=-2.1108726434  remaining=1905  nfev=97
    iter 96/2000  E=-2.1143190995  remaining=1904  nfev=98
    iter 97/2000  E=-2.1197016342  remaining=1903  nfev=99
    iter 98/2000  E=-2.1254808046  remaining=1902  nfev=100
    iter 99/2000  E=-2.1300591649  remaining=1901  nfev=101
    iter 100/2000  E=-2.1340112818  remaining=1900  nfev=102
    iter 101/2000  E=-2.1383880454  remaining=1899  nfev=103
    iter 102/2000  E=-2.1426514243  remaining=1898  nfev=104
    iter 103/2000  E=-2.1449809774  remaining=1897  nfev=105
    iter 104/2000  E=-2.1478122596  remaining=1896  nfev=106
    iter 105/2000  E=-2.1501206476  remaining=1895  nfev=107
    iter 106/2000  E=-2.1524790948  remaining=1894  nfev=108
    iter 107/2000  E=-2.1549377102  remaining=1893  nfev=109
    iter 108/2000  E=-2.1570344753  remaining=1892  nfev=110
    iter 109/2000  E=-2.1592018428  remaining=1891  nfev=111
    iter 110/2000  E=-2.1604557677  remaining=1890  nfev=112
    iter 111/2000  E=-2.1621275605  remaining=1889  nfev=113
    iter 112/2000  E=-2.1636026402  remaining=1888  nfev=114
    iter 113/2000  E=-2.1648999531  remaining=1887  nfev=115
    iter 114/2000  E=-2.1662419481  remaining=1886  nfev=116
    iter 115/2000  E=-2.1674794143  remaining=1885  nfev=117
    iter 116/2000  E=-2.1685583490  remaining=1884  nfev=118
    iter 117/2000  E=-2.1695944043  remaining=1883  nfev=119
    iter 118/2000  E=-2.1705074048  remaining=1882  nfev=120
    iter 119/2000  E=-2.1712782370  remaining=1881  nfev=121
    iter 120/2000  E=-2.1718598308  remaining=1880  nfev=122
    iter 121/2000  E=-2.1725556725  remaining=1879  nfev=123
    iter 122/2000  E=-2.1733878707  remaining=1878  nfev=124
    iter 123/2000  E=-2.1739996532  remaining=1877  nfev=125
    iter 124/2000  E=-2.1747465964  remaining=1876  nfev=126
    iter 125/2000  E=-2.1752864265  remaining=1875  nfev=127
    iter 126/2000  E=-2.1758401842  remaining=1874  nfev=128
    iter 127/2000  E=-2.1763202740  remaining=1873  nfev=129
    iter 128/2000  E=-2.1767572172  remaining=1872  nfev=130
    iter 129/2000  E=-2.1770809512  remaining=1871  nfev=131
    iter 130/2000  E=-2.1774448452  remaining=1870  nfev=132
    iter 131/2000  E=-2.1777203723  remaining=1869  nfev=133
    iter 132/2000  E=-2.1779501994  remaining=1868  nfev=134
    iter 133/2000  E=-2.1781682550  remaining=1867  nfev=135
    iter 134/2000  E=-2.1783446415  remaining=1866  nfev=136
    iter 135/2000  E=-2.1784831416  remaining=1865  nfev=137
    iter 136/2000  E=-2.1786108857  remaining=1864  nfev=138
    iter 137/2000  E=-2.1787479050  remaining=1863  nfev=139
    iter 138/2000  E=-2.1788697971  remaining=1862  nfev=140
    iter 139/2000  E=-2.1789993352  remaining=1861  nfev=141
    iter 140/2000  E=-2.1791026854  remaining=1860  nfev=142
    iter 141/2000  E=-2.1792086032  remaining=1859  nfev=143
    iter 142/2000  E=-2.1793072047  remaining=1858  nfev=144
    iter 143/2000  E=-2.1793927445  remaining=1857  nfev=145
    iter 144/2000  E=-2.1794737304  remaining=1856  nfev=146
    iter 145/2000  E=-2.1795411582  remaining=1855  nfev=147
    iter 146/2000  E=-2.1796017019  remaining=1854  nfev=148
    iter 147/2000  E=-2.1796632640  remaining=1853  nfev=149
    iter 148/2000  E=-2.1797327098  remaining=1852  nfev=150
    iter 149/2000  E=-2.1798033076  remaining=1851  nfev=151
    iter 150/2000  E=-2.1798627943  remaining=1850  nfev=152
    iter 151/2000  E=-2.1799156718  remaining=1849  nfev=153
    iter 152/2000  E=-2.1799596446  remaining=1848  nfev=154
    iter 153/2000  E=-2.1800016352  remaining=1847  nfev=155
    iter 154/2000  E=-2.1800468139  remaining=1846  nfev=156
    iter 155/2000  E=-2.1800849339  remaining=1845  nfev=157
    iter 156/2000  E=-2.1801185136  remaining=1844  nfev=158
    iter 157/2000  E=-2.1801501814  remaining=1843  nfev=159
    iter 158/2000  E=-2.1801790342  remaining=1842  nfev=160
    iter 159/2000  E=-2.1802017191  remaining=1841  nfev=161
    iter 160/2000  E=-2.1802199539  remaining=1840  nfev=162
    iter 161/2000  E=-2.1802388763  remaining=1839  nfev=163
    iter 162/2000  E=-2.1802540364  remaining=1838  nfev=164
    iter 163/2000  E=-2.1802680198  remaining=1837  nfev=165
    iter 164/2000  E=-2.1802826872  remaining=1836  nfev=166
    iter 165/2000  E=-2.1802950079  remaining=1835  nfev=167
    iter 166/2000  E=-2.1803071619  remaining=1834  nfev=168
    iter 167/2000  E=-2.1803192679  remaining=1833  nfev=169
    iter 168/2000  E=-2.1803277774  remaining=1832  nfev=170
    iter 169/2000  E=-2.1803363599  remaining=1831  nfev=171
    iter 170/2000  E=-2.1803444111  remaining=1830  nfev=172
    iter 171/2000  E=-2.1803512979  remaining=1829  nfev=173
    iter 172/2000  E=-2.1803568143  remaining=1828  nfev=174
    iter 173/2000  E=-2.1803630230  remaining=1827  nfev=175
    iter 174/2000  E=-2.1803675993  remaining=1826  nfev=176
    iter 175/2000  E=-2.1803715562  remaining=1825  nfev=177
    iter 176/2000  E=-2.1803752107  remaining=1824  nfev=178
    iter 177/2000  E=-2.1803787170  remaining=1823  nfev=179
    iter 178/2000  E=-2.1803820377  remaining=1822  nfev=180
    iter 179/2000  E=-2.1803852561  remaining=1821  nfev=181
    iter 180/2000  E=-2.1803878066  remaining=1820  nfev=182
    iter 181/2000  E=-2.1803904203  remaining=1819  nfev=183
    iter 182/2000  E=-2.1803929587  remaining=1818  nfev=184
    iter 183/2000  E=-2.1803951482  remaining=1817  nfev=185
    iter 184/2000  E=-2.1803972241  remaining=1816  nfev=186
    iter 185/2000  E=-2.1803989215  remaining=1815  nfev=187
    iter 186/2000  E=-2.1804002735  remaining=1814  nfev=188
    iter 187/2000  E=-2.1804014115  remaining=1813  nfev=189
    iter 188/2000  E=-2.1804024051  remaining=1812  nfev=190
    iter 189/2000  E=-2.1804032922  remaining=1811  nfev=191
    iter 190/2000  E=-2.1804040883  remaining=1810  nfev=192
    iter 191/2000  E=-2.1804047666  remaining=1809  nfev=193
    iter 192/2000  E=-2.1804053044  remaining=1808  nfev=194
    iter 193/2000  E=-2.1804057586  remaining=1807  nfev=195
    iter 194/2000  E=-2.1804062001  remaining=1806  nfev=196
    iter 195/2000  E=-2.1804065752  remaining=1805  nfev=197
    iter 196/2000  E=-2.1804068880  remaining=1804  nfev=198
    iter 197/2000  E=-2.1804071721  remaining=1803  nfev=199
    iter 198/2000  E=-2.1804074495  remaining=1802  nfev=200
    iter 199/2000  E=-2.1804077290  remaining=1801  nfev=201
    iter 200/2000  E=-2.1804080046  remaining=1800  nfev=202
    iter 201/2000  E=-2.1804082521  remaining=1799  nfev=203
    iter 202/2000  E=-2.1804084580  remaining=1798  nfev=204
    iter 203/2000  E=-2.1804086288  remaining=1797  nfev=205
    iter 204/2000  E=-2.1804087877  remaining=1796  nfev=206
    iter 205/2000  E=-2.1804089340  remaining=1795  nfev=207
    iter 206/2000  E=-2.1804090572  remaining=1794  nfev=208
    iter 207/2000  E=-2.1804091581  remaining=1793  nfev=209
    iter 208/2000  E=-2.1804092557  remaining=1792  nfev=210
    iter 209/2000  E=-2.1804093529  remaining=1791  nfev=211
    iter 210/2000  E=-2.1804094418  remaining=1790  nfev=212
    iter 211/2000  E=-2.1804095195  remaining=1789  nfev=213
    iter 212/2000  E=-2.1804095891  remaining=1788  nfev=214
    iter 213/2000  E=-2.1804096545  remaining=1787  nfev=215
    iter 214/2000  E=-2.1804097120  remaining=1786  nfev=216
    iter 215/2000  E=-2.1804097604  remaining=1785  nfev=217
    iter 216/2000  E=-2.1804098027  remaining=1784  nfev=218
    iter 217/2000  E=-2.1804098421  remaining=1783  nfev=219
    iter 218/2000  E=-2.1804098787  remaining=1782  nfev=220
    iter 219/2000  E=-2.1804099103  remaining=1781  nfev=221
    iter 220/2000  E=-2.1804099373  remaining=1780  nfev=222
    iter 221/2000  E=-2.1804099610  remaining=1779  nfev=223
    iter 222/2000  E=-2.1804099807  remaining=1778  nfev=224
    iter 223/2000  E=-2.1804099972  remaining=1777  nfev=225
    iter 224/2000  E=-2.1804100106  remaining=1776  nfev=226
    iter 225/2000  E=-2.1804100234  remaining=1775  nfev=227
    iter 226/2000  E=-2.1804100356  remaining=1774  nfev=228
    iter 227/2000  E=-2.1804100476  remaining=1773  nfev=229
    iter 228/2000  E=-2.1804100586  remaining=1772  nfev=230
    iter 229/2000  E=-2.1804100688  remaining=1771  nfev=231
    iter 230/2000  E=-2.1804100781  remaining=1770  nfev=232
    iter 231/2000  E=-2.1804100859  remaining=1769  nfev=233
    iter 232/2000  E=-2.1804100929  remaining=1768  nfev=234
    iter 233/2000  E=-2.1804100989  remaining=1767  nfev=235
    iter 234/2000  E=-2.1804101045  remaining=1766  nfev=236
    iter 235/2000  E=-2.1804101093  remaining=1765  nfev=237
    iter 236/2000  E=-2.1804101134  remaining=1764  nfev=238
    iter 237/2000  E=-2.1804101168  remaining=1763  nfev=239
    iter 238/2000  E=-2.1804101195  remaining=1762  nfev=240
    iter 239/2000  E=-2.1804101217  remaining=1761  nfev=241
    iter 240/2000  E=-2.1804101234  remaining=1760  nfev=242
    iter 241/2000  E=-2.1804101247  remaining=1759  nfev=243
    iter 242/2000  E=-2.1804101258  remaining=1758  nfev=244
    iter 243/2000  E=-2.1804101282  remaining=1757  nfev=246
    iter 244/2000  E=-2.1804101286  remaining=1756  nfev=247
    iter 245/2000  E=-2.1804101286  remaining=1755  nfev=249
    iter 246/2000  E=-2.1804101287  remaining=1754  nfev=253
    iter 247/2000  E=-2.1804101289  remaining=1753  nfev=256
    iter 248/2000  E=-2.1804101292  remaining=1752  nfev=258
    iter 249/2000  E=-2.1804101295  remaining=1751  nfev=260
    iter 250/2000  E=-2.1804101298  remaining=1750  nfev=262
    iter 251/2000  E=-2.1804101302  remaining=1749  nfev=264
    iter 252/2000  E=-2.1804101304  remaining=1748  nfev=266
    iter 253/2000  E=-2.1804101305  remaining=1747  nfev=268
    iter 254/2000  E=-2.1804101305  remaining=1746  nfev=273
    seed=0 E=-2.1804101305 dE=+3.799e-08 nit=254 ok=False t=59025.9s |⟨ψ|FCI⟩|²=1.0000

=== build H4 JWT Hamiltonian at R=2.50 Å ===
=== r=2.50 Å stretched  FCI(pyscf)=-1.8722159944  eig=-1.8722159944  paper_fci=-1.87221599  paper_SNAP_D20=-1.872215990639203 ===
-- r=2.50  SNAP D=20  npar=720 --
  no stored Xvec in /tmp/qumode_est_paper/h4mol_params.ipynb for R=2.50 Å
    skip paper-Xvec start (no stored vector)
    iter 1/2000  E=-1.1032431063  remaining=1999  nfev=2
    iter 2/2000  E=-1.1668807040  remaining=1998  nfev=3
    iter 3/2000  E=-1.2414656205  remaining=1997  nfev=4
    iter 4/2000  E=-1.2785513750  remaining=1996  nfev=6
    iter 5/2000  E=-1.3190182540  remaining=1995  nfev=7
    iter 6/2000  E=-1.3335746787  remaining=1994  nfev=8
    iter 7/2000  E=-1.3555956834  remaining=1993  nfev=9
    iter 8/2000  E=-1.3851657038  remaining=1992  nfev=10
    iter 9/2000  E=-1.4052622793  remaining=1991  nfev=11
    iter 10/2000  E=-1.4269576817  remaining=1990  nfev=12
    iter 11/2000  E=-1.4465875711  remaining=1989  nfev=13
    iter 12/2000  E=-1.4655813409  remaining=1988  nfev=14
    iter 13/2000  E=-1.4815789282  remaining=1987  nfev=15
    iter 14/2000  E=-1.4943170360  remaining=1986  nfev=16
    iter 15/2000  E=-1.5058372089  remaining=1985  nfev=17
    iter 16/2000  E=-1.5179423232  remaining=1984  nfev=18
    iter 17/2000  E=-1.5308229029  remaining=1983  nfev=19
    iter 18/2000  E=-1.5452715011  remaining=1982  nfev=20
    iter 19/2000  E=-1.5617847989  remaining=1981  nfev=21
    iter 20/2000  E=-1.5695547105  remaining=1980  nfev=22
    iter 21/2000  E=-1.5805322652  remaining=1979  nfev=23
    iter 22/2000  E=-1.5924559256  remaining=1978  nfev=24
    iter 23/2000  E=-1.6062681065  remaining=1977  nfev=25
    iter 24/2000  E=-1.6141413523  remaining=1976  nfev=26
    iter 25/2000  E=-1.6246573179  remaining=1975  nfev=27
    iter 26/2000  E=-1.6372724692  remaining=1974  nfev=28
    iter 27/2000  E=-1.6500318008  remaining=1973  nfev=29
    iter 28/2000  E=-1.6543497316  remaining=1972  nfev=30
    iter 29/2000  E=-1.6612056780  remaining=1971  nfev=31
    iter 30/2000  E=-1.6696212942  remaining=1970  nfev=32
    iter 31/2000  E=-1.6787851581  remaining=1969  nfev=33
    iter 32/2000  E=-1.6834428367  remaining=1968  nfev=34
    iter 33/2000  E=-1.6891102407  remaining=1967  nfev=35
    iter 34/2000  E=-1.6962623773  remaining=1966  nfev=36
    iter 35/2000  E=-1.7036072450  remaining=1965  nfev=37
    iter 36/2000  E=-1.7073949195  remaining=1964  nfev=39
    iter 37/2000  E=-1.7119201331  remaining=1963  nfev=40
    iter 38/2000  E=-1.7168530382  remaining=1962  nfev=41
    iter 39/2000  E=-1.7217593751  remaining=1961  nfev=42
    iter 40/2000  E=-1.7271996995  remaining=1960  nfev=43
    iter 41/2000  E=-1.7334720719  remaining=1959  nfev=44
    iter 42/2000  E=-1.7400982328  remaining=1958  nfev=45
    iter 43/2000  E=-1.7443704321  remaining=1957  nfev=46
    iter 44/2000  E=-1.7498205866  remaining=1956  nfev=47
    iter 45/2000  E=-1.7543889753  remaining=1955  nfev=48
    iter 46/2000  E=-1.7595121567  remaining=1954  nfev=49
    iter 47/2000  E=-1.7628293978  remaining=1953  nfev=50
    iter 48/2000  E=-1.7659004873  remaining=1952  nfev=51
    iter 49/2000  E=-1.7697052819  remaining=1951  nfev=52
    iter 50/2000  E=-1.7741232409  remaining=1950  nfev=53
    iter 51/2000  E=-1.7754471035  remaining=1949  nfev=54
    iter 52/2000  E=-1.7776387670  remaining=1948  nfev=55
    iter 53/2000  E=-1.7809891385  remaining=1947  nfev=56
    iter 54/2000  E=-1.7852426518  remaining=1946  nfev=57
    iter 55/2000  E=-1.7889921307  remaining=1945  nfev=58
    iter 56/2000  E=-1.7923771071  remaining=1944  nfev=59
    iter 57/2000  E=-1.7966515643  remaining=1943  nfev=60
    iter 58/2000  E=-1.7984105171  remaining=1942  nfev=61
    iter 59/2000  E=-1.8003607744  remaining=1941  nfev=62
    iter 60/2000  E=-1.8029540529  remaining=1940  nfev=63
    iter 61/2000  E=-1.8061471351  remaining=1939  nfev=64
    iter 62/2000  E=-1.8074326479  remaining=1938  nfev=65
    iter 63/2000  E=-1.8094874869  remaining=1937  nfev=66
    iter 64/2000  E=-1.8124824907  remaining=1936  nfev=67
    iter 65/2000  E=-1.8131950979  remaining=1935  nfev=68
    iter 66/2000  E=-1.8144711375  remaining=1934  nfev=69
    iter 67/2000  E=-1.8165469219  remaining=1933  nfev=70
    iter 68/2000  E=-1.8192872626  remaining=1932  nfev=71
    iter 69/2000  E=-1.8217473390  remaining=1931  nfev=72
    iter 70/2000  E=-1.8240599899  remaining=1930  nfev=73
    iter 71/2000  E=-1.8261464019  remaining=1929  nfev=74
    iter 72/2000  E=-1.8270893178  remaining=1928  nfev=76
    iter 73/2000  E=-1.8282669035  remaining=1927  nfev=77
    iter 74/2000  E=-1.8299694009  remaining=1926  nfev=78
    iter 75/2000  E=-1.8314836243  remaining=1925  nfev=79
    iter 76/2000  E=-1.8332133420  remaining=1924  nfev=80
    iter 77/2000  E=-1.8352468725  remaining=1923  nfev=81
    iter 78/2000  E=-1.8361590973  remaining=1922  nfev=82
    iter 79/2000  E=-1.8371364474  remaining=1921  nfev=83
    iter 80/2000  E=-1.8384545604  remaining=1920  nfev=84
    iter 81/2000  E=-1.8396300947  remaining=1919  nfev=85
    iter 82/2000  E=-1.8407865533  remaining=1918  nfev=86
    iter 83/2000  E=-1.8416729504  remaining=1917  nfev=87
    iter 84/2000  E=-1.8427601801  remaining=1916  nfev=88
    iter 85/2000  E=-1.8435085469  remaining=1915  nfev=89
    iter 86/2000  E=-1.8445963172  remaining=1914  nfev=90
    iter 87/2000  E=-1.8454257235  remaining=1913  nfev=91
    iter 88/2000  E=-1.8464824859  remaining=1912  nfev=92
    iter 89/2000  E=-1.8478056051  remaining=1911  nfev=93
    iter 90/2000  E=-1.8494147652  remaining=1910  nfev=94
    iter 91/2000  E=-1.8507627525  remaining=1909  nfev=95
    iter 92/2000  E=-1.8520395852  remaining=1908  nfev=96
    iter 93/2000  E=-1.8531270102  remaining=1907  nfev=97
    iter 94/2000  E=-1.8544525233  remaining=1906  nfev=98
    iter 95/2000  E=-1.8555714439  remaining=1905  nfev=99
    iter 96/2000  E=-1.8563814351  remaining=1904  nfev=100
    iter 97/2000  E=-1.8571848550  remaining=1903  nfev=101
    iter 98/2000  E=-1.8580728830  remaining=1902  nfev=102
    iter 99/2000  E=-1.8586703078  remaining=1901  nfev=103
    iter 100/2000  E=-1.8591575396  remaining=1900  nfev=104
    iter 101/2000  E=-1.8596725368  remaining=1899  nfev=105
    iter 102/2000  E=-1.8602143725  remaining=1898  nfev=106
    iter 103/2000  E=-1.8605804452  remaining=1897  nfev=107
    iter 104/2000  E=-1.8609261387  remaining=1896  nfev=108
    iter 105/2000  E=-1.8612736002  remaining=1895  nfev=109
    iter 106/2000  E=-1.8615921648  remaining=1894  nfev=110
    iter 107/2000  E=-1.8619196825  remaining=1893  nfev=111
    iter 108/2000  E=-1.8622311370  remaining=1892  nfev=112
    iter 109/2000  E=-1.8625196708  remaining=1891  nfev=113
    iter 110/2000  E=-1.8627580501  remaining=1890  nfev=114
    iter 111/2000  E=-1.8629673639  remaining=1889  nfev=115
    iter 112/2000  E=-1.8631590699  remaining=1888  nfev=116
    iter 113/2000  E=-1.8633331313  remaining=1887  nfev=117
    iter 114/2000  E=-1.8635019842  remaining=1886  nfev=118
    iter 115/2000  E=-1.8636640189  remaining=1885  nfev=119
    iter 116/2000  E=-1.8638169910  remaining=1884  nfev=120
    iter 117/2000  E=-1.8639572340  remaining=1883  nfev=121
    iter 118/2000  E=-1.8640869489  remaining=1882  nfev=122
    iter 119/2000  E=-1.8642140844  remaining=1881  nfev=123
    iter 120/2000  E=-1.8643306685  remaining=1880  nfev=124
    iter 121/2000  E=-1.8644485929  remaining=1879  nfev=125
    iter 122/2000  E=-1.8645672295  remaining=1878  nfev=126
    iter 123/2000  E=-1.8646692632  remaining=1877  nfev=127
    iter 124/2000  E=-1.8647544730  remaining=1876  nfev=128
    iter 125/2000  E=-1.8648408875  remaining=1875  nfev=129
    iter 126/2000  E=-1.8649328498  remaining=1874  nfev=130
    iter 127/2000  E=-1.8650078583  remaining=1873  nfev=131
    iter 128/2000  E=-1.8650817334  remaining=1872  nfev=132
    iter 129/2000  E=-1.8651600371  remaining=1871  nfev=133
    iter 130/2000  E=-1.8652310910  remaining=1870  nfev=134
    iter 131/2000  E=-1.8652934080  remaining=1869  nfev=135
    iter 132/2000  E=-1.8653510590  remaining=1868  nfev=136
    iter 133/2000  E=-1.8654075830  remaining=1867  nfev=137
    iter 134/2000  E=-1.8654614192  remaining=1866  nfev=138
    iter 135/2000  E=-1.8655096331  remaining=1865  nfev=139
    iter 136/2000  E=-1.8655545491  remaining=1864  nfev=140
    iter 137/2000  E=-1.8655997557  remaining=1863  nfev=141
    iter 138/2000  E=-1.8656442842  remaining=1862  nfev=142
    iter 139/2000  E=-1.8656863654  remaining=1861  nfev=143
    iter 140/2000  E=-1.8657270204  remaining=1860  nfev=144
    iter 141/2000  E=-1.8657668289  remaining=1859  nfev=145
    iter 142/2000  E=-1.8658036830  remaining=1858  nfev=146
    iter 143/2000  E=-1.8658368690  remaining=1857  nfev=147
    iter 144/2000  E=-1.8658662056  remaining=1856  nfev=148
    iter 145/2000  E=-1.8658958257  remaining=1855  nfev=149
    iter 146/2000  E=-1.8659277977  remaining=1854  nfev=150
    iter 147/2000  E=-1.8659585682  remaining=1853  nfev=151
    iter 148/2000  E=-1.8659863877  remaining=1852  nfev=152
    iter 149/2000  E=-1.8660116108  remaining=1851  nfev=153
    iter 150/2000  E=-1.8660359362  remaining=1850  nfev=154
    iter 151/2000  E=-1.8660604965  remaining=1849  nfev=155
    iter 152/2000  E=-1.8660871374  remaining=1848  nfev=156
    iter 153/2000  E=-1.8661152193  remaining=1847  nfev=157
    iter 154/2000  E=-1.8661441002  remaining=1846  nfev=158
    iter 155/2000  E=-1.8661738528  remaining=1845  nfev=159
    iter 156/2000  E=-1.8662040142  remaining=1844  nfev=160
    iter 157/2000  E=-1.8662336887  remaining=1843  nfev=161
    iter 158/2000  E=-1.8662636440  remaining=1842  nfev=162
    iter 159/2000  E=-1.8662947423  remaining=1841  nfev=163
    iter 160/2000  E=-1.8663273685  remaining=1840  nfev=164
    iter 161/2000  E=-1.8663584137  remaining=1839  nfev=165
    iter 162/2000  E=-1.8663859068  remaining=1838  nfev=166
    iter 163/2000  E=-1.8664112262  remaining=1837  nfev=167
    iter 164/2000  E=-1.8664402506  remaining=1836  nfev=168
    iter 165/2000  E=-1.8664768387  remaining=1835  nfev=169
    iter 166/2000  E=-1.8665150464  remaining=1834  nfev=170
    iter 167/2000  E=-1.8665457058  remaining=1833  nfev=171
    iter 168/2000  E=-1.8665786029  remaining=1832  nfev=172
    iter 169/2000  E=-1.8666115754  remaining=1831  nfev=173
    iter 170/2000  E=-1.8666468701  remaining=1830  nfev=174
    iter 171/2000  E=-1.8666833049  remaining=1829  nfev=175
    iter 172/2000  E=-1.8667202516  remaining=1828  nfev=176
    iter 173/2000  E=-1.8667565348  remaining=1827  nfev=177
    iter 174/2000  E=-1.8667959483  remaining=1826  nfev=178
    iter 175/2000  E=-1.8668399335  remaining=1825  nfev=179
    iter 176/2000  E=-1.8668904589  remaining=1824  nfev=180
    iter 177/2000  E=-1.8669299032  remaining=1823  nfev=181
    iter 178/2000  E=-1.8669774658  remaining=1822  nfev=182
    iter 179/2000  E=-1.8670217570  remaining=1821  nfev=183
    iter 180/2000  E=-1.8670662547  remaining=1820  nfev=184
    iter 181/2000  E=-1.8671101745  remaining=1819  nfev=185
    iter 182/2000  E=-1.8671524871  remaining=1818  nfev=186
    iter 183/2000  E=-1.8671922237  remaining=1817  nfev=187
    iter 184/2000  E=-1.8672324766  remaining=1816  nfev=188
    iter 185/2000  E=-1.8672682278  remaining=1815  nfev=189
    iter 186/2000  E=-1.8673078091  remaining=1814  nfev=190
    iter 187/2000  E=-1.8673483277  remaining=1813  nfev=191
    iter 188/2000  E=-1.8673949264  remaining=1812  nfev=192
    iter 189/2000  E=-1.8674287415  remaining=1811  nfev=193
    iter 190/2000  E=-1.8674788183  remaining=1810  nfev=194
    iter 191/2000  E=-1.8675277325  remaining=1809  nfev=195
    iter 192/2000  E=-1.8675655613  remaining=1808  nfev=196
    iter 193/2000  E=-1.8676126167  remaining=1807  nfev=197
    iter 194/2000  E=-1.8676583345  remaining=1806  nfev=198
    iter 195/2000  E=-1.8677000439  remaining=1805  nfev=199
    iter 196/2000  E=-1.8677340175  remaining=1804  nfev=200
    iter 197/2000  E=-1.8677698386  remaining=1803  nfev=201
    iter 198/2000  E=-1.8678134641  remaining=1802  nfev=202
    iter 199/2000  E=-1.8678515290  remaining=1801  nfev=203
    iter 200/2000  E=-1.8678861974  remaining=1800  nfev=204
    iter 201/2000  E=-1.8679209002  remaining=1799  nfev=205
    iter 202/2000  E=-1.8679574657  remaining=1798  nfev=206
    iter 203/2000  E=-1.8679981632  remaining=1797  nfev=207
    iter 204/2000  E=-1.8680393211  remaining=1796  nfev=208
    iter 205/2000  E=-1.8680792871  remaining=1795  nfev=209
    iter 206/2000  E=-1.8681172156  remaining=1794  nfev=210
    iter 207/2000  E=-1.8681547848  remaining=1793  nfev=211
    iter 208/2000  E=-1.8681926567  remaining=1792  nfev=212
    iter 209/2000  E=-1.8682269050  remaining=1791  nfev=213
    iter 210/2000  E=-1.8682559684  remaining=1790  nfev=214
    iter 211/2000  E=-1.8682837944  remaining=1789  nfev=215
    iter 212/2000  E=-1.8683132506  remaining=1788  nfev=216
    iter 213/2000  E=-1.8683483143  remaining=1787  nfev=217
    iter 214/2000  E=-1.8683821572  remaining=1786  nfev=218
    iter 215/2000  E=-1.8684218435  remaining=1785  nfev=219
    iter 216/2000  E=-1.8684567942  remaining=1784  nfev=220
    iter 217/2000  E=-1.8684880246  remaining=1783  nfev=221
    iter 218/2000  E=-1.8685169297  remaining=1782  nfev=222
    iter 219/2000  E=-1.8685477205  remaining=1781  nfev=223
    iter 220/2000  E=-1.8685817211  remaining=1780  nfev=224
    iter 221/2000  E=-1.8686157222  remaining=1779  nfev=225
    iter 222/2000  E=-1.8686463061  remaining=1778  nfev=226
    iter 223/2000  E=-1.8686780001  remaining=1777  nfev=227
    iter 224/2000  E=-1.8687122334  remaining=1776  nfev=228
    iter 225/2000  E=-1.8687411033  remaining=1775  nfev=229
    iter 226/2000  E=-1.8687611560  remaining=1774  nfev=230
    iter 227/2000  E=-1.8687873212  remaining=1773  nfev=231
    iter 228/2000  E=-1.8688178134  remaining=1772  nfev=232
    iter 229/2000  E=-1.8688466439  remaining=1771  nfev=233
    iter 230/2000  E=-1.8688747710  remaining=1770  nfev=234
    iter 231/2000  E=-1.8689000911  remaining=1769  nfev=235
    iter 232/2000  E=-1.8689278578  remaining=1768  nfev=236
    iter 233/2000  E=-1.8689539490  remaining=1767  nfev=237
    iter 234/2000  E=-1.8689750431  remaining=1766  nfev=238
    iter 235/2000  E=-1.8689971380  remaining=1765  nfev=239
    iter 236/2000  E=-1.8690188203  remaining=1764  nfev=240
    iter 237/2000  E=-1.8690368771  remaining=1763  nfev=241
    iter 238/2000  E=-1.8690559225  remaining=1762  nfev=242
    iter 239/2000  E=-1.8690762252  remaining=1761  nfev=243
    iter 240/2000  E=-1.8690973076  remaining=1760  nfev=244
    iter 241/2000  E=-1.8691197639  remaining=1759  nfev=245
    iter 242/2000  E=-1.8691454903  remaining=1758  nfev=246
    iter 243/2000  E=-1.8691730542  remaining=1757  nfev=247
    iter 244/2000  E=-1.8691939836  remaining=1756  nfev=248
    iter 245/2000  E=-1.8692142689  remaining=1755  nfev=249
    iter 246/2000  E=-1.8692356072  remaining=1754  nfev=250
    iter 247/2000  E=-1.8692627848  remaining=1753  nfev=251
    iter 248/2000  E=-1.8692811550  remaining=1752  nfev=252
    iter 249/2000  E=-1.8693054345  remaining=1751  nfev=253
    iter 250/2000  E=-1.8693266337  remaining=1750  nfev=254
    iter 251/2000  E=-1.8693464236  remaining=1749  nfev=255
    iter 252/2000  E=-1.8693649529  remaining=1748  nfev=256
    iter 253/2000  E=-1.8693825713  remaining=1747  nfev=257
    iter 254/2000  E=-1.8694000420  remaining=1746  nfev=258
    iter 255/2000  E=-1.8694174465  remaining=1745  nfev=259
    iter 256/2000  E=-1.8694360189  remaining=1744  nfev=260
    iter 257/2000  E=-1.8694533975  remaining=1743  nfev=261
    iter 258/2000  E=-1.8694690225  remaining=1742  nfev=262
    iter 259/2000  E=-1.8694848649  remaining=1741  nfev=263
    iter 260/2000  E=-1.8695008298  remaining=1740  nfev=264
    iter 261/2000  E=-1.8695140734  remaining=1739  nfev=265
    iter 262/2000  E=-1.8695277096  remaining=1738  nfev=266
    iter 263/2000  E=-1.8695414961  remaining=1737  nfev=267
    iter 264/2000  E=-1.8695562975  remaining=1736  nfev=268
    iter 265/2000  E=-1.8695704217  remaining=1735  nfev=269
    iter 266/2000  E=-1.8695854890  remaining=1734  nfev=270
    iter 267/2000  E=-1.8696014219  remaining=1733  nfev=271
    iter 268/2000  E=-1.8696176804  remaining=1732  nfev=272
    iter 269/2000  E=-1.8696342298  remaining=1731  nfev=273
    iter 270/2000  E=-1.8696502458  remaining=1730  nfev=274
    iter 271/2000  E=-1.8696650994  remaining=1729  nfev=275
    iter 272/2000  E=-1.8696807535  remaining=1728  nfev=276
    iter 273/2000  E=-1.8696978631  remaining=1727  nfev=277
    iter 274/2000  E=-1.8697126622  remaining=1726  nfev=278
    iter 275/2000  E=-1.8697239802  remaining=1725  nfev=279
    iter 276/2000  E=-1.8697369553  remaining=1724  nfev=280
    iter 277/2000  E=-1.8697524829  remaining=1723  nfev=281
    iter 278/2000  E=-1.8697671998  remaining=1722  nfev=282
    iter 279/2000  E=-1.8697800663  remaining=1721  nfev=283
    iter 280/2000  E=-1.8697930441  remaining=1720  nfev=284
    iter 281/2000  E=-1.8698071621  remaining=1719  nfev=285
    iter 282/2000  E=-1.8698208035  remaining=1718  nfev=286
    iter 283/2000  E=-1.8698332784  remaining=1717  nfev=287
    iter 284/2000  E=-1.8698463003  remaining=1716  nfev=288
    iter 285/2000  E=-1.8698595909  remaining=1715  nfev=289
    iter 286/2000  E=-1.8698718201  remaining=1714  nfev=290
    iter 287/2000  E=-1.8698832656  remaining=1713  nfev=291
    iter 288/2000  E=-1.8698943878  remaining=1712  nfev=292
    iter 289/2000  E=-1.8699061270  remaining=1711  nfev=293
    iter 290/2000  E=-1.8699174933  remaining=1710  nfev=294
    iter 291/2000  E=-1.8699283313  remaining=1709  nfev=295
    iter 292/2000  E=-1.8699387896  remaining=1708  nfev=296
    iter 293/2000  E=-1.8699510174  remaining=1707  nfev=297
    iter 294/2000  E=-1.8699653153  remaining=1706  nfev=298
    iter 295/2000  E=-1.8699795882  remaining=1705  nfev=299
    iter 296/2000  E=-1.8699931426  remaining=1704  nfev=300
    iter 297/2000  E=-1.8700084399  remaining=1703  nfev=301
    iter 298/2000  E=-1.8700231689  remaining=1702  nfev=302
    iter 299/2000  E=-1.8700368841  remaining=1701  nfev=303
    iter 300/2000  E=-1.8700488764  remaining=1700  nfev=304
    iter 301/2000  E=-1.8700609146  remaining=1699  nfev=305
    iter 302/2000  E=-1.8700730352  remaining=1698  nfev=306
    iter 303/2000  E=-1.8700836819  remaining=1697  nfev=307
    iter 304/2000  E=-1.8700946113  remaining=1696  nfev=308
    iter 305/2000  E=-1.8701065465  remaining=1695  nfev=309
    iter 306/2000  E=-1.8701200380  remaining=1694  nfev=310
    iter 307/2000  E=-1.8701309143  remaining=1693  nfev=311
    iter 308/2000  E=-1.8701442723  remaining=1692  nfev=312
    iter 309/2000  E=-1.8701555245  remaining=1691  nfev=313
    iter 310/2000  E=-1.8701664353  remaining=1690  nfev=314
    iter 311/2000  E=-1.8701761863  remaining=1689  nfev=315
    iter 312/2000  E=-1.8701861079  remaining=1688  nfev=316
    iter 313/2000  E=-1.8701967150  remaining=1687  nfev=317
    iter 314/2000  E=-1.8702066986  remaining=1686  nfev=318
    iter 315/2000  E=-1.8702155145  remaining=1685  nfev=319
    iter 316/2000  E=-1.8702242105  remaining=1684  nfev=320
    iter 317/2000  E=-1.8702328636  remaining=1683  nfev=321
    iter 318/2000  E=-1.8702421328  remaining=1682  nfev=322
    iter 319/2000  E=-1.8702516046  remaining=1681  nfev=323
    iter 320/2000  E=-1.8702611998  remaining=1680  nfev=324
    iter 321/2000  E=-1.8702695382  remaining=1679  nfev=325
    iter 322/2000  E=-1.8702781611  remaining=1678  nfev=326
    iter 323/2000  E=-1.8702874787  remaining=1677  nfev=327
    iter 324/2000  E=-1.8702968709  remaining=1676  nfev=328
    iter 325/2000  E=-1.8703065679  remaining=1675  nfev=329
    iter 326/2000  E=-1.8703195987  remaining=1674  nfev=330
    iter 327/2000  E=-1.8703299242  remaining=1673  nfev=331
    iter 328/2000  E=-1.8703411539  remaining=1672  nfev=332
    iter 329/2000  E=-1.8703505792  remaining=1671  nfev=333
    iter 330/2000  E=-1.8703604985  remaining=1670  nfev=334
    iter 331/2000  E=-1.8703723012  remaining=1669  nfev=335
    iter 332/2000  E=-1.8703860227  remaining=1668  nfev=336
    iter 333/2000  E=-1.8703992633  remaining=1667  nfev=337
    iter 334/2000  E=-1.8704115547  remaining=1666  nfev=338
    iter 335/2000  E=-1.8704227937  remaining=1665  nfev=339
    iter 336/2000  E=-1.8704353892  remaining=1664  nfev=340
    iter 337/2000  E=-1.8704497338  remaining=1663  nfev=341
    iter 338/2000  E=-1.8704635514  remaining=1662  nfev=342
    iter 339/2000  E=-1.8704762934  remaining=1661  nfev=343
    iter 340/2000  E=-1.8704889422  remaining=1660  nfev=344
    iter 341/2000  E=-1.8705002130  remaining=1659  nfev=345
    iter 342/2000  E=-1.8705108808  remaining=1658  nfev=346
    iter 343/2000  E=-1.8705206610  remaining=1657  nfev=347
    iter 344/2000  E=-1.8705307258  remaining=1656  nfev=348
    iter 345/2000  E=-1.8705405453  remaining=1655  nfev=349
    iter 346/2000  E=-1.8705506992  remaining=1654  nfev=350
    iter 347/2000  E=-1.8705608021  remaining=1653  nfev=351
    iter 348/2000  E=-1.8705710266  remaining=1652  nfev=352
    iter 349/2000  E=-1.8705814867  remaining=1651  nfev=353
    iter 350/2000  E=-1.8705912578  remaining=1650  nfev=354
    iter 351/2000  E=-1.8706004773  remaining=1649  nfev=355
    iter 352/2000  E=-1.8706095865  remaining=1648  nfev=356
    iter 353/2000  E=-1.8706177973  remaining=1647  nfev=357
    iter 354/2000  E=-1.8706253124  remaining=1646  nfev=358
    iter 355/2000  E=-1.8706326032  remaining=1645  nfev=359
    iter 356/2000  E=-1.8706405445  remaining=1644  nfev=360
    iter 357/2000  E=-1.8706483106  remaining=1643  nfev=361
    iter 358/2000  E=-1.8706564196  remaining=1642  nfev=362
    iter 359/2000  E=-1.8706637979  remaining=1641  nfev=363
    iter 360/2000  E=-1.8706720994  remaining=1640  nfev=364
    iter 361/2000  E=-1.8706797936  remaining=1639  nfev=365
    iter 362/2000  E=-1.8706880409  remaining=1638  nfev=366
    iter 363/2000  E=-1.8706965190  remaining=1637  nfev=367
    iter 364/2000  E=-1.8707048417  remaining=1636  nfev=368
    iter 365/2000  E=-1.8707133526  remaining=1635  nfev=369
    iter 366/2000  E=-1.8707217605  remaining=1634  nfev=370
    iter 367/2000  E=-1.8707306139  remaining=1633  nfev=371
    iter 368/2000  E=-1.8707406919  remaining=1632  nfev=372
    iter 369/2000  E=-1.8707508616  remaining=1631  nfev=373
    iter 370/2000  E=-1.8707599487  remaining=1630  nfev=374
    iter 371/2000  E=-1.8707696609  remaining=1629  nfev=375
    iter 372/2000  E=-1.8707795181  remaining=1628  nfev=376
    iter 373/2000  E=-1.8707886832  remaining=1627  nfev=377
    iter 374/2000  E=-1.8707970873  remaining=1626  nfev=378
    iter 375/2000  E=-1.8708052318  remaining=1625  nfev=379
    iter 376/2000  E=-1.8708132306  remaining=1624  nfev=380
    iter 377/2000  E=-1.8708219519  remaining=1623  nfev=381
    iter 378/2000  E=-1.8708306519  remaining=1622  nfev=382
    iter 379/2000  E=-1.8708378653  remaining=1621  nfev=383
    iter 380/2000  E=-1.8708451332  remaining=1620  nfev=384
    iter 381/2000  E=-1.8708530997  remaining=1619  nfev=385
    iter 382/2000  E=-1.8708621208  remaining=1618  nfev=386
    iter 383/2000  E=-1.8708712174  remaining=1617  nfev=387
    iter 384/2000  E=-1.8708790313  remaining=1616  nfev=388
    iter 385/2000  E=-1.8708869779  remaining=1615  nfev=389
    iter 386/2000  E=-1.8708963353  remaining=1614  nfev=390
    iter 387/2000  E=-1.8709046269  remaining=1613  nfev=391
    iter 388/2000  E=-1.8709120826  remaining=1612  nfev=392
    iter 389/2000  E=-1.8709190686  remaining=1611  nfev=393
    iter 390/2000  E=-1.8709267787  remaining=1610  nfev=394
    iter 391/2000  E=-1.8709344635  remaining=1609  nfev=395
    iter 392/2000  E=-1.8709412976  remaining=1608  nfev=396
    iter 393/2000  E=-1.8709479177  remaining=1607  nfev=397
    iter 394/2000  E=-1.8709545906  remaining=1606  nfev=398
    iter 395/2000  E=-1.8709612200  remaining=1605  nfev=399
    iter 396/2000  E=-1.8709679482  remaining=1604  nfev=400
    iter 397/2000  E=-1.8709741067  remaining=1603  nfev=401
    iter 398/2000  E=-1.8709795726  remaining=1602  nfev=402
    iter 399/2000  E=-1.8709850647  remaining=1601  nfev=403
    iter 400/2000  E=-1.8709913663  remaining=1600  nfev=404
    iter 401/2000  E=-1.8709972102  remaining=1599  nfev=405
    iter 402/2000  E=-1.8710033172  remaining=1598  nfev=406
    iter 403/2000  E=-1.8710095661  remaining=1597  nfev=407
    iter 404/2000  E=-1.8710157849  remaining=1596  nfev=408
    iter 405/2000  E=-1.8710217419  remaining=1595  nfev=409
    iter 406/2000  E=-1.8710276442  remaining=1594  nfev=410
    iter 407/2000  E=-1.8710335228  remaining=1593  nfev=411
    iter 408/2000  E=-1.8710394673  remaining=1592  nfev=412
    iter 409/2000  E=-1.8710459279  remaining=1591  nfev=413
    iter 410/2000  E=-1.8710525815  remaining=1590  nfev=414
    iter 411/2000  E=-1.8710590211  remaining=1589  nfev=415
    iter 412/2000  E=-1.8710664646  remaining=1588  nfev=416
    iter 413/2000  E=-1.8710750085  remaining=1587  nfev=417
    iter 414/2000  E=-1.8710822117  remaining=1586  nfev=418
    iter 415/2000  E=-1.8710888909  remaining=1585  nfev=419
    iter 416/2000  E=-1.8710953212  remaining=1584  nfev=420
    iter 417/2000  E=-1.8711034104  remaining=1583  nfev=421
    iter 418/2000  E=-1.8711133086  remaining=1582  nfev=422
    iter 419/2000  E=-1.8711228406  remaining=1581  nfev=423
    iter 420/2000  E=-1.8711306522  remaining=1580  nfev=424
    iter 421/2000  E=-1.8711400168  remaining=1579  nfev=425
    iter 422/2000  E=-1.8711508429  remaining=1578  nfev=426
    iter 423/2000  E=-1.8711611743  remaining=1577  nfev=427
    iter 424/2000  E=-1.8711694366  remaining=1576  nfev=428
    iter 425/2000  E=-1.8711762420  remaining=1575  nfev=429
    iter 426/2000  E=-1.8711842968  remaining=1574  nfev=430
    iter 427/2000  E=-1.8711937002  remaining=1573  nfev=431
    iter 428/2000  E=-1.8712026375  remaining=1572  nfev=432
    iter 429/2000  E=-1.8712116934  remaining=1571  nfev=433
    iter 430/2000  E=-1.8712204222  remaining=1570  nfev=434
    iter 431/2000  E=-1.8712294717  remaining=1569  nfev=435
    iter 432/2000  E=-1.8712391874  remaining=1568  nfev=436
    iter 433/2000  E=-1.8712492604  remaining=1567  nfev=437
    iter 434/2000  E=-1.8712598192  remaining=1566  nfev=438
    iter 435/2000  E=-1.8712701463  remaining=1565  nfev=439
    iter 436/2000  E=-1.8712802046  remaining=1564  nfev=440
    iter 437/2000  E=-1.8712897112  remaining=1563  nfev=441
    iter 438/2000  E=-1.8712963428  remaining=1562  nfev=442
    iter 439/2000  E=-1.8713048080  remaining=1561  nfev=443
    iter 440/2000  E=-1.8713138155  remaining=1560  nfev=444
    iter 441/2000  E=-1.8713247383  remaining=1559  nfev=445
    iter 442/2000  E=-1.8713331441  remaining=1558  nfev=446
    iter 443/2000  E=-1.8713414888  remaining=1557  nfev=447
    iter 444/2000  E=-1.8713495278  remaining=1556  nfev=448
    iter 445/2000  E=-1.8713579894  remaining=1555  nfev=449
    iter 446/2000  E=-1.8713668249  remaining=1554  nfev=450
    iter 447/2000  E=-1.8713762216  remaining=1553  nfev=451
    iter 448/2000  E=-1.8713849525  remaining=1552  nfev=452
    iter 449/2000  E=-1.8713935681  remaining=1551  nfev=453
    iter 450/2000  E=-1.8714022052  remaining=1550  nfev=454
    iter 451/2000  E=-1.8714104636  remaining=1549  nfev=455
    iter 452/2000  E=-1.8714178795  remaining=1548  nfev=456
    iter 453/2000  E=-1.8714243940  remaining=1547  nfev=457
    iter 454/2000  E=-1.8714320766  remaining=1546  nfev=458
    iter 455/2000  E=-1.8714412937  remaining=1545  nfev=459
    iter 456/2000  E=-1.8714500112  remaining=1544  nfev=460
    iter 457/2000  E=-1.8714578847  remaining=1543  nfev=461
    iter 458/2000  E=-1.8714660688  remaining=1542  nfev=462
    iter 459/2000  E=-1.8714746221  remaining=1541  nfev=463
    iter 460/2000  E=-1.8714834707  remaining=1540  nfev=464
    iter 461/2000  E=-1.8714916275  remaining=1539  nfev=465
    iter 462/2000  E=-1.8715005815  remaining=1538  nfev=466
    iter 463/2000  E=-1.8715093933  remaining=1537  nfev=467
    iter 464/2000  E=-1.8715177421  remaining=1536  nfev=468
    iter 465/2000  E=-1.8715260322  remaining=1535  nfev=469
    iter 466/2000  E=-1.8715324500  remaining=1534  nfev=470
    iter 467/2000  E=-1.8715410326  remaining=1533  nfev=471
    iter 468/2000  E=-1.8715497014  remaining=1532  nfev=472
    iter 469/2000  E=-1.8715568061  remaining=1531  nfev=473
    iter 470/2000  E=-1.8715641776  remaining=1530  nfev=474
    iter 471/2000  E=-1.8715733102  remaining=1529  nfev=475
    iter 472/2000  E=-1.8715827513  remaining=1528  nfev=476
    iter 473/2000  E=-1.8715906191  remaining=1527  nfev=477
    iter 474/2000  E=-1.8715982200  remaining=1526  nfev=478
    iter 475/2000  E=-1.8716060958  remaining=1525  nfev=479
    iter 476/2000  E=-1.8716144309  remaining=1524  nfev=480
    iter 477/2000  E=-1.8716223636  remaining=1523  nfev=481
    iter 478/2000  E=-1.8716303808  remaining=1522  nfev=482
    iter 479/2000  E=-1.8716377415  remaining=1521  nfev=483
    iter 480/2000  E=-1.8716456265  remaining=1520  nfev=484
    iter 481/2000  E=-1.8716524896  remaining=1519  nfev=485
    iter 482/2000  E=-1.8716596416  remaining=1518  nfev=486
    iter 483/2000  E=-1.8716666846  remaining=1517  nfev=487
    iter 484/2000  E=-1.8716730348  remaining=1516  nfev=488
    iter 485/2000  E=-1.8716796743  remaining=1515  nfev=489
    iter 486/2000  E=-1.8716856864  remaining=1514  nfev=490
    iter 487/2000  E=-1.8716914474  remaining=1513  nfev=491
    iter 488/2000  E=-1.8716974278  remaining=1512  nfev=492
    iter 489/2000  E=-1.8717031180  remaining=1511  nfev=493
    iter 490/2000  E=-1.8717088837  remaining=1510  nfev=494
    iter 491/2000  E=-1.8717148312  remaining=1509  nfev=495
    iter 492/2000  E=-1.8717197256  remaining=1508  nfev=496
    iter 493/2000  E=-1.8717251284  remaining=1507  nfev=497
    iter 494/2000  E=-1.8717305240  remaining=1506  nfev=498
    iter 495/2000  E=-1.8717357280  remaining=1505  nfev=499
    iter 496/2000  E=-1.8717401298  remaining=1504  nfev=500
    iter 497/2000  E=-1.8717443671  remaining=1503  nfev=501
    iter 498/2000  E=-1.8717491229  remaining=1502  nfev=502
    iter 499/2000  E=-1.8717543023  remaining=1501  nfev=503
    iter 500/2000  E=-1.8717593968  remaining=1500  nfev=504
    iter 501/2000  E=-1.8717645208  remaining=1499  nfev=505
    iter 502/2000  E=-1.8717695006  remaining=1498  nfev=506
    iter 503/2000  E=-1.8717744301  remaining=1497  nfev=507
    iter 504/2000  E=-1.8717796188  remaining=1496  nfev=508
    iter 505/2000  E=-1.8717848683  remaining=1495  nfev=509
    iter 506/2000  E=-1.8717900547  remaining=1494  nfev=510
    iter 507/2000  E=-1.8717957649  remaining=1493  nfev=511
    iter 508/2000  E=-1.8718010965  remaining=1492  nfev=512
    iter 509/2000  E=-1.8718063652  remaining=1491  nfev=513
    iter 510/2000  E=-1.8718113823  remaining=1490  nfev=514
    iter 511/2000  E=-1.8718166394  remaining=1489  nfev=515
    iter 512/2000  E=-1.8718216973  remaining=1488  nfev=516
    iter 513/2000  E=-1.8718271341  remaining=1487  nfev=517
    iter 514/2000  E=-1.8718322457  remaining=1486  nfev=518
    iter 515/2000  E=-1.8718369076  remaining=1485  nfev=519
    iter 516/2000  E=-1.8718413559  remaining=1484  nfev=520
    iter 517/2000  E=-1.8718464651  remaining=1483  nfev=521
    iter 518/2000  E=-1.8718522068  remaining=1482  nfev=522
    iter 519/2000  E=-1.8718582270  remaining=1481  nfev=523
    iter 520/2000  E=-1.8718642455  remaining=1480  nfev=524
    iter 521/2000  E=-1.8718700607  remaining=1479  nfev=525
    iter 522/2000  E=-1.8718754117  remaining=1478  nfev=526
    iter 523/2000  E=-1.8718803746  remaining=1477  nfev=527
    iter 524/2000  E=-1.8718848836  remaining=1476  nfev=528
    iter 525/2000  E=-1.8718904236  remaining=1475  nfev=529
    iter 526/2000  E=-1.8718957034  remaining=1474  nfev=530
    iter 527/2000  E=-1.8718998352  remaining=1473  nfev=531
    iter 528/2000  E=-1.8719037791  remaining=1472  nfev=532
    iter 529/2000  E=-1.8719090457  remaining=1471  nfev=533
    iter 530/2000  E=-1.8719137898  remaining=1470  nfev=534
    iter 531/2000  E=-1.8719179845  remaining=1469  nfev=535
    iter 532/2000  E=-1.8719218246  remaining=1468  nfev=536
    iter 533/2000  E=-1.8719257945  remaining=1467  nfev=537
    iter 534/2000  E=-1.8719300398  remaining=1466  nfev=538
    iter 535/2000  E=-1.8719343113  remaining=1465  nfev=539
    iter 536/2000  E=-1.8719383594  remaining=1464  nfev=540
    iter 537/2000  E=-1.8719420423  remaining=1463  nfev=541
    iter 538/2000  E=-1.8719458565  remaining=1462  nfev=542
    iter 539/2000  E=-1.8719497045  remaining=1461  nfev=543
    iter 540/2000  E=-1.8719534861  remaining=1460  nfev=544
    iter 541/2000  E=-1.8719564849  remaining=1459  nfev=545
    iter 542/2000  E=-1.8719599231  remaining=1458  nfev=546
    iter 543/2000  E=-1.8719633931  remaining=1457  nfev=547
    iter 544/2000  E=-1.8719665223  remaining=1456  nfev=548
    iter 545/2000  E=-1.8719696071  remaining=1455  nfev=549
    iter 546/2000  E=-1.8719728323  remaining=1454  nfev=550
    iter 547/2000  E=-1.8719760903  remaining=1453  nfev=551
    iter 548/2000  E=-1.8719792822  remaining=1452  nfev=552
    iter 549/2000  E=-1.8719825033  remaining=1451  nfev=553
    iter 550/2000  E=-1.8719857001  remaining=1450  nfev=554
    iter 551/2000  E=-1.8719887490  remaining=1449  nfev=555
    iter 552/2000  E=-1.8719916189  remaining=1448  nfev=556
    iter 553/2000  E=-1.8719951058  remaining=1447  nfev=557
    iter 554/2000  E=-1.8719980666  remaining=1446  nfev=558
    iter 555/2000  E=-1.8720009160  remaining=1445  nfev=559
    iter 556/2000  E=-1.8720036380  remaining=1444  nfev=560
    iter 557/2000  E=-1.8720064685  remaining=1443  nfev=561
    iter 558/2000  E=-1.8720095066  remaining=1442  nfev=562
    iter 559/2000  E=-1.8720121771  remaining=1441  nfev=563
    iter 560/2000  E=-1.8720145403  remaining=1440  nfev=564
    iter 561/2000  E=-1.8720167546  remaining=1439  nfev=565
    iter 562/2000  E=-1.8720190878  remaining=1438  nfev=566
    iter 563/2000  E=-1.8720214259  remaining=1437  nfev=567
    iter 564/2000  E=-1.8720238903  remaining=1436  nfev=568
    iter 565/2000  E=-1.8720266964  remaining=1435  nfev=569
    iter 566/2000  E=-1.8720293411  remaining=1434  nfev=570
    iter 567/2000  E=-1.8720314838  remaining=1433  nfev=571
    iter 568/2000  E=-1.8720337422  remaining=1432  nfev=572
    iter 569/2000  E=-1.8720363047  remaining=1431  nfev=573
    iter 570/2000  E=-1.8720388826  remaining=1430  nfev=574
    iter 571/2000  E=-1.8720414925  remaining=1429  nfev=575
    iter 572/2000  E=-1.8720438962  remaining=1428  nfev=576
    iter 573/2000  E=-1.8720463020  remaining=1427  nfev=577
    iter 574/2000  E=-1.8720489114  remaining=1426  nfev=578
    iter 575/2000  E=-1.8720515135  remaining=1425  nfev=579
    iter 576/2000  E=-1.8720538206  remaining=1424  nfev=580
    iter 577/2000  E=-1.8720560386  remaining=1423  nfev=581
    iter 578/2000  E=-1.8720586275  remaining=1422  nfev=582
    iter 579/2000  E=-1.8720615687  remaining=1421  nfev=583
    iter 580/2000  E=-1.8720637931  remaining=1420  nfev=584
    iter 581/2000  E=-1.8720660818  remaining=1419  nfev=585
    iter 582/2000  E=-1.8720681915  remaining=1418  nfev=586
    iter 583/2000  E=-1.8720701722  remaining=1417  nfev=587
    iter 584/2000  E=-1.8720720286  remaining=1416  nfev=588
    iter 585/2000  E=-1.8720738614  remaining=1415  nfev=589
    iter 586/2000  E=-1.8720757373  remaining=1414  nfev=590
    iter 587/2000  E=-1.8720776540  remaining=1413  nfev=591
    iter 588/2000  E=-1.8720794751  remaining=1412  nfev=592
    iter 589/2000  E=-1.8720813613  remaining=1411  nfev=593
    iter 590/2000  E=-1.8720833756  remaining=1410  nfev=594
    iter 591/2000  E=-1.8720855288  remaining=1409  nfev=595
    iter 592/2000  E=-1.8720875721  remaining=1408  nfev=596
    iter 593/2000  E=-1.8720898608  remaining=1407  nfev=597
    iter 594/2000  E=-1.8720918043  remaining=1406  nfev=598
    iter 595/2000  E=-1.8720935049  remaining=1405  nfev=599
    iter 596/2000  E=-1.8720952674  remaining=1404  nfev=600
    iter 597/2000  E=-1.8720971896  remaining=1403  nfev=601
    iter 598/2000  E=-1.8720991438  remaining=1402  nfev=602
    iter 599/2000  E=-1.8721009783  remaining=1401  nfev=603
    iter 600/2000  E=-1.8721028158  remaining=1400  nfev=604
    iter 601/2000  E=-1.8721046344  remaining=1399  nfev=605
    iter 602/2000  E=-1.8721064137  remaining=1398  nfev=606
    iter 603/2000  E=-1.8721079969  remaining=1397  nfev=607
    iter 604/2000  E=-1.8721095220  remaining=1396  nfev=608
    iter 605/2000  E=-1.8721110863  remaining=1395  nfev=609
    iter 606/2000  E=-1.8721127512  remaining=1394  nfev=610
    iter 607/2000  E=-1.8721144221  remaining=1393  nfev=611
    iter 608/2000  E=-1.8721163759  remaining=1392  nfev=612
    iter 609/2000  E=-1.8721182978  remaining=1391  nfev=613
    iter 610/2000  E=-1.8721198664  remaining=1390  nfev=614
    iter 611/2000  E=-1.8721215462  remaining=1389  nfev=615
    iter 612/2000  E=-1.8721234279  remaining=1388  nfev=616
    iter 613/2000  E=-1.8721253312  remaining=1387  nfev=617
    iter 614/2000  E=-1.8721270463  remaining=1386  nfev=618
    iter 615/2000  E=-1.8721284111  remaining=1385  nfev=619
    iter 616/2000  E=-1.8721296396  remaining=1384  nfev=620
    iter 617/2000  E=-1.8721309280  remaining=1383  nfev=621
    iter 618/2000  E=-1.8721325908  remaining=1382  nfev=622
    iter 619/2000  E=-1.8721340395  remaining=1381  nfev=623
    iter 620/2000  E=-1.8721354628  remaining=1380  nfev=624
    iter 621/2000  E=-1.8721366510  remaining=1379  nfev=625
    iter 622/2000  E=-1.8721378222  remaining=1378  nfev=626
    iter 623/2000  E=-1.8721390716  remaining=1377  nfev=627
    iter 624/2000  E=-1.8721403877  remaining=1376  nfev=628
    iter 625/2000  E=-1.8721416343  remaining=1375  nfev=629
    iter 626/2000  E=-1.8721428251  remaining=1374  nfev=630
    iter 627/2000  E=-1.8721439393  remaining=1373  nfev=631
    iter 628/2000  E=-1.8721450523  remaining=1372  nfev=632
    iter 629/2000  E=-1.8721463739  remaining=1371  nfev=633
    iter 630/2000  E=-1.8721477651  remaining=1370  nfev=634
